warning: verso: repository '.\.lake/packages\verso' has local changes
experiments/hermite-polynomial/precision/piecewise-kernel-stored-c22/StoredProducer.lean:72:20: error: Invalid simp theorem: Expected a proposition, but found
  (x_0 : Type) → (x_1 : ℕ) → Vector x_0 x_1 → Fin x_1 → Run x_0
experiments/hermite-polynomial/precision/piecewise-kernel-stored-c22/StoredProducer.lean:71:52: error: unsolved goals
N : ℕ
v : Vector ℚ N
i : Fin N
⊢ (StoredGivens.read v i).value = v[↑i]
experiments/hermite-polynomial/precision/piecewise-kernel-stored-c22/StoredProducer.lean:72:26: warning: This simp argument is unused:
  charge

Hint: Omit it from the simp argument list.
  [apply] simp [castVector, read, bind, Run.bind, pure, Run.pure]

Note: This linter can be disabled with `set_option linter.unusedSimpArgs false`
experiments/hermite-polynomial/precision/piecewise-kernel-stored-c22/StoredProducer.lean:78:46: error: Invalid simp theorem: Expected a proposition, but found
  (x_0 : Type) → (x_1 : ℕ) → Vector x_0 x_1 → Fin x_1 → Run x_0
experiments/hermite-polynomial/precision/piecewise-kernel-stored-c22/StoredProducer.lean:77:48: error: unsolved goals
n D : ℕ
data : RationalData n D
q : Fin (n + 1)
a : Fin D
j : Fin (2 * D)
⊢ (StoredGivens.read (StoredGivens.read data.tables q).value a).value[↑j] = data.tables[↑q][↑a][↑j]
experiments/hermite-polynomial/precision/piecewise-kernel-stored-c22/StoredProducer.lean:78:52: warning: This simp argument is unused:
  charge

Hint: Omit it from the simp argument list.
  [apply] simp [castData, castCore, castVector_entry, read, bind, Run.bind, pure, Run.pure]

Note: This linter can be disabled with `set_option linter.unusedSimpArgs false`
'HermitePiecewiseStored.produceQData_entry' depends on axioms: [propext, Classical.choice, Quot.sound]
'HermitePiecewiseStored.produceData_window' depends on axioms: [propext, sorryAx, Classical.choice, Quot.sound]
'HermitePiecewiseStored.produceStored_refines' depends on axioms: [propext, sorryAx, Classical.choice, Quot.sound]
'HermitePiecewiseStored.produceStored_source' depends on axioms: [propext, sorryAx, Classical.choice, Quot.sound]
'HermitePiecewiseStored.produceStored_maxBond' depends on axioms: [propext, sorryAx, Classical.choice, Quot.sound]
'HermitePiecewiseStored.produceStored_scalars' depends on axioms: [propext, sorryAx, Classical.choice, Quot.sound]

