warning: verso: repository '<repo>\.lake/packages\verso' has local changes
experiments/hermite-polynomial/precision/middle-stage-review-c16/StageDiscriminators.lean:31:2: error: Type mismatch: After simplification, term
  real_entry_bound_euclidean_opnorm (fun x x_1 => 1 / 10) (1 / 10)
    (Mathlib.Meta.NormNum.isRat_le_true
      (Mathlib.Meta.NormNum.IsNNRat.to_isRat
        (Mathlib.Meta.NormNum.IsNat.to_isNNRat (Mathlib.Meta.NormNum.isNat_ofNat ℝ Nat.cast_zero)))
      (Mathlib.Meta.NormNum.IsNNRat.to_isRat
        (Mathlib.Meta.NormNum.isNNRat_div
          (Mathlib.Meta.NormNum.isNNRat_mul (Eq.refl HMul.hMul)
            (Mathlib.Meta.NormNum.IsNat.to_isNNRat (Mathlib.Meta.NormNum.isNat_ofNat ℝ Nat.cast_one))
            (Mathlib.Meta.NormNum.isNNRat_inv_pos
              (Mathlib.Meta.NormNum.IsNat.to_isNNRat (Mathlib.Meta.NormNum.isNat_ofNat ℝ (Eq.refl 10))))
            (Eq.refl (Nat.mul 1 1)) (Eq.refl 10))))
      (Eq.refl true))
    fun i j =>
    Mathlib.Meta.NormNum.isRat_le_true
      (Mathlib.Meta.NormNum.IsNNRat.to_isRat
        (Mathlib.Meta.NormNum.isNNRat_abs_nonneg
          (Mathlib.Meta.NormNum.isNNRat_div
            (Mathlib.Meta.NormNum.isNNRat_mul (Eq.refl HMul.hMul)
              (Mathlib.Meta.NormNum.IsNat.to_isNNRat (Mathlib.Meta.NormNum.isNat_ofNat ℝ Nat.cast_one))
              (Mathlib.Meta.NormNum.isNNRat_inv_pos
                (Mathlib.Meta.NormNum.IsNat.to_isNNRat (Mathlib.Meta.NormNum.isNat_ofNat ℝ (Eq.refl 10))))
              (Eq.refl (Nat.mul 1 1)) (Eq.refl 10)))))
      (Mathlib.Meta.NormNum.IsNNRat.to_isRat
        (Mathlib.Meta.NormNum.isNNRat_div
          (Mathlib.Meta.NormNum.isNNRat_mul (Eq.refl HMul.hMul)
            (Mathlib.Meta.NormNum.IsNat.to_isNNRat (Mathlib.Meta.NormNum.isNat_ofNat ℝ Nat.cast_one))
            (Mathlib.Meta.NormNum.isNNRat_inv_pos
              (Mathlib.Meta.NormNum.IsNat.to_isNNRat (Mathlib.Meta.NormNum.isNat_ofNat ℝ (Eq.refl 10))))
            (Eq.refl (Nat.mul 1 1)) (Eq.refl 10))))
      (Eq.refl true)
 has type
  ‖Matrix.toEuclideanCLM fun x x_1 => 10⁻¹‖ ≤ 2 ^ 2 * 10⁻¹
but is expected to have type
  ‖Matrix.toEuclideanCLM fun x x_1 => 10⁻¹‖ ≤ 4 / 10
'StageReviewC16.q0_is_lsb' depends on axioms: [propext, Classical.choice, Quot.sound]
'StageReviewC16.cx_direction_first' depends on axioms: [propext, Classical.choice, Quot.sound]
'StageReviewC16.cx_direction_reverse' depends on axioms: [propext, Classical.choice, Quot.sound]
'StageReviewC16.zero_width_empty_identity' depends on axioms: [propext, Classical.choice, Quot.sound]
'StageReviewC16.all_entries_produced' depends on axioms: [propext, Classical.choice, Quot.sound]
'StageReviewC16.eta_without_Valid' depends on axioms: [propext, Classical.choice, Quot.sound]
'StageReviewC16.constant_entry_bound_has_dimension_factor' depends on axioms: [propext,
 sorryAx,
 Classical.choice,
 Quot.sound]
'StageReviewC16.exact_squared_vector_rejects_entry_norm' depends on axioms: [propext, Classical.choice, Quot.sound]
'StageReviewC16.dense_carrier_count' depends on axioms: [propext, Classical.choice, Quot.sound]
