test_actual_allocated_radius_and_source_delta (test_producer.ProducerTests.test_actual_allocated_radius_and_source_delta) ... PASS actual allocation k0,width=1,L=1/5,epsilon=1,delta=1/8,T=3,d=43,D=828
PASS actual allocation k0,width=3,L=4,epsilon=64,delta=2,T=0,d=1,D=72
ok
test_all_words_actual_source (test_producer.ProducerTests.test_all_words_actual_source) ... PASS exact full grid k=0,width=1,R=1,delta=2,T=0,d=1,D=72,cuts=(0, 2, 2, 1),nonzero_entries=171
PASS exact full grid k=1,width=3,R=2,delta=2,T=0,d=1,D=90,cuts=(2, 5, 5, 4),nonzero_entries=756
PASS exact full grid k=1,width=3,R=2,delta=1/2,T=1,d=7,D=198,cuts=(2, 5, 3, 6),nonzero_entries=2862
PASS exact full grid k=0,width=3,R=3,delta=1/4,T=2,d=21,D=432,cuts=(3, 5, 2, 7),nonzero_entries=15093
PASS exact full grid k=2,width=2,R=2/3,delta=2,T=0,d=1,D=108,cuts=(0, 3, 3, 2),nonzero_entries=738
ok
test_large_width_nondense_generation (test_producer.ProducerTests.test_large_width_nondense_generation) ... PASS width64,D=90,stored_nonzero=16128,charged={'read': 21810, 'integer': 71544, 'field': 50034, 'write': 34303, 'compare': 44046}
ok
test_same_returned_stored_chain (test_producer.ProducerTests.test_same_returned_stored_chain) ... PASS same stored returned chain,width=1,D=90,chain_scalars=2,charged={'read': 82727, 'integer': 1173, 'field': 33843, 'write': 34042, 'compare': 954}
PASS same stored returned chain,width=3,D=90,chain_scalars=16560,charged={'read': 196983, 'integer': 3407, 'field': 67437, 'write': 100626, 'compare': 2322}
ok
test_saved_stored_object_replay (test_producer.ProducerTests.test_saved_stored_object_replay) ... PASS independently loaded saved stored chain exact signed source on all8 words
ok
test_threshold_zero_and_N_endpoints (test_producer.ProducerTests.test_threshold_zero_and_N_endpoints) ... ok

----------------------------------------------------------------------
Ran 6 tests in 1.971s

OK
