warning: verso: repository '<repo>\.lake/packages\verso' has local changes
⚠ [3017/3273] Replayed QuantumBlockEncoding.Robin.ComplexLCU
warning: QuantumBlockEncoding/Robin/ComplexLCU.lean:118:22: `Matrix.reindexAlgEquiv_mul` has been deprecated: Use `map_mul` instead

Note: The updated constant has a different type:
  ∀ {M : Type u_4} {N : Type u_5} {F : Type u_9} [inst : Mul M] [inst_1 : Mul N] [inst_2 : FunLike F M N]
    [MulHomClass F M N] (f : F) (x y : M), f (x * y) = f x * f y
instead of
  ∀ {m : Type u_2} {n : Type u_3} (R : Type u_11) (A : Type u_12) [inst : CommSemiring R] [inst_1 : Fintype n]
    [inst_2 : Fintype m] [inst_3 : DecidableEq m] [inst_4 : DecidableEq n] [inst_5 : Semiring A] [inst_6 : Algebra R A]
    (e : m ≃ n) (M N : _root_.Matrix m m A),
    (Matrix.reindexAlgEquiv R A e) (M * N) = (Matrix.reindexAlgEquiv R A e) M * (Matrix.reindexAlgEquiv R A e) N

Note: The updated constant is in a different namespace. Dot notation may need to be changed (e.g., from `x.reindexAlgEquiv_mul` to `map_mul x`).
warning: QuantumBlockEncoding/Robin/ComplexLCU.lean:218:10: This simp argument is unused:
  hit

Hint: Omit it from the simp argument list.
  [apply] simp [forward]

Note: This linter can be disabled with `set_option linter.unusedSimpArgs false`
warning: QuantumBlockEncoding/Robin/ComplexLCU.lean:244:13: `Matrix.reindexAlgEquiv_apply` has been deprecated: Use `Matrix.coe_reindexAlgEquiv` instead

Note: The updated constant has a different type:
  ∀ {m : Type u_2} {n : Type u_3} (R : Type u_11) (A : Type u_12) [inst : CommSemiring R] [inst_1 : Fintype n]
    [inst_2 : Fintype m] [inst_3 : DecidableEq m] [inst_4 : DecidableEq n] [inst_5 : Semiring A] [inst_6 : Algebra R A]
    (e : m ≃ n), ⇑(Matrix.reindexAlgEquiv R A e) = ⇑(Matrix.reindex e e)
instead of
  ∀ {m : Type u_2} {n : Type u_3} (R : Type u_11) (A : Type u_12) [inst : CommSemiring R] [inst_1 : Fintype n]
    [inst_2 : Fintype m] [inst_3 : DecidableEq m] [inst_4 : DecidableEq n] [inst_5 : Semiring A] [inst_6 : Algebra R A]
    (e : m ≃ n) (M : _root_.Matrix m m A), (Matrix.reindexAlgEquiv R A e) M = (Matrix.reindex e e) M
⚠ [3020/3273] Replayed QuantumBlockEncoding.GHL2025
warning: QuantumBlockEncoding/GHL2025.lean:5579:0: Definition `bandedSparseAccessPostSwapCleanup_of_preimage` is a proposition; use `theorem` instead of `def`

Note: This linter can be disabled with `set_option linter.defProp false`
⚠ [3030/3273] Replayed QuantumBlockEncoding.PrimitiveSemantics
warning: QuantumBlockEncoding/PrimitiveSemantics.lean:216:36: `Matrix.reindexAlgEquiv_apply` has been deprecated: Use `Matrix.coe_reindexAlgEquiv` instead

Note: The updated constant has a different type:
  ∀ {m : Type u_2} {n : Type u_3} (R : Type u_11) (A : Type u_12) [inst : CommSemiring R] [inst_1 : Fintype n]
    [inst_2 : Fintype m] [inst_3 : DecidableEq m] [inst_4 : DecidableEq n] [inst_5 : Semiring A] [inst_6 : Algebra R A]
    (e : m ≃ n), ⇑(Matrix.reindexAlgEquiv R A e) = ⇑(Matrix.reindex e e)
instead of
  ∀ {m : Type u_2} {n : Type u_3} (R : Type u_11) (A : Type u_12) [inst : CommSemiring R] [inst_1 : Fintype n]
    [inst_2 : Fintype m] [inst_3 : DecidableEq m] [inst_4 : DecidableEq n] [inst_5 : Semiring A] [inst_6 : Algebra R A]
    (e : m ≃ n) (M : _root_.Matrix m m A), (Matrix.reindexAlgEquiv R A e) M = (Matrix.reindex e e) M
warning: QuantumBlockEncoding/PrimitiveSemantics.lean:223:10: This simp argument is unused:
  contextsEqual

Hint: Omit it from the simp argument list.
  [apply] simp [splitPrimitiveWire]

Note: This linter can be disabled with `set_option linter.unusedSimpArgs false`
warning: QuantumBlockEncoding/PrimitiveSemantics.lean:224:10: This simp argument is unused:
  contextsEqual

Hint: Omit it from the simp argument list.
  [apply] simp [splitPrimitiveWire]

Note: This linter can be disabled with `set_option linter.unusedSimpArgs false`
warning: QuantumBlockEncoding/PrimitiveSemantics.lean:317:36: `Matrix.reindexAlgEquiv_apply` has been deprecated: Use `Matrix.coe_reindexAlgEquiv` instead

Note: The updated constant has a different type:
  ∀ {m : Type u_2} {n : Type u_3} (R : Type u_11) (A : Type u_12) [inst : CommSemiring R] [inst_1 : Fintype n]
    [inst_2 : Fintype m] [inst_3 : DecidableEq m] [inst_4 : DecidableEq n] [inst_5 : Semiring A] [inst_6 : Algebra R A]
    (e : m ≃ n), ⇑(Matrix.reindexAlgEquiv R A e) = ⇑(Matrix.reindex e e)
instead of
  ∀ {m : Type u_2} {n : Type u_3} (R : Type u_11) (A : Type u_12) [inst : CommSemiring R] [inst_1 : Fintype n]
    [inst_2 : Fintype m] [inst_3 : DecidableEq m] [inst_4 : DecidableEq n] [inst_5 : Semiring A] [inst_6 : Algebra R A]
    (e : m ≃ n) (M : _root_.Matrix m m A), (Matrix.reindexAlgEquiv R A e) M = (Matrix.reindex e e) M
⚠ [3033/3273] Replayed QuantumBlockEncoding.PrimitiveMacros
warning: QuantumBlockEncoding/PrimitiveMacros.lean:34:6: This simp argument is unused:
  Fin.sum_univ_two

Hint: Omit it from the simp argument list.
  [apply] simp [hadamardMatrix, standardRyMatrix, standardRzMatrix, realRotation, realOrthogonalRotation,
    _root_.Matrix.mul_apply, half, Real.cos_pi_div_four, Real.sin_pi_div_four, Real.cos_pi_div_two, Real.sin_pi_div_two]

Note: This linter can be disabled with `set_option linter.unusedSimpArgs false`
info: QuantumBlockEncoding/PrimitiveMacros.lean:69:4: Try this:
  [apply] ring_nf
  
  The `ring` tactic failed to close the goal. Use `ring_nf` to obtain a normal form.
    
  Note that `ring` works primarily in *commutative* rings. If you have a noncommutative ring, abelian group or module, consider using `noncomm_ring`, `abel` or `module` instead.
warning: QuantumBlockEncoding/PrimitiveMacros.lean:67:4: Unused tactic linter: `congr 2` does nothing

Note: This linter can be disabled with `set_option linter.unusedTactic false`
warning: QuantumBlockEncoding/PrimitiveMacros.lean:73:4: Unused tactic linter: `push_cast` does nothing

Note: This linter can be disabled with `set_option linter.unusedTactic false`
info: QuantumBlockEncoding/PrimitiveMacros.lean:96:65: Try this:
  [apply] ring_nf
  
  The `ring` tactic failed to close the goal. Use `ring_nf` to obtain a normal form.
    
  Note that `ring` works primarily in *commutative* rings. If you have a noncommutative ring, abelian group or module, consider using `noncomm_ring`, `abel` or `module` instead.
warning: QuantumBlockEncoding/PrimitiveMacros.lean:96:51: Unused tactic linter: `push_cast` does nothing

Note: This linter can be disabled with `set_option linter.unusedTactic false`
warning: QuantumBlockEncoding/PrimitiveMacros.lean:96:47: Used `tac1 <;> tac2` where `(tac1; tac2)` would suffice

Note: This linter can be disabled with `set_option linter.unnecessarySeqFocus false`
warning: QuantumBlockEncoding/PrimitiveMacros.lean:96:61: Used `tac1 <;> tac2` where `(tac1; tac2)` would suffice

Note: This linter can be disabled with `set_option linter.unnecessarySeqFocus false`
warning: QuantumBlockEncoding/PrimitiveMacros.lean:103:8: `Matrix.reindexAlgEquiv_mul` has been deprecated: Use `map_mul` instead

Note: The updated constant has a different type:
  ∀ {M : Type u_4} {N : Type u_5} {F : Type u_9} [inst : Mul M] [inst_1 : Mul N] [inst_2 : FunLike F M N]
    [MulHomClass F M N] (f : F) (x y : M), f (x * y) = f x * f y
instead of
  ∀ {m : Type u_2} {n : Type u_3} (R : Type u_11) (A : Type u_12) [inst : CommSemiring R] [inst_1 : Fintype n]
    [inst_2 : Fintype m] [inst_3 : DecidableEq m] [inst_4 : DecidableEq n] [inst_5 : Semiring A] [inst_6 : Algebra R A]
    (e : m ≃ n) (M N : _root_.Matrix m m A),
    (Matrix.reindexAlgEquiv R A e) (M * N) = (Matrix.reindexAlgEquiv R A e) M * (Matrix.reindexAlgEquiv R A e) N

Note: The updated constant is in a different namespace. Dot notation may need to be changed (e.g., from `x.reindexAlgEquiv_mul` to `map_mul x`).
warning: QuantumBlockEncoding/PrimitiveMacros.lean:140:10: This simp argument is unused:
  evalGlobalPhase

Hint: Omit it from the simp argument list.
  [apply] simp [ExactAngle.eval]

Note: This linter can be disabled with `set_option linter.unusedSimpArgs false`
warning: QuantumBlockEncoding/PrimitiveMacros.lean:141:4: Unused tactic linter: `push_cast` does nothing

Note: This linter can be disabled with `set_option linter.unusedTactic false`
warning: QuantumBlockEncoding/PrimitiveMacros.lean:160:10: This simp argument is unused:
  evalGlobalPhase

Hint: Omit it from the simp argument list.
  [apply] simp [ExactAngle.eval]

Note: This linter can be disabled with `set_option linter.unusedSimpArgs false`
warning: QuantumBlockEncoding/PrimitiveMacros.lean:161:4: Unused tactic linter: `push_cast` does nothing

Note: This linter can be disabled with `set_option linter.unusedTactic false`
warning: QuantumBlockEncoding/PrimitiveMacros.lean:359:42: This simp argument is unused:
  Ne.symm a_ne_b

Hint: Omit it from the simp argument list.
  [apply] simp [primitiveCCXMiddle, MonomialProgram.seq, MonomialProgram.cx, MonomialProgram.t, MonomialProgram.tdg,
    cxBasisEquiv_apply, cxBasisAction, xBasisAction, flipBit, ha, hb, ht, wa, wb, wt, a_ne_b, a_ne_target, b_ne_target,
    Ne.symm a_ne_target, Ne.symm b_ne_target]

Note: This linter can be disabled with `set_option linter.unusedSimpArgs false`
warning: QuantumBlockEncoding/PrimitiveMacros.lean:360:8: This simp argument is unused:
  Ne.symm a_ne_target

Hint: Omit it from the simp argument list.
  [apply] simp [primitiveCCXMiddle, MonomialProgram.seq, MonomialProgram.cx, MonomialProgram.t, MonomialProgram.tdg,
    cxBasisEquiv_apply, cxBasisAction, xBasisAction, flipBit, ha, hb, ht, wa, wb, wt, a_ne_b, a_ne_target, b_ne_target,
    Ne.symm a_ne_b, Ne.symm b_ne_target]

Note: This linter can be disabled with `set_option linter.unusedSimpArgs false`
warning: QuantumBlockEncoding/PrimitiveMacros.lean:379:6: This simp argument is unused:
  Ne.symm a_ne_b

Hint: Omit it from the simp argument list.
  [apply] simp [primitiveCCXMiddle, MonomialProgram.seq, MonomialProgram.cx, MonomialProgram.t, MonomialProgram.tdg,
    cxBasisEquiv_apply, cxBasisAction, xBasisAction, flipBit, ha, hb, ht, a_ne_b, a_ne_target, b_ne_target,
    Ne.symm a_ne_target, Ne.symm b_ne_target, ← Complex.exp_add]

Note: This linter can be disabled with `set_option linter.unusedSimpArgs false`
warning: QuantumBlockEncoding/PrimitiveMacros.lean:379:22: This simp argument is unused:
  Ne.symm a_ne_target

Hint: Omit it from the simp argument list.
  [apply] simp [primitiveCCXMiddle, MonomialProgram.seq, MonomialProgram.cx, MonomialProgram.t, MonomialProgram.tdg,
    cxBasisEquiv_apply, cxBasisAction, xBasisAction, flipBit, ha, hb, ht, a_ne_b, a_ne_target, b_ne_target,
    Ne.symm a_ne_b, Ne.symm b_ne_target, ← Complex.exp_add]

Note: This linter can be disabled with `set_option linter.unusedSimpArgs false`
warning: QuantumBlockEncoding/PrimitiveMacros.lean:379:43: This simp argument is unused:
  Ne.symm b_ne_target

Hint: Omit it from the simp argument list.
  [apply] simp [primitiveCCXMiddle, MonomialProgram.seq, MonomialProgram.cx, MonomialProgram.t, MonomialProgram.tdg,
    cxBasisEquiv_apply, cxBasisAction, xBasisAction, flipBit, ha, hb, ht, a_ne_b, a_ne_target, b_ne_target,
    Ne.symm a_ne_b, Ne.symm a_ne_target, ← Complex.exp_add]

Note: This linter can be disabled with `set_option linter.unusedSimpArgs false`
warning: QuantumBlockEncoding/PrimitiveMacros.lean:418:31: Used `tac1 <;> tac2` where `(tac1; tac2)` would suffice

Note: This linter can be disabled with `set_option linter.unnecessarySeqFocus false`
warning: QuantumBlockEncoding/PrimitiveMacros.lean:429:31: Used `tac1 <;> tac2` where `(tac1; tac2)` would suffice

Note: This linter can be disabled with `set_option linter.unnecessarySeqFocus false`
warning: QuantumBlockEncoding/PrimitiveMacros.lean:458:4: `Matrix.reindexAlgEquiv_apply` has been deprecated: Use `Matrix.coe_reindexAlgEquiv` instead

Note: The updated constant has a different type:
  ∀ {m : Type u_2} {n : Type u_3} (R : Type u_11) (A : Type u_12) [inst : CommSemiring R] [inst_1 : Fintype n]
    [inst_2 : Fintype m] [inst_3 : DecidableEq m] [inst_4 : DecidableEq n] [inst_5 : Semiring A] [inst_6 : Algebra R A]
    (e : m ≃ n), ⇑(Matrix.reindexAlgEquiv R A e) = ⇑(Matrix.reindex e e)
instead of
  ∀ {m : Type u_2} {n : Type u_3} (R : Type u_11) (A : Type u_12) [inst : CommSemiring R] [inst_1 : Fintype n]
    [inst_2 : Fintype m] [inst_3 : DecidableEq m] [inst_4 : DecidableEq n] [inst_5 : Semiring A] [inst_6 : Algebra R A]
    (e : m ≃ n) (M : _root_.Matrix m m A), (Matrix.reindexAlgEquiv R A e) M = (Matrix.reindex e e) M
warning: QuantumBlockEncoding/PrimitiveMacros.lean:496:10: This simp argument is unused:
  _root_.Matrix.one_apply

Hint: Omit it from the simp argument list.
  [apply] simp [cczTargetBlock, active, splitTargetNe]

Note: This linter can be disabled with `set_option linter.unusedSimpArgs false`
warning: QuantumBlockEncoding/PrimitiveMacros.lean:523:4: `Matrix.reindexAlgEquiv_apply` has been deprecated: Use `Matrix.coe_reindexAlgEquiv` instead

Note: The updated constant has a different type:
  ∀ {m : Type u_2} {n : Type u_3} (R : Type u_11) (A : Type u_12) [inst : CommSemiring R] [inst_1 : Fintype n]
    [inst_2 : Fintype m] [inst_3 : DecidableEq m] [inst_4 : DecidableEq n] [inst_5 : Semiring A] [inst_6 : Algebra R A]
    (e : m ≃ n), ⇑(Matrix.reindexAlgEquiv R A e) = ⇑(Matrix.reindex e e)
instead of
  ∀ {m : Type u_2} {n : Type u_3} (R : Type u_11) (A : Type u_12) [inst : CommSemiring R] [inst_1 : Fintype n]
    [inst_2 : Fintype m] [inst_3 : DecidableEq m] [inst_4 : DecidableEq n] [inst_5 : Semiring A] [inst_6 : Algebra R A]
    (e : m ≃ n) (M : _root_.Matrix m m A), (Matrix.reindexAlgEquiv R A e) M = (Matrix.reindex e e) M
warning: QuantumBlockEncoding/PrimitiveMacros.lean:583:10: This simp argument is unused:
  ccxTargetBlock

Hint: Omit it from the simp argument list.
  [apply] simp [context, actionMiss]

Note: This linter can be disabled with `set_option linter.unusedSimpArgs false`
warning: QuantumBlockEncoding/PrimitiveMacros.lean:597:8: `Matrix.reindexAlgEquiv_mul` has been deprecated: Use `map_mul` instead

Note: The updated constant has a different type:
  ∀ {M : Type u_4} {N : Type u_5} {F : Type u_9} [inst : Mul M] [inst_1 : Mul N] [inst_2 : FunLike F M N]
    [MulHomClass F M N] (f : F) (x y : M), f (x * y) = f x * f y
instead of
  ∀ {m : Type u_2} {n : Type u_3} (R : Type u_11) (A : Type u_12) [inst : CommSemiring R] [inst_1 : Fintype n]
    [inst_2 : Fintype m] [inst_3 : DecidableEq m] [inst_4 : DecidableEq n] [inst_5 : Semiring A] [inst_6 : Algebra R A]
    (e : m ≃ n) (M N : _root_.Matrix m m A),
    (Matrix.reindexAlgEquiv R A e) (M * N) = (Matrix.reindexAlgEquiv R A e) M * (Matrix.reindexAlgEquiv R A e) N

Note: The updated constant is in a different namespace. Dot notation may need to be changed (e.g., from `x.reindexAlgEquiv_mul` to `map_mul x`).
warning: QuantumBlockEncoding/PrimitiveMacros.lean:598:6: `Matrix.reindexAlgEquiv_mul` has been deprecated: Use `map_mul` instead

Note: The updated constant has a different type:
  ∀ {M : Type u_4} {N : Type u_5} {F : Type u_9} [inst : Mul M] [inst_1 : Mul N] [inst_2 : FunLike F M N]
    [MulHomClass F M N] (f : F) (x y : M), f (x * y) = f x * f y
instead of
  ∀ {m : Type u_2} {n : Type u_3} (R : Type u_11) (A : Type u_12) [inst : CommSemiring R] [inst_1 : Fintype n]
    [inst_2 : Fintype m] [inst_3 : DecidableEq m] [inst_4 : DecidableEq n] [inst_5 : Semiring A] [inst_6 : Algebra R A]
    (e : m ≃ n) (M N : _root_.Matrix m m A),
    (Matrix.reindexAlgEquiv R A e) (M * N) = (Matrix.reindexAlgEquiv R A e) M * (Matrix.reindexAlgEquiv R A e) N

Note: The updated constant is in a different namespace. Dot notation may need to be changed (e.g., from `x.reindexAlgEquiv_mul` to `map_mul x`).
⚠ [3034/3273] Replayed QuantumBlockEncoding.ModularAdder3
warning: QuantumBlockEncoding/ModularAdder3.lean:69:33: Used `tac1 <;> tac2` where `(tac1; tac2)` would suffice

Note: This linter can be disabled with `set_option linter.unnecessarySeqFocus false`
warning: QuantumBlockEncoding/ModularAdder3.lean:138:8: This simp argument is unused:
  c0_ne_work

Hint: Omit it from the simp argument list.
  [apply] simp_all [cleanC3XBasisEquiv, cleanC3XReversibleProgram, evalReversibleProgram, evalReversibleGate,
    ccxBasisAction, c3xBasisAction, xBasisAction, flipBit, c1_ne_work, work_ne_c2, work_ne_target, c0_ne_target,
    c1_ne_target, Ne.symm c0_ne_work, Ne.symm c1_ne_work, Ne.symm work_ne_c2, Ne.symm work_ne_target]

Note: This linter can be disabled with `set_option linter.unusedSimpArgs false`
warning: QuantumBlockEncoding/ModularAdder3.lean:138:20: This simp argument is unused:
  c1_ne_work

Hint: Omit it from the simp argument list.
  [apply] simp_all [cleanC3XBasisEquiv, cleanC3XReversibleProgram, evalReversibleProgram, evalReversibleGate,
    ccxBasisAction, c3xBasisAction, xBasisAction, flipBit, c0_ne_work, work_ne_c2, work_ne_target, c0_ne_target,
    c1_ne_target, Ne.symm c0_ne_work, Ne.symm c1_ne_work, Ne.symm work_ne_c2, Ne.symm work_ne_target]

Note: This linter can be disabled with `set_option linter.unusedSimpArgs false`
warning: QuantumBlockEncoding/ModularAdder3.lean:138:32: This simp argument is unused:
  work_ne_c2

Hint: Omit it from the simp argument list.
  [apply] simp_all [cleanC3XBasisEquiv, cleanC3XReversibleProgram, evalReversibleProgram, evalReversibleGate,
    ccxBasisAction, c3xBasisAction, xBasisAction, flipBit, c0_ne_work, c1_ne_work, work_ne_target, c0_ne_target,
    c1_ne_target, Ne.symm c0_ne_work, Ne.symm c1_ne_work, Ne.symm work_ne_c2, Ne.symm work_ne_target]

Note: This linter can be disabled with `set_option linter.unusedSimpArgs false`
warning: QuantumBlockEncoding/ModularAdder3.lean:138:44: This simp argument is unused:
  work_ne_target

Hint: Omit it from the simp argument list.
  [apply] simp_all [cleanC3XBasisEquiv, cleanC3XReversibleProgram, evalReversibleProgram, evalReversibleGate,
    ccxBasisAction, c3xBasisAction, xBasisAction, flipBit, c0_ne_work, c1_ne_work, work_ne_c2, c0_ne_target,
    c1_ne_target, Ne.symm c0_ne_work, Ne.symm c1_ne_work, Ne.symm work_ne_c2, Ne.symm work_ne_target]

Note: This linter can be disabled with `set_option linter.unusedSimpArgs false`
warning: QuantumBlockEncoding/ModularAdder3.lean:139:8: This simp argument is unused:
  c0_ne_target

Hint: Omit it from the simp argument list.
  [apply] simp_all [cleanC3XBasisEquiv, cleanC3XReversibleProgram, evalReversibleProgram, evalReversibleGate,
    ccxBasisAction, c3xBasisAction, xBasisAction, flipBit, c0_ne_work, c1_ne_work, work_ne_c2, work_ne_target,
    c1_ne_target, Ne.symm c0_ne_work, Ne.symm c1_ne_work, Ne.symm work_ne_c2, Ne.symm work_ne_target]

Note: This linter can be disabled with `set_option linter.unusedSimpArgs false`
warning: QuantumBlockEncoding/ModularAdder3.lean:139:22: This simp argument is unused:
  c1_ne_target

Hint: Omit it from the simp argument list.
  [apply] simp_all [cleanC3XBasisEquiv, cleanC3XReversibleProgram, evalReversibleProgram, evalReversibleGate,
    ccxBasisAction, c3xBasisAction, xBasisAction, flipBit, c0_ne_work, c1_ne_work, work_ne_c2, work_ne_target,
    c0_ne_target, Ne.symm c0_ne_work, Ne.symm c1_ne_work, Ne.symm work_ne_c2, Ne.symm work_ne_target]

Note: This linter can be disabled with `set_option linter.unusedSimpArgs false`
warning: QuantumBlockEncoding/ModularAdder3.lean:140:8: This simp argument is unused:
  Ne.symm c0_ne_work

Hint: Omit it from the simp argument list.
  [apply] simp_all [cleanC3XBasisEquiv, cleanC3XReversibleProgram, evalReversibleProgram, evalReversibleGate,
    ccxBasisAction, c3xBasisAction, xBasisAction, flipBit, c0_ne_work, c1_ne_work, work_ne_c2, work_ne_target,
    c0_ne_target, c1_ne_target, Ne.symm c1_ne_work, Ne.symm work_ne_c2, Ne.symm work_ne_target]

Note: This linter can be disabled with `set_option linter.unusedSimpArgs false`
warning: QuantumBlockEncoding/ModularAdder3.lean:140:28: This simp argument is unused:
  Ne.symm c1_ne_work

Hint: Omit it from the simp argument list.
  [apply] simp_all [cleanC3XBasisEquiv, cleanC3XReversibleProgram, evalReversibleProgram, evalReversibleGate,
    ccxBasisAction, c3xBasisAction, xBasisAction, flipBit, c0_ne_work, c1_ne_work, work_ne_c2, work_ne_target,
    c0_ne_target, c1_ne_target, Ne.symm c0_ne_work, Ne.symm work_ne_c2, Ne.symm work_ne_target]

Note: This linter can be disabled with `set_option linter.unusedSimpArgs false`
⚠ [3038/3273] Replayed QuantumBlockEncoding.CubicStatePreparation
warning: QuantumBlockEncoding/CubicStatePreparation.lean:452:2: try 'simp' instead of 'simpa'

Note: This linter can be disabled with `set_option linter.unnecessarySimpa false`
warning: QuantumBlockEncoding/CubicStatePreparation.lean:452:42: Unused tactic linter: `decide` does nothing

Note: This linter can be disabled with `set_option linter.unusedTactic false`
warning: QuantumBlockEncoding/CubicStatePreparation.lean:452:42: this tactic is never executed

Note: This linter can be disabled with `set_option linter.unreachableTactic false`
warning: QuantumBlockEncoding/CubicStatePreparation.lean:562:35: This simp argument is unused:
  Rat.inv_mul_rev

Hint: Omit it from the simp argument list.
  [apply] simp [Rat.div_def, Rat.pow_succ, Rat.mul_assoc]

Note: This linter can be disabled with `set_option linter.unusedSimpArgs false`
warning: QuantumBlockEncoding/CubicStatePreparation.lean:698:12: This simp argument is unused:
  Rat.add_zero

Hint: Omit it from the simp argument list.
  [apply] simp

Note: This linter can be disabled with `set_option linter.unusedSimpArgs false`
warning: QuantumBlockEncoding/CubicStatePreparation.lean:3437:4: Try this: intro hRoute _hBackend
warning: QuantumBlockEncoding/CubicStatePreparation.lean:3502:41: This simp argument is unused:
  Rat.inv_mul_rev

Hint: Omit it from the simp argument list.
  [apply] simp [Rat.div_def, Rat.pow_succ, Rat.mul_assoc]

Note: This linter can be disabled with `set_option linter.unusedSimpArgs false`
warning: QuantumBlockEncoding/CubicStatePreparation.lean:3653:4: Try this: intro hRoute _hScalar
⚠ [3040/3273] Replayed QuantumBlockEncoding.UniformlyControlledRy
warning: QuantumBlockEncoding/UniformlyControlledRy.lean:110:4: `Matrix.reindexAlgEquiv_apply` has been deprecated: Use `Matrix.coe_reindexAlgEquiv` instead

Note: The updated constant has a different type:
  ∀ {m : Type u_2} {n : Type u_3} (R : Type u_11) (A : Type u_12) [inst : CommSemiring R] [inst_1 : Fintype n]
    [inst_2 : Fintype m] [inst_3 : DecidableEq m] [inst_4 : DecidableEq n] [inst_5 : Semiring A] [inst_6 : Algebra R A]
    (e : m ≃ n), ⇑(Matrix.reindexAlgEquiv R A e) = ⇑(Matrix.reindex e e)
instead of
  ∀ {m : Type u_2} {n : Type u_3} (R : Type u_11) (A : Type u_12) [inst : CommSemiring R] [inst_1 : Fintype n]
    [inst_2 : Fintype m] [inst_3 : DecidableEq m] [inst_4 : DecidableEq n] [inst_5 : Semiring A] [inst_6 : Algebra R A]
    (e : m ≃ n) (M : _root_.Matrix m m A), (Matrix.reindexAlgEquiv R A e) M = (Matrix.reindex e e) M
warning: QuantumBlockEncoding/UniformlyControlledRy.lean:133:30: This simp argument is unused:
  contextsEqual

Hint: Omit it from the simp argument list.
  [apply] simp [controlledXBlock, controlZero, rowControlZero, cxBasisAction, splitPrimitiveWire, rowEq,
    contextFunctionsEqual, Equiv.symm_symm]

Note: This linter can be disabled with `set_option linter.unusedSimpArgs false`
warning: QuantumBlockEncoding/UniformlyControlledRy.lean:133:58: This simp argument is unused:
  rowControlZero

Hint: Omit it from the simp argument list.
  [apply] simp [controlledXBlock, contextsEqual, controlZero, cxBasisAction, splitPrimitiveWire, rowEq,
    contextFunctionsEqual, Equiv.symm_symm]

Note: This linter can be disabled with `set_option linter.unusedSimpArgs false`
warning: QuantumBlockEncoding/UniformlyControlledRy.lean:135:31: This simp argument is unused:
  Equiv.symm_symm

Hint: Omit it from the simp argument list.
  [apply] simp [controlledXBlock, contextsEqual, controlZero, rowControlZero, cxBasisAction, splitPrimitiveWire, rowEq,
    contextFunctionsEqual]

Note: This linter can be disabled with `set_option linter.unusedSimpArgs false`
warning: QuantumBlockEncoding/UniformlyControlledRy.lean:163:32: This simp argument is unused:
  contextsEqual

Hint: Omit it from the simp argument list.
  [apply] simp [controlledXBlock, controlZero, action, cxBasisAction, xMatrix, splitPrimitiveWire,
    contextFunctionsEqual, targetFlipped, xContext, xControl, xMatrix_flipBit, Equiv.symm_symm, xTargetNe]

Note: This linter can be disabled with `set_option linter.unusedSimpArgs false`
warning: QuantumBlockEncoding/UniformlyControlledRy.lean:165:10: This simp argument is unused:
  contextFunctionsEqual

Hint: Omit it from the simp argument list.
  [apply] simp [controlledXBlock, contextsEqual, controlZero, action, cxBasisAction, xMatrix, splitPrimitiveWire,
    targetFlipped, xContext, xControl, xMatrix_flipBit, Equiv.symm_symm, xTargetNe]

Note: This linter can be disabled with `set_option linter.unusedSimpArgs false`
warning: QuantumBlockEncoding/UniformlyControlledRy.lean:165:33: This simp argument is unused:
  targetFlipped

Hint: Omit it from the simp argument list.
  [apply] simp [controlledXBlock, contextsEqual, controlZero, action, cxBasisAction, xMatrix, splitPrimitiveWire,
    contextFunctionsEqual, xContext, xControl, xMatrix_flipBit, Equiv.symm_symm, xTargetNe]

Note: This linter can be disabled with `set_option linter.unusedSimpArgs false`
warning: QuantumBlockEncoding/UniformlyControlledRy.lean:165:58: This simp argument is unused:
  xControl

Hint: Omit it from the simp argument list.
  [apply] simp [controlledXBlock, contextsEqual, controlZero, action, cxBasisAction, xMatrix, splitPrimitiveWire,
    contextFunctionsEqual, targetFlipped, xContext, xMatrix_flipBit, Equiv.symm_symm, xTargetNe]

Note: This linter can be disabled with `set_option linter.unusedSimpArgs false`
warning: QuantumBlockEncoding/UniformlyControlledRy.lean:166:10: This simp argument is unused:
  xMatrix_flipBit

Hint: Omit it from the simp argument list.
  [apply] simp [controlledXBlock, contextsEqual, controlZero, action, cxBasisAction, xMatrix, splitPrimitiveWire,
    contextFunctionsEqual, targetFlipped, xContext, xControl, Equiv.symm_symm, xTargetNe]

Note: This linter can be disabled with `set_option linter.unusedSimpArgs false`
warning: QuantumBlockEncoding/UniformlyControlledRy.lean:166:27: This simp argument is unused:
  Equiv.symm_symm

Hint: Omit it from the simp argument list.
  [apply] simp [controlledXBlock, contextsEqual, controlZero, action, cxBasisAction, xMatrix, splitPrimitiveWire,
    contextFunctionsEqual, targetFlipped, xContext, xControl, xMatrix_flipBit, xTargetNe]

Note: This linter can be disabled with `set_option linter.unusedSimpArgs false`
warning: QuantumBlockEncoding/UniformlyControlledRy.lean:176:32: This simp argument is unused:
  contextsEqual

Hint: Omit it from the simp argument list.
  [apply] simp [controlledXBlock, controlZero, rowControlNonzero, actionMiss, xMatrix, splitPrimitiveWire,
    targetFlipped, targetEqual, contextFunctionsEqual, Equiv.symm_symm]

Note: This linter can be disabled with `set_option linter.unusedSimpArgs false`
warning: QuantumBlockEncoding/UniformlyControlledRy.lean:176:60: This simp argument is unused:
  rowControlNonzero

Hint: Omit it from the simp argument list.
  [apply] simp [controlledXBlock, contextsEqual, controlZero, actionMiss, xMatrix, splitPrimitiveWire, targetFlipped,
    targetEqual, contextFunctionsEqual, Equiv.symm_symm]

Note: This linter can be disabled with `set_option linter.unusedSimpArgs false`
warning: QuantumBlockEncoding/UniformlyControlledRy.lean:177:51: This simp argument is unused:
  targetFlipped

Hint: Omit it from the simp argument list.
  [apply] simp [controlledXBlock, contextsEqual, controlZero, rowControlNonzero, actionMiss, xMatrix,
    splitPrimitiveWire, targetEqual, contextFunctionsEqual, Equiv.symm_symm]

Note: This linter can be disabled with `set_option linter.unusedSimpArgs false`
warning: QuantumBlockEncoding/UniformlyControlledRy.lean:178:46: This simp argument is unused:
  Equiv.symm_symm

Hint: Omit it from the simp argument list.
  [apply] simp [controlledXBlock, contextsEqual, controlZero, rowControlNonzero, actionMiss, xMatrix,
    splitPrimitiveWire, targetFlipped, targetEqual, contextFunctionsEqual]

Note: This linter can be disabled with `set_option linter.unusedSimpArgs false`
warning: QuantumBlockEncoding/UniformlyControlledRy.lean:290:12: `Matrix.reindexAlgEquiv_mul` has been deprecated: Use `map_mul` instead

Note: The updated constant has a different type:
  ∀ {M : Type u_4} {N : Type u_5} {F : Type u_9} [inst : Mul M] [inst_1 : Mul N] [inst_2 : FunLike F M N]
    [MulHomClass F M N] (f : F) (x y : M), f (x * y) = f x * f y
instead of
  ∀ {m : Type u_2} {n : Type u_3} (R : Type u_11) (A : Type u_12) [inst : CommSemiring R] [inst_1 : Fintype n]
    [inst_2 : Fintype m] [inst_3 : DecidableEq m] [inst_4 : DecidableEq n] [inst_5 : Semiring A] [inst_6 : Algebra R A]
    (e : m ≃ n) (M N : _root_.Matrix m m A),
    (Matrix.reindexAlgEquiv R A e) (M * N) = (Matrix.reindexAlgEquiv R A e) M * (Matrix.reindexAlgEquiv R A e) N

Note: The updated constant is in a different namespace. Dot notation may need to be changed (e.g., from `x.reindexAlgEquiv_mul` to `map_mul x`).
warning: QuantumBlockEncoding/UniformlyControlledRy.lean:291:10: `Matrix.reindexAlgEquiv_mul` has been deprecated: Use `map_mul` instead

Note: The updated constant has a different type:
  ∀ {M : Type u_4} {N : Type u_5} {F : Type u_9} [inst : Mul M] [inst_1 : Mul N] [inst_2 : FunLike F M N]
    [MulHomClass F M N] (f : F) (x y : M), f (x * y) = f x * f y
instead of
  ∀ {m : Type u_2} {n : Type u_3} (R : Type u_11) (A : Type u_12) [inst : CommSemiring R] [inst_1 : Fintype n]
    [inst_2 : Fintype m] [inst_3 : DecidableEq m] [inst_4 : DecidableEq n] [inst_5 : Semiring A] [inst_6 : Algebra R A]
    (e : m ≃ n) (M N : _root_.Matrix m m A),
    (Matrix.reindexAlgEquiv R A e) (M * N) = (Matrix.reindexAlgEquiv R A e) M * (Matrix.reindexAlgEquiv R A e) N

Note: The updated constant is in a different namespace. Dot notation may need to be changed (e.g., from `x.reindexAlgEquiv_mul` to `map_mul x`).
warning: QuantumBlockEncoding/UniformlyControlledRy.lean:292:10: `Matrix.reindexAlgEquiv_mul` has been deprecated: Use `map_mul` instead

Note: The updated constant has a different type:
  ∀ {M : Type u_4} {N : Type u_5} {F : Type u_9} [inst : Mul M] [inst_1 : Mul N] [inst_2 : FunLike F M N]
    [MulHomClass F M N] (f : F) (x y : M), f (x * y) = f x * f y
instead of
  ∀ {m : Type u_2} {n : Type u_3} (R : Type u_11) (A : Type u_12) [inst : CommSemiring R] [inst_1 : Fintype n]
    [inst_2 : Fintype m] [inst_3 : DecidableEq m] [inst_4 : DecidableEq n] [inst_5 : Semiring A] [inst_6 : Algebra R A]
    (e : m ≃ n) (M N : _root_.Matrix m m A),
    (Matrix.reindexAlgEquiv R A e) (M * N) = (Matrix.reindexAlgEquiv R A e) M * (Matrix.reindexAlgEquiv R A e) N

Note: The updated constant is in a different namespace. Dot notation may need to be changed (e.g., from `x.reindexAlgEquiv_mul` to `map_mul x`).
warning: QuantumBlockEncoding/UniformlyControlledRy.lean:343:47: This simp argument is unused:
  if_neg

Hint: Omit it from the simp argument list.
  [apply] simp only [controlledXBlock, headZero]

Note: This linter can be disabled with `set_option linter.unusedSimpArgs false`
⚠ [3041/3273] Replayed QuantumBlockEncoding.CubicAmplitudePrimitive
warning: QuantumBlockEncoding/CubicAmplitudePrimitive.lean:117:6: try 'simp' instead of 'simpa'

Note: This linter can be disabled with `set_option linter.unnecessarySimpa false`
warning: QuantumBlockEncoding/CubicAmplitudePrimitive.lean:165:13: `Matrix.reindexAlgEquiv_apply` has been deprecated: Use `Matrix.coe_reindexAlgEquiv` instead

Note: The updated constant has a different type:
  ∀ {m : Type u_2} {n : Type u_3} (R : Type u_11) (A : Type u_12) [inst : CommSemiring R] [inst_1 : Fintype n]
    [inst_2 : Fintype m] [inst_3 : DecidableEq m] [inst_4 : DecidableEq n] [inst_5 : Semiring A] [inst_6 : Algebra R A]
    (e : m ≃ n), ⇑(Matrix.reindexAlgEquiv R A e) = ⇑(Matrix.reindex e e)
instead of
  ∀ {m : Type u_2} {n : Type u_3} (R : Type u_11) (A : Type u_12) [inst : CommSemiring R] [inst_1 : Fintype n]
    [inst_2 : Fintype m] [inst_3 : DecidableEq m] [inst_4 : DecidableEq n] [inst_5 : Semiring A] [inst_6 : Algebra R A]
    (e : m ≃ n) (M : _root_.Matrix m m A), (Matrix.reindexAlgEquiv R A e) M = (Matrix.reindex e e) M
warning: QuantumBlockEncoding/CubicAmplitudePrimitive.lean:167:4: This simp argument is unused:
  Equiv.symm_symm

Hint: Omit it from the simp argument list.
  [apply] simp only [_root_.Matrix.reindexAlgEquiv_apply, _root_.Matrix.reindex_apply, _root_.Matrix.submatrix_apply,
    Equiv.symm_apply_apply]

Note: This linter can be disabled with `set_option linter.unusedSimpArgs false`
⚠ [3042/3273] Replayed QuantumBlockEncoding.GHLHamiltonian
warning: QuantumBlockEncoding/GHLHamiltonian.lean:330:42: This simp argument is unused:
  sub_eq_add_neg

Hint: Omit it from the simp argument list.
  [apply] simp [pow_two, Complex.I_mul_I]

Note: This linter can be disabled with `set_option linter.unusedSimpArgs false`
warning: QuantumBlockEncoding/GHLHamiltonian.lean:338:42: This simp argument is unused:
  sub_eq_add_neg

Hint: Omit it from the simp argument list.
  [apply] simp [pow_two, Complex.I_mul_I]

Note: This linter can be disabled with `set_option linter.unusedSimpArgs false`
⚠ [3062/3273] Replayed QuantumBlockEncoding.Robin.SymmetryXorFourSlotLogicalUnitary
warning: QuantumBlockEncoding/Robin/SymmetryXorFourSlotLogicalUnitary.lean:229:13: `Matrix.reindexAlgEquiv_apply` has been deprecated: Use `Matrix.coe_reindexAlgEquiv` instead

Note: The updated constant has a different type:
  ∀ {m : Type u_2} {n : Type u_3} (R : Type u_11) (A : Type u_12) [inst : CommSemiring R] [inst_1 : Fintype n]
    [inst_2 : Fintype m] [inst_3 : DecidableEq m] [inst_4 : DecidableEq n] [inst_5 : Semiring A] [inst_6 : Algebra R A]
    (e : m ≃ n), ⇑(Matrix.reindexAlgEquiv R A e) = ⇑(Matrix.reindex e e)
instead of
  ∀ {m : Type u_2} {n : Type u_3} (R : Type u_11) (A : Type u_12) [inst : CommSemiring R] [inst_1 : Fintype n]
    [inst_2 : Fintype m] [inst_3 : DecidableEq m] [inst_4 : DecidableEq n] [inst_5 : Semiring A] [inst_6 : Algebra R A]
    (e : m ≃ n) (M : _root_.Matrix m m A), (Matrix.reindexAlgEquiv R A e) M = (Matrix.reindex e e) M
⚠ [3063/3273] Replayed QuantumBlockEncoding.Robin.SymmetryXorFourSlotPrimitive
warning: QuantumBlockEncoding/Robin/SymmetryXorFourSlotPrimitive.lean:181:27: `Matrix.reindexAlgEquiv_apply` has been deprecated: Use `Matrix.coe_reindexAlgEquiv` instead

Note: The updated constant has a different type:
  ∀ {m : Type u_2} {n : Type u_3} (R : Type u_11) (A : Type u_12) [inst : CommSemiring R] [inst_1 : Fintype n]
    [inst_2 : Fintype m] [inst_3 : DecidableEq m] [inst_4 : DecidableEq n] [inst_5 : Semiring A] [inst_6 : Algebra R A]
    (e : m ≃ n), ⇑(Matrix.reindexAlgEquiv R A e) = ⇑(Matrix.reindex e e)
instead of
  ∀ {m : Type u_2} {n : Type u_3} (R : Type u_11) (A : Type u_12) [inst : CommSemiring R] [inst_1 : Fintype n]
    [inst_2 : Fintype m] [inst_3 : DecidableEq m] [inst_4 : DecidableEq n] [inst_5 : Semiring A] [inst_6 : Algebra R A]
    (e : m ≃ n) (M : _root_.Matrix m m A), (Matrix.reindexAlgEquiv R A e) M = (Matrix.reindex e e) M
warning: QuantumBlockEncoding/Robin/SymmetryXorFourSlotPrimitive.lean:208:4: `Matrix.reindexAlgEquiv_apply` has been deprecated: Use `Matrix.coe_reindexAlgEquiv` instead

Note: The updated constant has a different type:
  ∀ {m : Type u_2} {n : Type u_3} (R : Type u_11) (A : Type u_12) [inst : CommSemiring R] [inst_1 : Fintype n]
    [inst_2 : Fintype m] [inst_3 : DecidableEq m] [inst_4 : DecidableEq n] [inst_5 : Semiring A] [inst_6 : Algebra R A]
    (e : m ≃ n), ⇑(Matrix.reindexAlgEquiv R A e) = ⇑(Matrix.reindex e e)
instead of
  ∀ {m : Type u_2} {n : Type u_3} (R : Type u_11) (A : Type u_12) [inst : CommSemiring R] [inst_1 : Fintype n]
    [inst_2 : Fintype m] [inst_3 : DecidableEq m] [inst_4 : DecidableEq n] [inst_5 : Semiring A] [inst_6 : Algebra R A]
    (e : m ≃ n) (M : _root_.Matrix m m A), (Matrix.reindexAlgEquiv R A e) M = (Matrix.reindex e e) M
warning: QuantumBlockEncoding/Robin/SymmetryXorFourSlotPrimitive.lean:259:8: `Matrix.reindexAlgEquiv_mul` has been deprecated: Use `map_mul` instead

Note: The updated constant has a different type:
  ∀ {M : Type u_4} {N : Type u_5} {F : Type u_9} [inst : Mul M] [inst_1 : Mul N] [inst_2 : FunLike F M N]
    [MulHomClass F M N] (f : F) (x y : M), f (x * y) = f x * f y
instead of
  ∀ {m : Type u_2} {n : Type u_3} (R : Type u_11) (A : Type u_12) [inst : CommSemiring R] [inst_1 : Fintype n]
    [inst_2 : Fintype m] [inst_3 : DecidableEq m] [inst_4 : DecidableEq n] [inst_5 : Semiring A] [inst_6 : Algebra R A]
    (e : m ≃ n) (M N : _root_.Matrix m m A),
    (Matrix.reindexAlgEquiv R A e) (M * N) = (Matrix.reindexAlgEquiv R A e) M * (Matrix.reindexAlgEquiv R A e) N

Note: The updated constant is in a different namespace. Dot notation may need to be changed (e.g., from `x.reindexAlgEquiv_mul` to `map_mul x`).
warning: QuantumBlockEncoding/Robin/SymmetryXorFourSlotPrimitive.lean:352:6: `Matrix.reindexAlgEquiv_mul` has been deprecated: Use `map_mul` instead

Note: The updated constant has a different type:
  ∀ {M : Type u_4} {N : Type u_5} {F : Type u_9} [inst : Mul M] [inst_1 : Mul N] [inst_2 : FunLike F M N]
    [MulHomClass F M N] (f : F) (x y : M), f (x * y) = f x * f y
instead of
  ∀ {m : Type u_2} {n : Type u_3} (R : Type u_11) (A : Type u_12) [inst : CommSemiring R] [inst_1 : Fintype n]
    [inst_2 : Fintype m] [inst_3 : DecidableEq m] [inst_4 : DecidableEq n] [inst_5 : Semiring A] [inst_6 : Algebra R A]
    (e : m ≃ n) (M N : _root_.Matrix m m A),
    (Matrix.reindexAlgEquiv R A e) (M * N) = (Matrix.reindexAlgEquiv R A e) M * (Matrix.reindexAlgEquiv R A e) N

Note: The updated constant is in a different namespace. Dot notation may need to be changed (e.g., from `x.reindexAlgEquiv_mul` to `map_mul x`).
warning: QuantumBlockEncoding/Robin/SymmetryXorFourSlotPrimitive.lean:426:6: `Matrix.reindexAlgEquiv_mul` has been deprecated: Use `map_mul` instead

Note: The updated constant has a different type:
  ∀ {M : Type u_4} {N : Type u_5} {F : Type u_9} [inst : Mul M] [inst_1 : Mul N] [inst_2 : FunLike F M N]
    [MulHomClass F M N] (f : F) (x y : M), f (x * y) = f x * f y
instead of
  ∀ {m : Type u_2} {n : Type u_3} (R : Type u_11) (A : Type u_12) [inst : CommSemiring R] [inst_1 : Fintype n]
    [inst_2 : Fintype m] [inst_3 : DecidableEq m] [inst_4 : DecidableEq n] [inst_5 : Semiring A] [inst_6 : Algebra R A]
    (e : m ≃ n) (M N : _root_.Matrix m m A),
    (Matrix.reindexAlgEquiv R A e) (M * N) = (Matrix.reindexAlgEquiv R A e) M * (Matrix.reindexAlgEquiv R A e) N

Note: The updated constant is in a different namespace. Dot notation may need to be changed (e.g., from `x.reindexAlgEquiv_mul` to `map_mul x`).
warning: QuantumBlockEncoding/Robin/SymmetryXorFourSlotPrimitive.lean:427:6: `Matrix.reindexAlgEquiv_mul` has been deprecated: Use `map_mul` instead

Note: The updated constant has a different type:
  ∀ {M : Type u_4} {N : Type u_5} {F : Type u_9} [inst : Mul M] [inst_1 : Mul N] [inst_2 : FunLike F M N]
    [MulHomClass F M N] (f : F) (x y : M), f (x * y) = f x * f y
instead of
  ∀ {m : Type u_2} {n : Type u_3} (R : Type u_11) (A : Type u_12) [inst : CommSemiring R] [inst_1 : Fintype n]
    [inst_2 : Fintype m] [inst_3 : DecidableEq m] [inst_4 : DecidableEq n] [inst_5 : Semiring A] [inst_6 : Algebra R A]
    (e : m ≃ n) (M N : _root_.Matrix m m A),
    (Matrix.reindexAlgEquiv R A e) (M * N) = (Matrix.reindexAlgEquiv R A e) M * (Matrix.reindexAlgEquiv R A e) N

Note: The updated constant is in a different namespace. Dot notation may need to be changed (e.g., from `x.reindexAlgEquiv_mul` to `map_mul x`).
warning: QuantumBlockEncoding/Robin/SymmetryXorFourSlotPrimitive.lean:428:6: `Matrix.reindexAlgEquiv_mul` has been deprecated: Use `map_mul` instead

Note: The updated constant has a different type:
  ∀ {M : Type u_4} {N : Type u_5} {F : Type u_9} [inst : Mul M] [inst_1 : Mul N] [inst_2 : FunLike F M N]
    [MulHomClass F M N] (f : F) (x y : M), f (x * y) = f x * f y
instead of
  ∀ {m : Type u_2} {n : Type u_3} (R : Type u_11) (A : Type u_12) [inst : CommSemiring R] [inst_1 : Fintype n]
    [inst_2 : Fintype m] [inst_3 : DecidableEq m] [inst_4 : DecidableEq n] [inst_5 : Semiring A] [inst_6 : Algebra R A]
    (e : m ≃ n) (M N : _root_.Matrix m m A),
    (Matrix.reindexAlgEquiv R A e) (M * N) = (Matrix.reindexAlgEquiv R A e) M * (Matrix.reindexAlgEquiv R A e) N

Note: The updated constant is in a different namespace. Dot notation may need to be changed (e.g., from `x.reindexAlgEquiv_mul` to `map_mul x`).
warning: QuantumBlockEncoding/Robin/SymmetryXorFourSlotPrimitive.lean:527:6: `Matrix.reindexAlgEquiv_mul` has been deprecated: Use `map_mul` instead

Note: The updated constant has a different type:
  ∀ {M : Type u_4} {N : Type u_5} {F : Type u_9} [inst : Mul M] [inst_1 : Mul N] [inst_2 : FunLike F M N]
    [MulHomClass F M N] (f : F) (x y : M), f (x * y) = f x * f y
instead of
  ∀ {m : Type u_2} {n : Type u_3} (R : Type u_11) (A : Type u_12) [inst : CommSemiring R] [inst_1 : Fintype n]
    [inst_2 : Fintype m] [inst_3 : DecidableEq m] [inst_4 : DecidableEq n] [inst_5 : Semiring A] [inst_6 : Algebra R A]
    (e : m ≃ n) (M N : _root_.Matrix m m A),
    (Matrix.reindexAlgEquiv R A e) (M * N) = (Matrix.reindexAlgEquiv R A e) M * (Matrix.reindexAlgEquiv R A e) N

Note: The updated constant is in a different namespace. Dot notation may need to be changed (e.g., from `x.reindexAlgEquiv_mul` to `map_mul x`).
warning: QuantumBlockEncoding/Robin/SymmetryXorFourSlotPrimitive.lean:528:6: `Matrix.reindexAlgEquiv_mul` has been deprecated: Use `map_mul` instead

Note: The updated constant has a different type:
  ∀ {M : Type u_4} {N : Type u_5} {F : Type u_9} [inst : Mul M] [inst_1 : Mul N] [inst_2 : FunLike F M N]
    [MulHomClass F M N] (f : F) (x y : M), f (x * y) = f x * f y
instead of
  ∀ {m : Type u_2} {n : Type u_3} (R : Type u_11) (A : Type u_12) [inst : CommSemiring R] [inst_1 : Fintype n]
    [inst_2 : Fintype m] [inst_3 : DecidableEq m] [inst_4 : DecidableEq n] [inst_5 : Semiring A] [inst_6 : Algebra R A]
    (e : m ≃ n) (M N : _root_.Matrix m m A),
    (Matrix.reindexAlgEquiv R A e) (M * N) = (Matrix.reindexAlgEquiv R A e) M * (Matrix.reindexAlgEquiv R A e) N

Note: The updated constant is in a different namespace. Dot notation may need to be changed (e.g., from `x.reindexAlgEquiv_mul` to `map_mul x`).
warning: QuantumBlockEncoding/Robin/SymmetryXorFourSlotPrimitive.lean:598:13: `Matrix.reindexAlgEquiv_apply` has been deprecated: Use `Matrix.coe_reindexAlgEquiv` instead

Note: The updated constant has a different type:
  ∀ {m : Type u_2} {n : Type u_3} (R : Type u_11) (A : Type u_12) [inst : CommSemiring R] [inst_1 : Fintype n]
    [inst_2 : Fintype m] [inst_3 : DecidableEq m] [inst_4 : DecidableEq n] [inst_5 : Semiring A] [inst_6 : Algebra R A]
    (e : m ≃ n), ⇑(Matrix.reindexAlgEquiv R A e) = ⇑(Matrix.reindex e e)
instead of
  ∀ {m : Type u_2} {n : Type u_3} (R : Type u_11) (A : Type u_12) [inst : CommSemiring R] [inst_1 : Fintype n]
    [inst_2 : Fintype m] [inst_3 : DecidableEq m] [inst_4 : DecidableEq n] [inst_5 : Semiring A] [inst_6 : Algebra R A]
    (e : m ≃ n) (M : _root_.Matrix m m A), (Matrix.reindexAlgEquiv R A e) M = (Matrix.reindex e e) M
warning: QuantumBlockEncoding/Robin/SymmetryXorFourSlotPrimitive.lean:633:4: `Matrix.reindexAlgEquiv_apply` has been deprecated: Use `Matrix.coe_reindexAlgEquiv` instead

Note: The updated constant has a different type:
  ∀ {m : Type u_2} {n : Type u_3} (R : Type u_11) (A : Type u_12) [inst : CommSemiring R] [inst_1 : Fintype n]
    [inst_2 : Fintype m] [inst_3 : DecidableEq m] [inst_4 : DecidableEq n] [inst_5 : Semiring A] [inst_6 : Algebra R A]
    (e : m ≃ n), ⇑(Matrix.reindexAlgEquiv R A e) = ⇑(Matrix.reindex e e)
instead of
  ∀ {m : Type u_2} {n : Type u_3} (R : Type u_11) (A : Type u_12) [inst : CommSemiring R] [inst_1 : Fintype n]
    [inst_2 : Fintype m] [inst_3 : DecidableEq m] [inst_4 : DecidableEq n] [inst_5 : Semiring A] [inst_6 : Algebra R A]
    (e : m ≃ n) (M : _root_.Matrix m m A), (Matrix.reindexAlgEquiv R A e) M = (Matrix.reindex e e) M
⚠ [3064/3273] Replayed QuantumBlockEncoding.Robin.PaperSevenPrepare
warning: QuantumBlockEncoding/Robin/PaperSevenPrepare.lean:255:10: This simp argument is unused:
  warmRobinPaperSevenSelectorPrepare

Hint: Omit it from the simp argument list.
  [apply] simp [warmRobinUniformSevenPrepareMatrix, warmRobinUniformSevenLowWires, warmRobinUniformSevenMiddleWires,
    warmRobinUniformSevenLowAngles, warmRobinUniformSevenMiddleAngles, warmRobinUniformSevenHighAngle,
    warmRobinUniformSevenTailAngle, primitiveControlAssignment, primitiveBits3LE, primitiveBits3LEWithout,
    standardRyMatrix, ComplexLCU.realRotation, ComplexLCU.realOrthogonalRotation, ExactAngle.eval, evalPrimitiveGate,
    liftPrimitiveOneQubit_apply, splitPrimitiveWire_other_apply, _root_.Matrix.mul_apply, sumLE, Fin.sum_univ_succ]

Note: This linter can be disabled with `set_option linter.unusedSimpArgs false`
⚠ [3065/3273] Replayed QuantumBlockEncoding.Robin.PaperSevenLogicalUnitary
warning: QuantumBlockEncoding/Robin/PaperSevenLogicalUnitary.lean:176:4: `Matrix.reindexAlgEquiv_apply` has been deprecated: Use `Matrix.coe_reindexAlgEquiv` instead

Note: The updated constant has a different type:
  ∀ {m : Type u_2} {n : Type u_3} (R : Type u_11) (A : Type u_12) [inst : CommSemiring R] [inst_1 : Fintype n]
    [inst_2 : Fintype m] [inst_3 : DecidableEq m] [inst_4 : DecidableEq n] [inst_5 : Semiring A] [inst_6 : Algebra R A]
    (e : m ≃ n), ⇑(Matrix.reindexAlgEquiv R A e) = ⇑(Matrix.reindex e e)
instead of
  ∀ {m : Type u_2} {n : Type u_3} (R : Type u_11) (A : Type u_12) [inst : CommSemiring R] [inst_1 : Fintype n]
    [inst_2 : Fintype m] [inst_3 : DecidableEq m] [inst_4 : DecidableEq n] [inst_5 : Semiring A] [inst_6 : Algebra R A]
    (e : m ≃ n) (M : _root_.Matrix m m A), (Matrix.reindexAlgEquiv R A e) M = (Matrix.reindex e e) M
⚠ [3066/3273] Replayed QuantumBlockEncoding.Robin.PaperSevenPrimitive
warning: QuantumBlockEncoding/Robin/PaperSevenPrimitive.lean:182:27: `Matrix.reindexAlgEquiv_apply` has been deprecated: Use `Matrix.coe_reindexAlgEquiv` instead

Note: The updated constant has a different type:
  ∀ {m : Type u_2} {n : Type u_3} (R : Type u_11) (A : Type u_12) [inst : CommSemiring R] [inst_1 : Fintype n]
    [inst_2 : Fintype m] [inst_3 : DecidableEq m] [inst_4 : DecidableEq n] [inst_5 : Semiring A] [inst_6 : Algebra R A]
    (e : m ≃ n), ⇑(Matrix.reindexAlgEquiv R A e) = ⇑(Matrix.reindex e e)
instead of
  ∀ {m : Type u_2} {n : Type u_3} (R : Type u_11) (A : Type u_12) [inst : CommSemiring R] [inst_1 : Fintype n]
    [inst_2 : Fintype m] [inst_3 : DecidableEq m] [inst_4 : DecidableEq n] [inst_5 : Semiring A] [inst_6 : Algebra R A]
    (e : m ≃ n) (M : _root_.Matrix m m A), (Matrix.reindexAlgEquiv R A e) M = (Matrix.reindex e e) M
⚠ [3067/3273] Replayed QuantumBlockEncoding.Robin.PaperSevenAmplitudePrimitive
warning: QuantumBlockEncoding/Robin/PaperSevenAmplitudePrimitive.lean:109:4: `Matrix.reindexAlgEquiv_apply` has been deprecated: Use `Matrix.coe_reindexAlgEquiv` instead

Note: The updated constant has a different type:
  ∀ {m : Type u_2} {n : Type u_3} (R : Type u_11) (A : Type u_12) [inst : CommSemiring R] [inst_1 : Fintype n]
    [inst_2 : Fintype m] [inst_3 : DecidableEq m] [inst_4 : DecidableEq n] [inst_5 : Semiring A] [inst_6 : Algebra R A]
    (e : m ≃ n), ⇑(Matrix.reindexAlgEquiv R A e) = ⇑(Matrix.reindex e e)
instead of
  ∀ {m : Type u_2} {n : Type u_3} (R : Type u_11) (A : Type u_12) [inst : CommSemiring R] [inst_1 : Fintype n]
    [inst_2 : Fintype m] [inst_3 : DecidableEq m] [inst_4 : DecidableEq n] [inst_5 : Semiring A] [inst_6 : Algebra R A]
    (e : m ≃ n) (M : _root_.Matrix m m A), (Matrix.reindexAlgEquiv R A e) M = (Matrix.reindex e e) M
⚠ [3068/3273] Replayed QuantumBlockEncoding.Robin.PaperSevenPreparePrimitive
warning: QuantumBlockEncoding/Robin/PaperSevenPreparePrimitive.lean:94:4: `Matrix.reindexAlgEquiv_apply` has been deprecated: Use `Matrix.coe_reindexAlgEquiv` instead

Note: The updated constant has a different type:
  ∀ {m : Type u_2} {n : Type u_3} (R : Type u_11) (A : Type u_12) [inst : CommSemiring R] [inst_1 : Fintype n]
    [inst_2 : Fintype m] [inst_3 : DecidableEq m] [inst_4 : DecidableEq n] [inst_5 : Semiring A] [inst_6 : Algebra R A]
    (e : m ≃ n), ⇑(Matrix.reindexAlgEquiv R A e) = ⇑(Matrix.reindex e e)
instead of
  ∀ {m : Type u_2} {n : Type u_3} (R : Type u_11) (A : Type u_12) [inst : CommSemiring R] [inst_1 : Fintype n]
    [inst_2 : Fintype m] [inst_3 : DecidableEq m] [inst_4 : DecidableEq n] [inst_5 : Semiring A] [inst_6 : Algebra R A]
    (e : m ≃ n) (M : _root_.Matrix m m A), (Matrix.reindexAlgEquiv R A e) M = (Matrix.reindex e e) M
warning: QuantumBlockEncoding/Robin/PaperSevenPreparePrimitive.lean:107:16: Unused tactic linter: `norm_num` does nothing

Note: This linter can be disabled with `set_option linter.unusedTactic false`
warning: QuantumBlockEncoding/Robin/PaperSevenPreparePrimitive.lean:107:16: this tactic is never executed

Note: This linter can be disabled with `set_option linter.unreachableTactic false`
warning: QuantumBlockEncoding/Robin/PaperSevenPreparePrimitive.lean:143:4: `Matrix.reindexAlgEquiv_apply` has been deprecated: Use `Matrix.coe_reindexAlgEquiv` instead

Note: The updated constant has a different type:
  ∀ {m : Type u_2} {n : Type u_3} (R : Type u_11) (A : Type u_12) [inst : CommSemiring R] [inst_1 : Fintype n]
    [inst_2 : Fintype m] [inst_3 : DecidableEq m] [inst_4 : DecidableEq n] [inst_5 : Semiring A] [inst_6 : Algebra R A]
    (e : m ≃ n), ⇑(Matrix.reindexAlgEquiv R A e) = ⇑(Matrix.reindex e e)
instead of
  ∀ {m : Type u_2} {n : Type u_3} (R : Type u_11) (A : Type u_12) [inst : CommSemiring R] [inst_1 : Fintype n]
    [inst_2 : Fintype m] [inst_3 : DecidableEq m] [inst_4 : DecidableEq n] [inst_5 : Semiring A] [inst_6 : Algebra R A]
    (e : m ≃ n) (M : _root_.Matrix m m A), (Matrix.reindexAlgEquiv R A e) M = (Matrix.reindex e e) M
warning: QuantumBlockEncoding/Robin/PaperSevenPreparePrimitive.lean:204:4: `Matrix.reindexAlgEquiv_apply` has been deprecated: Use `Matrix.coe_reindexAlgEquiv` instead

Note: The updated constant has a different type:
  ∀ {m : Type u_2} {n : Type u_3} (R : Type u_11) (A : Type u_12) [inst : CommSemiring R] [inst_1 : Fintype n]
    [inst_2 : Fintype m] [inst_3 : DecidableEq m] [inst_4 : DecidableEq n] [inst_5 : Semiring A] [inst_6 : Algebra R A]
    (e : m ≃ n), ⇑(Matrix.reindexAlgEquiv R A e) = ⇑(Matrix.reindex e e)
instead of
  ∀ {m : Type u_2} {n : Type u_3} (R : Type u_11) (A : Type u_12) [inst : CommSemiring R] [inst_1 : Fintype n]
    [inst_2 : Fintype m] [inst_3 : DecidableEq m] [inst_4 : DecidableEq n] [inst_5 : Semiring A] [inst_6 : Algebra R A]
    (e : m ≃ n) (M : _root_.Matrix m m A), (Matrix.reindexAlgEquiv R A e) M = (Matrix.reindex e e) M
warning: QuantumBlockEncoding/Robin/PaperSevenPreparePrimitive.lean:264:6: `Matrix.reindexAlgEquiv_mul` has been deprecated: Use `map_mul` instead

Note: The updated constant has a different type:
  ∀ {M : Type u_4} {N : Type u_5} {F : Type u_9} [inst : Mul M] [inst_1 : Mul N] [inst_2 : FunLike F M N]
    [MulHomClass F M N] (f : F) (x y : M), f (x * y) = f x * f y
instead of
  ∀ {m : Type u_2} {n : Type u_3} (R : Type u_11) (A : Type u_12) [inst : CommSemiring R] [inst_1 : Fintype n]
    [inst_2 : Fintype m] [inst_3 : DecidableEq m] [inst_4 : DecidableEq n] [inst_5 : Semiring A] [inst_6 : Algebra R A]
    (e : m ≃ n) (M N : _root_.Matrix m m A),
    (Matrix.reindexAlgEquiv R A e) (M * N) = (Matrix.reindexAlgEquiv R A e) M * (Matrix.reindexAlgEquiv R A e) N

Note: The updated constant is in a different namespace. Dot notation may need to be changed (e.g., from `x.reindexAlgEquiv_mul` to `map_mul x`).
warning: QuantumBlockEncoding/Robin/PaperSevenPreparePrimitive.lean:265:6: `Matrix.reindexAlgEquiv_mul` has been deprecated: Use `map_mul` instead

Note: The updated constant has a different type:
  ∀ {M : Type u_4} {N : Type u_5} {F : Type u_9} [inst : Mul M] [inst_1 : Mul N] [inst_2 : FunLike F M N]
    [MulHomClass F M N] (f : F) (x y : M), f (x * y) = f x * f y
instead of
  ∀ {m : Type u_2} {n : Type u_3} (R : Type u_11) (A : Type u_12) [inst : CommSemiring R] [inst_1 : Fintype n]
    [inst_2 : Fintype m] [inst_3 : DecidableEq m] [inst_4 : DecidableEq n] [inst_5 : Semiring A] [inst_6 : Algebra R A]
    (e : m ≃ n) (M N : _root_.Matrix m m A),
    (Matrix.reindexAlgEquiv R A e) (M * N) = (Matrix.reindexAlgEquiv R A e) M * (Matrix.reindexAlgEquiv R A e) N

Note: The updated constant is in a different namespace. Dot notation may need to be changed (e.g., from `x.reindexAlgEquiv_mul` to `map_mul x`).
⚠ [3069/3273] Replayed QuantumBlockEncoding.Robin.PaperSevenT3
warning: QuantumBlockEncoding/Robin/PaperSevenT3.lean:65:6: `Matrix.reindexAlgEquiv_mul` has been deprecated: Use `map_mul` instead

Note: The updated constant has a different type:
  ∀ {M : Type u_4} {N : Type u_5} {F : Type u_9} [inst : Mul M] [inst_1 : Mul N] [inst_2 : FunLike F M N]
    [MulHomClass F M N] (f : F) (x y : M), f (x * y) = f x * f y
instead of
  ∀ {m : Type u_2} {n : Type u_3} (R : Type u_11) (A : Type u_12) [inst : CommSemiring R] [inst_1 : Fintype n]
    [inst_2 : Fintype m] [inst_3 : DecidableEq m] [inst_4 : DecidableEq n] [inst_5 : Semiring A] [inst_6 : Algebra R A]
    (e : m ≃ n) (M N : _root_.Matrix m m A),
    (Matrix.reindexAlgEquiv R A e) (M * N) = (Matrix.reindexAlgEquiv R A e) M * (Matrix.reindexAlgEquiv R A e) N

Note: The updated constant is in a different namespace. Dot notation may need to be changed (e.g., from `x.reindexAlgEquiv_mul` to `map_mul x`).
warning: QuantumBlockEncoding/Robin/PaperSevenT3.lean:66:6: `Matrix.reindexAlgEquiv_mul` has been deprecated: Use `map_mul` instead

Note: The updated constant has a different type:
  ∀ {M : Type u_4} {N : Type u_5} {F : Type u_9} [inst : Mul M] [inst_1 : Mul N] [inst_2 : FunLike F M N]
    [MulHomClass F M N] (f : F) (x y : M), f (x * y) = f x * f y
instead of
  ∀ {m : Type u_2} {n : Type u_3} (R : Type u_11) (A : Type u_12) [inst : CommSemiring R] [inst_1 : Fintype n]
    [inst_2 : Fintype m] [inst_3 : DecidableEq m] [inst_4 : DecidableEq n] [inst_5 : Semiring A] [inst_6 : Algebra R A]
    (e : m ≃ n) (M N : _root_.Matrix m m A),
    (Matrix.reindexAlgEquiv R A e) (M * N) = (Matrix.reindexAlgEquiv R A e) M * (Matrix.reindexAlgEquiv R A e) N

Note: The updated constant is in a different namespace. Dot notation may need to be changed (e.g., from `x.reindexAlgEquiv_mul` to `map_mul x`).
warning: QuantumBlockEncoding/Robin/PaperSevenT3.lean:67:6: `Matrix.reindexAlgEquiv_mul` has been deprecated: Use `map_mul` instead

Note: The updated constant has a different type:
  ∀ {M : Type u_4} {N : Type u_5} {F : Type u_9} [inst : Mul M] [inst_1 : Mul N] [inst_2 : FunLike F M N]
    [MulHomClass F M N] (f : F) (x y : M), f (x * y) = f x * f y
instead of
  ∀ {m : Type u_2} {n : Type u_3} (R : Type u_11) (A : Type u_12) [inst : CommSemiring R] [inst_1 : Fintype n]
    [inst_2 : Fintype m] [inst_3 : DecidableEq m] [inst_4 : DecidableEq n] [inst_5 : Semiring A] [inst_6 : Algebra R A]
    (e : m ≃ n) (M N : _root_.Matrix m m A),
    (Matrix.reindexAlgEquiv R A e) (M * N) = (Matrix.reindexAlgEquiv R A e) M * (Matrix.reindexAlgEquiv R A e) N

Note: The updated constant is in a different namespace. Dot notation may need to be changed (e.g., from `x.reindexAlgEquiv_mul` to `map_mul x`).
warning: QuantumBlockEncoding/Robin/PaperSevenT3.lean:107:13: `Matrix.reindexAlgEquiv_apply` has been deprecated: Use `Matrix.coe_reindexAlgEquiv` instead

Note: The updated constant has a different type:
  ∀ {m : Type u_2} {n : Type u_3} (R : Type u_11) (A : Type u_12) [inst : CommSemiring R] [inst_1 : Fintype n]
    [inst_2 : Fintype m] [inst_3 : DecidableEq m] [inst_4 : DecidableEq n] [inst_5 : Semiring A] [inst_6 : Algebra R A]
    (e : m ≃ n), ⇑(Matrix.reindexAlgEquiv R A e) = ⇑(Matrix.reindex e e)
instead of
  ∀ {m : Type u_2} {n : Type u_3} (R : Type u_11) (A : Type u_12) [inst : CommSemiring R] [inst_1 : Fintype n]
    [inst_2 : Fintype m] [inst_3 : DecidableEq m] [inst_4 : DecidableEq n] [inst_5 : Semiring A] [inst_6 : Algebra R A]
    (e : m ≃ n) (M : _root_.Matrix m m A), (Matrix.reindexAlgEquiv R A e) M = (Matrix.reindex e e) M
warning: QuantumBlockEncoding/Robin/PaperSevenT3.lean:111:13: `Matrix.reindexAlgEquiv_apply` has been deprecated: Use `Matrix.coe_reindexAlgEquiv` instead

Note: The updated constant has a different type:
  ∀ {m : Type u_2} {n : Type u_3} (R : Type u_11) (A : Type u_12) [inst : CommSemiring R] [inst_1 : Fintype n]
    [inst_2 : Fintype m] [inst_3 : DecidableEq m] [inst_4 : DecidableEq n] [inst_5 : Semiring A] [inst_6 : Algebra R A]
    (e : m ≃ n), ⇑(Matrix.reindexAlgEquiv R A e) = ⇑(Matrix.reindex e e)
instead of
  ∀ {m : Type u_2} {n : Type u_3} (R : Type u_11) (A : Type u_12) [inst : CommSemiring R] [inst_1 : Fintype n]
    [inst_2 : Fintype m] [inst_3 : DecidableEq m] [inst_4 : DecidableEq n] [inst_5 : Semiring A] [inst_6 : Algebra R A]
    (e : m ≃ n) (M : _root_.Matrix m m A), (Matrix.reindexAlgEquiv R A e) M = (Matrix.reindex e e) M
warning: QuantumBlockEncoding/Robin/PaperSevenT3.lean:109:4: This simp argument is unused:
  Equiv.symm_symm

Hint: Omit it from the simp argument list.
  [apply] simp only [_root_.Matrix.reindexAlgEquiv_apply, _root_.Matrix.reindex_apply, _root_.Matrix.submatrix_apply,
    Equiv.symm_apply_apply]

Note: This linter can be disabled with `set_option linter.unusedSimpArgs false`
warning: QuantumBlockEncoding/Robin/PaperSevenT3.lean:232:13: `Matrix.reindexAlgEquiv_apply` has been deprecated: Use `Matrix.coe_reindexAlgEquiv` instead

Note: The updated constant has a different type:
  ∀ {m : Type u_2} {n : Type u_3} (R : Type u_11) (A : Type u_12) [inst : CommSemiring R] [inst_1 : Fintype n]
    [inst_2 : Fintype m] [inst_3 : DecidableEq m] [inst_4 : DecidableEq n] [inst_5 : Semiring A] [inst_6 : Algebra R A]
    (e : m ≃ n), ⇑(Matrix.reindexAlgEquiv R A e) = ⇑(Matrix.reindex e e)
instead of
  ∀ {m : Type u_2} {n : Type u_3} (R : Type u_11) (A : Type u_12) [inst : CommSemiring R] [inst_1 : Fintype n]
    [inst_2 : Fintype m] [inst_3 : DecidableEq m] [inst_4 : DecidableEq n] [inst_5 : Semiring A] [inst_6 : Algebra R A]
    (e : m ≃ n) (M : _root_.Matrix m m A), (Matrix.reindexAlgEquiv R A e) M = (Matrix.reindex e e) M
⚠ [3071/3273] Replayed QuantumBlockEncoding.Robin.Figure4Loaders
warning: QuantumBlockEncoding/Robin/Figure4Loaders.lean:109:4: try 'simp' instead of 'simpa'

Note: This linter can be disabled with `set_option linter.unnecessarySimpa false`
warning: QuantumBlockEncoding/Robin/Figure4Loaders.lean:191:4: try 'simp' instead of 'simpa'

Note: This linter can be disabled with `set_option linter.unnecessarySimpa false`
warning: QuantumBlockEncoding/Robin/Figure4Loaders.lean:179:60: This simp argument is unused:
  if_pos

Hint: Omit it from the simp argument list.
  [apply] simp only [warmRobinFigure4BoundaryLoaderAngle, active, ExactAngle.eval]

Note: This linter can be disabled with `set_option linter.unusedSimpArgs false`
warning: QuantumBlockEncoding/Robin/Figure4Loaders.lean:180:6: This simp argument is unused:
  ExactAngle.eval

Hint: Omit it from the simp argument list.
  [apply] simp only [warmRobinFigure4BoundaryLoaderAngle, active, if_pos]

Note: This linter can be disabled with `set_option linter.unusedSimpArgs false`
⚠ [3072/3273] Replayed QuantumBlockEncoding.Robin.Figure4PreparePrimitive
warning: QuantumBlockEncoding/Robin/Figure4PreparePrimitive.lean:104:4: `Matrix.reindexAlgEquiv_apply` has been deprecated: Use `Matrix.coe_reindexAlgEquiv` instead

Note: The updated constant has a different type:
  ∀ {m : Type u_2} {n : Type u_3} (R : Type u_11) (A : Type u_12) [inst : CommSemiring R] [inst_1 : Fintype n]
    [inst_2 : Fintype m] [inst_3 : DecidableEq m] [inst_4 : DecidableEq n] [inst_5 : Semiring A] [inst_6 : Algebra R A]
    (e : m ≃ n), ⇑(Matrix.reindexAlgEquiv R A e) = ⇑(Matrix.reindex e e)
instead of
  ∀ {m : Type u_2} {n : Type u_3} (R : Type u_11) (A : Type u_12) [inst : CommSemiring R] [inst_1 : Fintype n]
    [inst_2 : Fintype m] [inst_3 : DecidableEq m] [inst_4 : DecidableEq n] [inst_5 : Semiring A] [inst_6 : Algebra R A]
    (e : m ≃ n) (M : _root_.Matrix m m A), (Matrix.reindexAlgEquiv R A e) M = (Matrix.reindex e e) M
warning: QuantumBlockEncoding/Robin/Figure4PreparePrimitive.lean:117:16: Unused tactic linter: `norm_num` does nothing

Note: This linter can be disabled with `set_option linter.unusedTactic false`
warning: QuantumBlockEncoding/Robin/Figure4PreparePrimitive.lean:117:16: this tactic is never executed

Note: This linter can be disabled with `set_option linter.unreachableTactic false`
warning: QuantumBlockEncoding/Robin/Figure4PreparePrimitive.lean:153:4: `Matrix.reindexAlgEquiv_apply` has been deprecated: Use `Matrix.coe_reindexAlgEquiv` instead

Note: The updated constant has a different type:
  ∀ {m : Type u_2} {n : Type u_3} (R : Type u_11) (A : Type u_12) [inst : CommSemiring R] [inst_1 : Fintype n]
    [inst_2 : Fintype m] [inst_3 : DecidableEq m] [inst_4 : DecidableEq n] [inst_5 : Semiring A] [inst_6 : Algebra R A]
    (e : m ≃ n), ⇑(Matrix.reindexAlgEquiv R A e) = ⇑(Matrix.reindex e e)
instead of
  ∀ {m : Type u_2} {n : Type u_3} (R : Type u_11) (A : Type u_12) [inst : CommSemiring R] [inst_1 : Fintype n]
    [inst_2 : Fintype m] [inst_3 : DecidableEq m] [inst_4 : DecidableEq n] [inst_5 : Semiring A] [inst_6 : Algebra R A]
    (e : m ≃ n) (M : _root_.Matrix m m A), (Matrix.reindexAlgEquiv R A e) M = (Matrix.reindex e e) M
warning: QuantumBlockEncoding/Robin/Figure4PreparePrimitive.lean:177:22: This simp argument is unused:
  warmRobinFigure4SelectorBits_decode

Hint: Omit it from the simp argument list.
  [apply] simp

Note: This linter can be disabled with `set_option linter.unusedSimpArgs false`
warning: QuantumBlockEncoding/Robin/Figure4PreparePrimitive.lean:213:4: `Matrix.reindexAlgEquiv_apply` has been deprecated: Use `Matrix.coe_reindexAlgEquiv` instead

Note: The updated constant has a different type:
  ∀ {m : Type u_2} {n : Type u_3} (R : Type u_11) (A : Type u_12) [inst : CommSemiring R] [inst_1 : Fintype n]
    [inst_2 : Fintype m] [inst_3 : DecidableEq m] [inst_4 : DecidableEq n] [inst_5 : Semiring A] [inst_6 : Algebra R A]
    (e : m ≃ n), ⇑(Matrix.reindexAlgEquiv R A e) = ⇑(Matrix.reindex e e)
instead of
  ∀ {m : Type u_2} {n : Type u_3} (R : Type u_11) (A : Type u_12) [inst : CommSemiring R] [inst_1 : Fintype n]
    [inst_2 : Fintype m] [inst_3 : DecidableEq m] [inst_4 : DecidableEq n] [inst_5 : Semiring A] [inst_6 : Algebra R A]
    (e : m ≃ n) (M : _root_.Matrix m m A), (Matrix.reindexAlgEquiv R A e) M = (Matrix.reindex e e) M
warning: QuantumBlockEncoding/Robin/Figure4PreparePrimitive.lean:237:22: This simp argument is unused:
  warmRobinFigure4SelectorBits_decode

Hint: Omit it from the simp argument list.
  [apply] simp

Note: This linter can be disabled with `set_option linter.unusedSimpArgs false`
warning: QuantumBlockEncoding/Robin/Figure4PreparePrimitive.lean:280:6: `Matrix.reindexAlgEquiv_mul` has been deprecated: Use `map_mul` instead

Note: The updated constant has a different type:
  ∀ {M : Type u_4} {N : Type u_5} {F : Type u_9} [inst : Mul M] [inst_1 : Mul N] [inst_2 : FunLike F M N]
    [MulHomClass F M N] (f : F) (x y : M), f (x * y) = f x * f y
instead of
  ∀ {m : Type u_2} {n : Type u_3} (R : Type u_11) (A : Type u_12) [inst : CommSemiring R] [inst_1 : Fintype n]
    [inst_2 : Fintype m] [inst_3 : DecidableEq m] [inst_4 : DecidableEq n] [inst_5 : Semiring A] [inst_6 : Algebra R A]
    (e : m ≃ n) (M N : _root_.Matrix m m A),
    (Matrix.reindexAlgEquiv R A e) (M * N) = (Matrix.reindexAlgEquiv R A e) M * (Matrix.reindexAlgEquiv R A e) N

Note: The updated constant is in a different namespace. Dot notation may need to be changed (e.g., from `x.reindexAlgEquiv_mul` to `map_mul x`).
warning: QuantumBlockEncoding/Robin/Figure4PreparePrimitive.lean:281:6: `Matrix.reindexAlgEquiv_mul` has been deprecated: Use `map_mul` instead

Note: The updated constant has a different type:
  ∀ {M : Type u_4} {N : Type u_5} {F : Type u_9} [inst : Mul M] [inst_1 : Mul N] [inst_2 : FunLike F M N]
    [MulHomClass F M N] (f : F) (x y : M), f (x * y) = f x * f y
instead of
  ∀ {m : Type u_2} {n : Type u_3} (R : Type u_11) (A : Type u_12) [inst : CommSemiring R] [inst_1 : Fintype n]
    [inst_2 : Fintype m] [inst_3 : DecidableEq m] [inst_4 : DecidableEq n] [inst_5 : Semiring A] [inst_6 : Algebra R A]
    (e : m ≃ n) (M N : _root_.Matrix m m A),
    (Matrix.reindexAlgEquiv R A e) (M * N) = (Matrix.reindexAlgEquiv R A e) M * (Matrix.reindexAlgEquiv R A e) N

Note: The updated constant is in a different namespace. Dot notation may need to be changed (e.g., from `x.reindexAlgEquiv_mul` to `map_mul x`).
⚠ [3073/3273] Replayed QuantumBlockEncoding.Robin.Figure4MiddlePrimitive
warning: QuantumBlockEncoding/Robin/Figure4MiddlePrimitive.lean:55:8: `Matrix.reindexAlgEquiv_mul` has been deprecated: Use `map_mul` instead

Note: The updated constant has a different type:
  ∀ {M : Type u_4} {N : Type u_5} {F : Type u_9} [inst : Mul M] [inst_1 : Mul N] [inst_2 : FunLike F M N]
    [MulHomClass F M N] (f : F) (x y : M), f (x * y) = f x * f y
instead of
  ∀ {m : Type u_2} {n : Type u_3} (R : Type u_11) (A : Type u_12) [inst : CommSemiring R] [inst_1 : Fintype n]
    [inst_2 : Fintype m] [inst_3 : DecidableEq m] [inst_4 : DecidableEq n] [inst_5 : Semiring A] [inst_6 : Algebra R A]
    (e : m ≃ n) (M N : _root_.Matrix m m A),
    (Matrix.reindexAlgEquiv R A e) (M * N) = (Matrix.reindexAlgEquiv R A e) M * (Matrix.reindexAlgEquiv R A e) N

Note: The updated constant is in a different namespace. Dot notation may need to be changed (e.g., from `x.reindexAlgEquiv_mul` to `map_mul x`).
warning: QuantumBlockEncoding/Robin/Figure4MiddlePrimitive.lean:57:13: `Matrix.reindexAlgEquiv_apply` has been deprecated: Use `Matrix.coe_reindexAlgEquiv` instead

Note: The updated constant has a different type:
  ∀ {m : Type u_2} {n : Type u_3} (R : Type u_11) (A : Type u_12) [inst : CommSemiring R] [inst_1 : Fintype n]
    [inst_2 : Fintype m] [inst_3 : DecidableEq m] [inst_4 : DecidableEq n] [inst_5 : Semiring A] [inst_6 : Algebra R A]
    (e : m ≃ n), ⇑(Matrix.reindexAlgEquiv R A e) = ⇑(Matrix.reindex e e)
instead of
  ∀ {m : Type u_2} {n : Type u_3} (R : Type u_11) (A : Type u_12) [inst : CommSemiring R] [inst_1 : Fintype n]
    [inst_2 : Fintype m] [inst_3 : DecidableEq m] [inst_4 : DecidableEq n] [inst_5 : Semiring A] [inst_6 : Algebra R A]
    (e : m ≃ n) (M : _root_.Matrix m m A), (Matrix.reindexAlgEquiv R A e) M = (Matrix.reindex e e) M
warning: QuantumBlockEncoding/Robin/Figure4MiddlePrimitive.lean:60:4: This simp argument is unused:
  warmRobinFigure4TransportInput_coefficient

Hint: Omit it from the simp argument list.
  [apply] simp only [_root_.Matrix.reindexAlgEquiv_apply, _root_.Matrix.reindex_apply, _root_.Matrix.submatrix_apply,
    Equiv.symm_symm, _root_.Matrix.blockDiagonal_apply, warmRobinFigure4BulkAssignment_transportInput,
    warmRobinFigure4BoundaryAssignment_transportInput, if_pos]

Note: This linter can be disabled with `set_option linter.unusedSimpArgs false`
warning: QuantumBlockEncoding/Robin/Figure4MiddlePrimitive.lean:111:10: `Matrix.reindexAlgEquiv_mul` has been deprecated: Use `map_mul` instead

Note: The updated constant has a different type:
  ∀ {M : Type u_4} {N : Type u_5} {F : Type u_9} [inst : Mul M] [inst_1 : Mul N] [inst_2 : FunLike F M N]
    [MulHomClass F M N] (f : F) (x y : M), f (x * y) = f x * f y
instead of
  ∀ {m : Type u_2} {n : Type u_3} (R : Type u_11) (A : Type u_12) [inst : CommSemiring R] [inst_1 : Fintype n]
    [inst_2 : Fintype m] [inst_3 : DecidableEq m] [inst_4 : DecidableEq n] [inst_5 : Semiring A] [inst_6 : Algebra R A]
    (e : m ≃ n) (M N : _root_.Matrix m m A),
    (Matrix.reindexAlgEquiv R A e) (M * N) = (Matrix.reindexAlgEquiv R A e) M * (Matrix.reindexAlgEquiv R A e) N

Note: The updated constant is in a different namespace. Dot notation may need to be changed (e.g., from `x.reindexAlgEquiv_mul` to `map_mul x`).
warning: QuantumBlockEncoding/Robin/Figure4MiddlePrimitive.lean:117:15: `Matrix.reindexAlgEquiv_apply` has been deprecated: Use `Matrix.coe_reindexAlgEquiv` instead

Note: The updated constant has a different type:
  ∀ {m : Type u_2} {n : Type u_3} (R : Type u_11) (A : Type u_12) [inst : CommSemiring R] [inst_1 : Fintype n]
    [inst_2 : Fintype m] [inst_3 : DecidableEq m] [inst_4 : DecidableEq n] [inst_5 : Semiring A] [inst_6 : Algebra R A]
    (e : m ≃ n), ⇑(Matrix.reindexAlgEquiv R A e) = ⇑(Matrix.reindex e e)
instead of
  ∀ {m : Type u_2} {n : Type u_3} (R : Type u_11) (A : Type u_12) [inst : CommSemiring R] [inst_1 : Fintype n]
    [inst_2 : Fintype m] [inst_3 : DecidableEq m] [inst_4 : DecidableEq n] [inst_5 : Semiring A] [inst_6 : Algebra R A]
    (e : m ≃ n) (M : _root_.Matrix m m A), (Matrix.reindexAlgEquiv R A e) M = (Matrix.reindex e e) M
warning: QuantumBlockEncoding/Robin/Figure4MiddlePrimitive.lean:137:10: `Matrix.reindexAlgEquiv_mul` has been deprecated: Use `map_mul` instead

Note: The updated constant has a different type:
  ∀ {M : Type u_4} {N : Type u_5} {F : Type u_9} [inst : Mul M] [inst_1 : Mul N] [inst_2 : FunLike F M N]
    [MulHomClass F M N] (f : F) (x y : M), f (x * y) = f x * f y
instead of
  ∀ {m : Type u_2} {n : Type u_3} (R : Type u_11) (A : Type u_12) [inst : CommSemiring R] [inst_1 : Fintype n]
    [inst_2 : Fintype m] [inst_3 : DecidableEq m] [inst_4 : DecidableEq n] [inst_5 : Semiring A] [inst_6 : Algebra R A]
    (e : m ≃ n) (M N : _root_.Matrix m m A),
    (Matrix.reindexAlgEquiv R A e) (M * N) = (Matrix.reindexAlgEquiv R A e) M * (Matrix.reindexAlgEquiv R A e) N

Note: The updated constant is in a different namespace. Dot notation may need to be changed (e.g., from `x.reindexAlgEquiv_mul` to `map_mul x`).
warning: QuantumBlockEncoding/Robin/Figure4MiddlePrimitive.lean:153:15: `Matrix.reindexAlgEquiv_apply` has been deprecated: Use `Matrix.coe_reindexAlgEquiv` instead

Note: The updated constant has a different type:
  ∀ {m : Type u_2} {n : Type u_3} (R : Type u_11) (A : Type u_12) [inst : CommSemiring R] [inst_1 : Fintype n]
    [inst_2 : Fintype m] [inst_3 : DecidableEq m] [inst_4 : DecidableEq n] [inst_5 : Semiring A] [inst_6 : Algebra R A]
    (e : m ≃ n), ⇑(Matrix.reindexAlgEquiv R A e) = ⇑(Matrix.reindex e e)
instead of
  ∀ {m : Type u_2} {n : Type u_3} (R : Type u_11) (A : Type u_12) [inst : CommSemiring R] [inst_1 : Fintype n]
    [inst_2 : Fintype m] [inst_3 : DecidableEq m] [inst_4 : DecidableEq n] [inst_5 : Semiring A] [inst_6 : Algebra R A]
    (e : m ≃ n) (M : _root_.Matrix m m A), (Matrix.reindexAlgEquiv R A e) M = (Matrix.reindex e e) M
warning: QuantumBlockEncoding/Robin/Figure4MiddlePrimitive.lean:134:22: This simp argument is unused:
  if_neg

Hint: Omit it from the simp argument list.
  [apply] simp only [equal]

Note: This linter can be disabled with `set_option linter.unusedSimpArgs false`
warning: QuantumBlockEncoding/Robin/Figure4MiddlePrimitive.lean:156:25: This simp argument is unused:
  if_neg

Hint: Omit it from the simp argument list.
  [apply] simp only [_root_.Matrix.reindexAlgEquiv_apply, _root_.Matrix.reindex_apply, _root_.Matrix.submatrix_apply,
    Equiv.symm_symm, _root_.Matrix.blockDiagonal_apply, contextsDifferent, if_false]

Note: This linter can be disabled with `set_option linter.unusedSimpArgs false`
⚠ [3074/3273] Replayed QuantumBlockEncoding.Robin.Figure4T3
warning: QuantumBlockEncoding/Robin/Figure4T3.lean:115:15: `Matrix.reindexAlgEquiv_apply` has been deprecated: Use `Matrix.coe_reindexAlgEquiv` instead

Note: The updated constant has a different type:
  ∀ {m : Type u_2} {n : Type u_3} (R : Type u_11) (A : Type u_12) [inst : CommSemiring R] [inst_1 : Fintype n]
    [inst_2 : Fintype m] [inst_3 : DecidableEq m] [inst_4 : DecidableEq n] [inst_5 : Semiring A] [inst_6 : Algebra R A]
    (e : m ≃ n), ⇑(Matrix.reindexAlgEquiv R A e) = ⇑(Matrix.reindex e e)
instead of
  ∀ {m : Type u_2} {n : Type u_3} (R : Type u_11) (A : Type u_12) [inst : CommSemiring R] [inst_1 : Fintype n]
    [inst_2 : Fintype m] [inst_3 : DecidableEq m] [inst_4 : DecidableEq n] [inst_5 : Semiring A] [inst_6 : Algebra R A]
    (e : m ≃ n) (M : _root_.Matrix m m A), (Matrix.reindexAlgEquiv R A e) M = (Matrix.reindex e e) M
warning: QuantumBlockEncoding/Robin/Figure4T3.lean:142:6: `Matrix.reindexAlgEquiv_mul` has been deprecated: Use `map_mul` instead

Note: The updated constant has a different type:
  ∀ {M : Type u_4} {N : Type u_5} {F : Type u_9} [inst : Mul M] [inst_1 : Mul N] [inst_2 : FunLike F M N]
    [MulHomClass F M N] (f : F) (x y : M), f (x * y) = f x * f y
instead of
  ∀ {m : Type u_2} {n : Type u_3} (R : Type u_11) (A : Type u_12) [inst : CommSemiring R] [inst_1 : Fintype n]
    [inst_2 : Fintype m] [inst_3 : DecidableEq m] [inst_4 : DecidableEq n] [inst_5 : Semiring A] [inst_6 : Algebra R A]
    (e : m ≃ n) (M N : _root_.Matrix m m A),
    (Matrix.reindexAlgEquiv R A e) (M * N) = (Matrix.reindexAlgEquiv R A e) M * (Matrix.reindexAlgEquiv R A e) N

Note: The updated constant is in a different namespace. Dot notation may need to be changed (e.g., from `x.reindexAlgEquiv_mul` to `map_mul x`).
warning: QuantumBlockEncoding/Robin/Figure4T3.lean:143:6: `Matrix.reindexAlgEquiv_mul` has been deprecated: Use `map_mul` instead

Note: The updated constant has a different type:
  ∀ {M : Type u_4} {N : Type u_5} {F : Type u_9} [inst : Mul M] [inst_1 : Mul N] [inst_2 : FunLike F M N]
    [MulHomClass F M N] (f : F) (x y : M), f (x * y) = f x * f y
instead of
  ∀ {m : Type u_2} {n : Type u_3} (R : Type u_11) (A : Type u_12) [inst : CommSemiring R] [inst_1 : Fintype n]
    [inst_2 : Fintype m] [inst_3 : DecidableEq m] [inst_4 : DecidableEq n] [inst_5 : Semiring A] [inst_6 : Algebra R A]
    (e : m ≃ n) (M N : _root_.Matrix m m A),
    (Matrix.reindexAlgEquiv R A e) (M * N) = (Matrix.reindexAlgEquiv R A e) M * (Matrix.reindexAlgEquiv R A e) N

Note: The updated constant is in a different namespace. Dot notation may need to be changed (e.g., from `x.reindexAlgEquiv_mul` to `map_mul x`).
warning: QuantumBlockEncoding/Robin/Figure4T3.lean:259:13: `Matrix.reindexAlgEquiv_apply` has been deprecated: Use `Matrix.coe_reindexAlgEquiv` instead

Note: The updated constant has a different type:
  ∀ {m : Type u_2} {n : Type u_3} (R : Type u_11) (A : Type u_12) [inst : CommSemiring R] [inst_1 : Fintype n]
    [inst_2 : Fintype m] [inst_3 : DecidableEq m] [inst_4 : DecidableEq n] [inst_5 : Semiring A] [inst_6 : Algebra R A]
    (e : m ≃ n), ⇑(Matrix.reindexAlgEquiv R A e) = ⇑(Matrix.reindex e e)
instead of
  ∀ {m : Type u_2} {n : Type u_3} (R : Type u_11) (A : Type u_12) [inst : CommSemiring R] [inst_1 : Fintype n]
    [inst_2 : Fintype m] [inst_3 : DecidableEq m] [inst_4 : DecidableEq n] [inst_5 : Semiring A] [inst_6 : Algebra R A]
    (e : m ≃ n) (M : _root_.Matrix m m A), (Matrix.reindexAlgEquiv R A e) M = (Matrix.reindex e e) M
warning: QuantumBlockEncoding/Robin/Figure4T3.lean:263:13: `Matrix.reindexAlgEquiv_apply` has been deprecated: Use `Matrix.coe_reindexAlgEquiv` instead

Note: The updated constant has a different type:
  ∀ {m : Type u_2} {n : Type u_3} (R : Type u_11) (A : Type u_12) [inst : CommSemiring R] [inst_1 : Fintype n]
    [inst_2 : Fintype m] [inst_3 : DecidableEq m] [inst_4 : DecidableEq n] [inst_5 : Semiring A] [inst_6 : Algebra R A]
    (e : m ≃ n), ⇑(Matrix.reindexAlgEquiv R A e) = ⇑(Matrix.reindex e e)
instead of
  ∀ {m : Type u_2} {n : Type u_3} (R : Type u_11) (A : Type u_12) [inst : CommSemiring R] [inst_1 : Fintype n]
    [inst_2 : Fintype m] [inst_3 : DecidableEq m] [inst_4 : DecidableEq n] [inst_5 : Semiring A] [inst_6 : Algebra R A]
    (e : m ≃ n) (M : _root_.Matrix m m A), (Matrix.reindexAlgEquiv R A e) M = (Matrix.reindex e e) M
warning: QuantumBlockEncoding/Robin/Figure4T3.lean:261:4: This simp argument is unused:
  Equiv.symm_symm

Hint: Omit it from the simp argument list.
  [apply] simp only [_root_.Matrix.reindexAlgEquiv_apply, _root_.Matrix.reindex_apply, _root_.Matrix.submatrix_apply,
    Equiv.symm_apply_apply]

Note: This linter can be disabled with `set_option linter.unusedSimpArgs false`
⚠ [3169/3273] Replayed QuantumBlockEncoding.TextbookStatePreparation
warning: QuantumBlockEncoding/TextbookStatePreparation.lean:66:39: This simp argument is unused:
  Pi.single_apply

Hint: Omit it from the simp argument list.
  [apply] simp [zeroKet, oneState, basisKet, h10, h01]

Note: This linter can be disabled with `set_option linter.unusedSimpArgs false`
warning: QuantumBlockEncoding/TextbookStatePreparation.lean:80:39: This simp argument is unused:
  Pi.single_apply

Hint: Omit it from the simp argument list.
  [apply] simp [zeroKet, oneState, basisKet, zeroBasisIndex, zeroIndex, oneIndex, Fin.mk.injEq]

Note: This linter can be disabled with `set_option linter.unusedSimpArgs false`
warning: QuantumBlockEncoding/TextbookStatePreparation.lean:81:43: This simp argument is unused:
  Fin.mk.injEq

Hint: Omit it from the simp argument list.
  [apply] simp [zeroKet, oneState, basisKet, Pi.single_apply, zeroBasisIndex, zeroIndex, oneIndex]

Note: This linter can be disabled with `set_option linter.unusedSimpArgs false`
⚠ [3171/3273] Replayed QuantumBlockEncoding.StatePreparationPrimitiveRoutes
warning: QuantumBlockEncoding/StatePreparationPrimitiveRoutes.lean:140:35: `Matrix.reindexAlgEquiv_mul` has been deprecated: Use `map_mul` instead

Note: The updated constant has a different type:
  ∀ {M : Type u_4} {N : Type u_5} {F : Type u_9} [inst : Mul M] [inst_1 : Mul N] [inst_2 : FunLike F M N]
    [MulHomClass F M N] (f : F) (x y : M), f (x * y) = f x * f y
instead of
  ∀ {m : Type u_2} {n : Type u_3} (R : Type u_11) (A : Type u_12) [inst : CommSemiring R] [inst_1 : Fintype n]
    [inst_2 : Fintype m] [inst_3 : DecidableEq m] [inst_4 : DecidableEq n] [inst_5 : Semiring A] [inst_6 : Algebra R A]
    (e : m ≃ n) (M N : _root_.Matrix m m A),
    (Matrix.reindexAlgEquiv R A e) (M * N) = (Matrix.reindexAlgEquiv R A e) M * (Matrix.reindexAlgEquiv R A e) N

Note: The updated constant is in a different namespace. Dot notation may need to be changed (e.g., from `x.reindexAlgEquiv_mul` to `map_mul x`).
warning: QuantumBlockEncoding/StatePreparationPrimitiveRoutes.lean:153:23: `Matrix.reindexAlgEquiv_apply` has been deprecated: Use `Matrix.coe_reindexAlgEquiv` instead

Note: The updated constant has a different type:
  ∀ {m : Type u_2} {n : Type u_3} (R : Type u_11) (A : Type u_12) [inst : CommSemiring R] [inst_1 : Fintype n]
    [inst_2 : Fintype m] [inst_3 : DecidableEq m] [inst_4 : DecidableEq n] [inst_5 : Semiring A] [inst_6 : Algebra R A]
    (e : m ≃ n), ⇑(Matrix.reindexAlgEquiv R A e) = ⇑(Matrix.reindex e e)
instead of
  ∀ {m : Type u_2} {n : Type u_3} (R : Type u_11) (A : Type u_12) [inst : CommSemiring R] [inst_1 : Fintype n]
    [inst_2 : Fintype m] [inst_3 : DecidableEq m] [inst_4 : DecidableEq n] [inst_5 : Semiring A] [inst_6 : Algebra R A]
    (e : m ≃ n) (M : _root_.Matrix m m A), (Matrix.reindexAlgEquiv R A e) M = (Matrix.reindex e e) M
warning: QuantumBlockEncoding/StatePreparationPrimitiveRoutes.lean:155:33: Used `tac1 <;> tac2` where `(tac1; tac2)` would suffice

Note: This linter can be disabled with `set_option linter.unnecessarySeqFocus false`
warning: QuantumBlockEncoding/StatePreparationPrimitiveRoutes.lean:176:26: `Matrix.reindexAlgEquiv_apply` has been deprecated: Use `Matrix.coe_reindexAlgEquiv` instead

Note: The updated constant has a different type:
  ∀ {m : Type u_2} {n : Type u_3} (R : Type u_11) (A : Type u_12) [inst : CommSemiring R] [inst_1 : Fintype n]
    [inst_2 : Fintype m] [inst_3 : DecidableEq m] [inst_4 : DecidableEq n] [inst_5 : Semiring A] [inst_6 : Algebra R A]
    (e : m ≃ n), ⇑(Matrix.reindexAlgEquiv R A e) = ⇑(Matrix.reindex e e)
instead of
  ∀ {m : Type u_2} {n : Type u_3} (R : Type u_11) (A : Type u_12) [inst : CommSemiring R] [inst_1 : Fintype n]
    [inst_2 : Fintype m] [inst_3 : DecidableEq m] [inst_4 : DecidableEq n] [inst_5 : Semiring A] [inst_6 : Algebra R A]
    (e : m ≃ n) (M : _root_.Matrix m m A), (Matrix.reindexAlgEquiv R A e) M = (Matrix.reindex e e) M
⚠ [3172/3273] Replayed QuantumBlockEncoding.StatePreparationBellRoute
warning: QuantumBlockEncoding/StatePreparationBellRoute.lean:59:4: `Matrix.reindexAlgEquiv_apply` has been deprecated: Use `Matrix.coe_reindexAlgEquiv` instead

Note: The updated constant has a different type:
  ∀ {m : Type u_2} {n : Type u_3} (R : Type u_11) (A : Type u_12) [inst : CommSemiring R] [inst_1 : Fintype n]
    [inst_2 : Fintype m] [inst_3 : DecidableEq m] [inst_4 : DecidableEq n] [inst_5 : Semiring A] [inst_6 : Algebra R A]
    (e : m ≃ n), ⇑(Matrix.reindexAlgEquiv R A e) = ⇑(Matrix.reindex e e)
instead of
  ∀ {m : Type u_2} {n : Type u_3} (R : Type u_11) (A : Type u_12) [inst : CommSemiring R] [inst_1 : Fintype n]
    [inst_2 : Fintype m] [inst_3 : DecidableEq m] [inst_4 : DecidableEq n] [inst_5 : Semiring A] [inst_6 : Algebra R A]
    (e : m ≃ n) (M : _root_.Matrix m m A), (Matrix.reindexAlgEquiv R A e) M = (Matrix.reindex e e) M
warning: QuantumBlockEncoding/StatePreparationBellRoute.lean:60:76: Used `tac1 <;> tac2` where `(tac1; tac2)` would suffice

Note: This linter can be disabled with `set_option linter.unnecessarySeqFocus false`
⚠ [3174/3273] Replayed QuantumBlockEncoding.StatePreparationPaperRoutesCompact
warning: QuantumBlockEncoding/StatePreparationPaperRoutesCompact.lean:289:4: try 'simp' instead of 'simpa'

Note: This linter can be disabled with `set_option linter.unnecessarySimpa false`
⚠ [3296/3399] Replayed QuantumBlockEncoding.HermitePolynomial
warning: QuantumBlockEncoding/HermitePolynomial.lean:42:6: `Polynomial.finset_sum_coeff` has been deprecated: Use `Polynomial.finsetSum_coeff` instead
⚠ [3297/3399] Replayed QuantumBlockEncoding.RealAmplitudePreparation
warning: QuantumBlockEncoding/RealAmplitudePreparation.lean:46:24: `Matrix.reindexAlgEquiv_apply` has been deprecated: Use `Matrix.coe_reindexAlgEquiv` instead

Note: The updated constant has a different type:
  ∀ {m : Type u_2} {n : Type u_3} (R : Type u_11) (A : Type u_12) [inst : CommSemiring R] [inst_1 : Fintype n]
    [inst_2 : Fintype m] [inst_3 : DecidableEq m] [inst_4 : DecidableEq n] [inst_5 : Semiring A] [inst_6 : Algebra R A]
    (e : m ≃ n), ⇑(Matrix.reindexAlgEquiv R A e) = ⇑(Matrix.reindex e e)
instead of
  ∀ {m : Type u_2} {n : Type u_3} (R : Type u_11) (A : Type u_12) [inst : CommSemiring R] [inst_1 : Fintype n]
    [inst_2 : Fintype m] [inst_3 : DecidableEq m] [inst_4 : DecidableEq n] [inst_5 : Semiring A] [inst_6 : Algebra R A]
    (e : m ≃ n) (M : _root_.Matrix m m A), (Matrix.reindexAlgEquiv R A e) M = (Matrix.reindex e e) M
warning: QuantumBlockEncoding/RealAmplitudePreparation.lean:404:13: `Matrix.reindexAlgEquiv_apply` has been deprecated: Use `Matrix.coe_reindexAlgEquiv` instead

Note: The updated constant has a different type:
  ∀ {m : Type u_2} {n : Type u_3} (R : Type u_11) (A : Type u_12) [inst : CommSemiring R] [inst_1 : Fintype n]
    [inst_2 : Fintype m] [inst_3 : DecidableEq m] [inst_4 : DecidableEq n] [inst_5 : Semiring A] [inst_6 : Algebra R A]
    (e : m ≃ n), ⇑(Matrix.reindexAlgEquiv R A e) = ⇑(Matrix.reindex e e)
instead of
  ∀ {m : Type u_2} {n : Type u_3} (R : Type u_11) (A : Type u_12) [inst : CommSemiring R] [inst_1 : Fintype n]
    [inst_2 : Fintype m] [inst_3 : DecidableEq m] [inst_4 : DecidableEq n] [inst_5 : Semiring A] [inst_6 : Algebra R A]
    (e : m ≃ n) (M : _root_.Matrix m m A), (Matrix.reindexAlgEquiv R A e) M = (Matrix.reindex e e) M
⚠ [3305/3399] Replayed QuantumBlockEncoding.HermiteCutRank
warning: QuantumBlockEncoding/HermiteCutRank.lean:257:13: This simp argument is unused:
  Matrix.add_apply

Hint: Omit it from the simp argument list.
  [apply] simp only [Matrix.neg_apply, hneg, hgrid]

Note: This linter can be disabled with `set_option linter.unusedSimpArgs false`
warning: QuantumBlockEncoding/HermiteCutRank.lean:257:31: This simp argument is unused:
  Matrix.neg_apply

Hint: Omit it from the simp argument list.
  [apply] simp only [Matrix.add_apply, hneg, hgrid]

Note: This linter can be disabled with `set_option linter.unusedSimpArgs false`
⚠ [3321/3399] Replayed QuantumBlockEncoding.HermiteBernstein
warning: QuantumBlockEncoding/HermiteBernstein.lean:330:16: `Polynomial.eval_finset_sum` has been deprecated: Use `Polynomial.eval_finsetSum` instead
⚠ [3328/3399] Replayed QuantumBlockEncoding.RealIsometryCompletion
warning: QuantumBlockEncoding/RealIsometryCompletion.lean:42:41: `Set.restrict` has been deprecated: Use `Set.domRestrict` instead
⚠ [3329/3399] Replayed QuantumBlockEncoding.HermiteBoundaryInjection
warning: QuantumBlockEncoding/HermiteBoundaryInjection.lean:303:45: Used `tac1 <;> tac2` where `(tac1; tac2)` would suffice

Note: This linter can be disabled with `set_option linter.unnecessarySeqFocus false`
warning: QuantumBlockEncoding/HermiteBoundaryInjection.lean:561:45: Used `tac1 <;> tac2` where `(tac1; tac2)` would suffice

Note: This linter can be disabled with `set_option linter.unnecessarySeqFocus false`
warning: QuantumBlockEncoding/HermiteBoundaryInjection.lean:767:69: Used `tac1 <;> tac2` where `(tac1; tac2)` would suffice

Note: This linter can be disabled with `set_option linter.unnecessarySeqFocus false`
⚠ [3331/3399] Replayed QuantumBlockEncoding.GrayGivensCompiler
warning: QuantumBlockEncoding/GrayGivensCompiler.lean:73:28: `Matrix.reindexAlgEquiv_apply` has been deprecated: Use `Matrix.coe_reindexAlgEquiv` instead

Note: The updated constant has a different type:
  ∀ {m : Type u_2} {n : Type u_3} (R : Type u_11) (A : Type u_12) [inst : CommSemiring R] [inst_1 : Fintype n]
    [inst_2 : Fintype m] [inst_3 : DecidableEq m] [inst_4 : DecidableEq n] [inst_5 : Semiring A] [inst_6 : Algebra R A]
    (e : m ≃ n), ⇑(Matrix.reindexAlgEquiv R A e) = ⇑(Matrix.reindex e e)
instead of
  ∀ {m : Type u_2} {n : Type u_3} (R : Type u_11) (A : Type u_12) [inst : CommSemiring R] [inst_1 : Fintype n]
    [inst_2 : Fintype m] [inst_3 : DecidableEq m] [inst_4 : DecidableEq n] [inst_5 : Semiring A] [inst_6 : Algebra R A]
    (e : m ≃ n) (M : _root_.Matrix m m A), (Matrix.reindexAlgEquiv R A e) M = (Matrix.reindex e e) M
warning: QuantumBlockEncoding/GrayGivensCompiler.lean:180:25: `Matrix.reindexAlgEquiv_apply` has been deprecated: Use `Matrix.coe_reindexAlgEquiv` instead

Note: The updated constant has a different type:
  ∀ {m : Type u_2} {n : Type u_3} (R : Type u_11) (A : Type u_12) [inst : CommSemiring R] [inst_1 : Fintype n]
    [inst_2 : Fintype m] [inst_3 : DecidableEq m] [inst_4 : DecidableEq n] [inst_5 : Semiring A] [inst_6 : Algebra R A]
    (e : m ≃ n), ⇑(Matrix.reindexAlgEquiv R A e) = ⇑(Matrix.reindex e e)
instead of
  ∀ {m : Type u_2} {n : Type u_3} (R : Type u_11) (A : Type u_12) [inst : CommSemiring R] [inst_1 : Fintype n]
    [inst_2 : Fintype m] [inst_3 : DecidableEq m] [inst_4 : DecidableEq n] [inst_5 : Semiring A] [inst_6 : Algebra R A]
    (e : m ≃ n) (M : _root_.Matrix m m A), (Matrix.reindexAlgEquiv R A e) M = (Matrix.reindex e e) M
warning: QuantumBlockEncoding/GrayGivensCompiler.lean:191:51: `Matrix.reindexAlgEquiv_apply` has been deprecated: Use `Matrix.coe_reindexAlgEquiv` instead

Note: The updated constant has a different type:
  ∀ {m : Type u_2} {n : Type u_3} (R : Type u_11) (A : Type u_12) [inst : CommSemiring R] [inst_1 : Fintype n]
    [inst_2 : Fintype m] [inst_3 : DecidableEq m] [inst_4 : DecidableEq n] [inst_5 : Semiring A] [inst_6 : Algebra R A]
    (e : m ≃ n), ⇑(Matrix.reindexAlgEquiv R A e) = ⇑(Matrix.reindex e e)
instead of
  ∀ {m : Type u_2} {n : Type u_3} (R : Type u_11) (A : Type u_12) [inst : CommSemiring R] [inst_1 : Fintype n]
    [inst_2 : Fintype m] [inst_3 : DecidableEq m] [inst_4 : DecidableEq n] [inst_5 : Semiring A] [inst_6 : Algebra R A]
    (e : m ≃ n) (M : _root_.Matrix m m A), (Matrix.reindexAlgEquiv R A e) M = (Matrix.reindex e e) M
⚠ [3333/3399] Replayed QuantumBlockEncoding.TensorTrainLocalCompiler
warning: QuantumBlockEncoding/TensorTrainLocalCompiler.lean:31:15: `Matrix.reindexAlgEquiv_apply` has been deprecated: Use `Matrix.coe_reindexAlgEquiv` instead

Note: The updated constant has a different type:
  ∀ {m : Type u_2} {n : Type u_3} (R : Type u_11) (A : Type u_12) [inst : CommSemiring R] [inst_1 : Fintype n]
    [inst_2 : Fintype m] [inst_3 : DecidableEq m] [inst_4 : DecidableEq n] [inst_5 : Semiring A] [inst_6 : Algebra R A]
    (e : m ≃ n), ⇑(Matrix.reindexAlgEquiv R A e) = ⇑(Matrix.reindex e e)
instead of
  ∀ {m : Type u_2} {n : Type u_3} (R : Type u_11) (A : Type u_12) [inst : CommSemiring R] [inst_1 : Fintype n]
    [inst_2 : Fintype m] [inst_3 : DecidableEq m] [inst_4 : DecidableEq n] [inst_5 : Semiring A] [inst_6 : Algebra R A]
    (e : m ≃ n) (M : _root_.Matrix m m A), (Matrix.reindexAlgEquiv R A e) M = (Matrix.reindex e e) M
warning: QuantumBlockEncoding/TensorTrainLocalCompiler.lean:33:18: `Matrix.reindexAlgEquiv_apply` has been deprecated: Use `Matrix.coe_reindexAlgEquiv` instead

Note: The updated constant has a different type:
  ∀ {m : Type u_2} {n : Type u_3} (R : Type u_11) (A : Type u_12) [inst : CommSemiring R] [inst_1 : Fintype n]
    [inst_2 : Fintype m] [inst_3 : DecidableEq m] [inst_4 : DecidableEq n] [inst_5 : Semiring A] [inst_6 : Algebra R A]
    (e : m ≃ n), ⇑(Matrix.reindexAlgEquiv R A e) = ⇑(Matrix.reindex e e)
instead of
  ∀ {m : Type u_2} {n : Type u_3} (R : Type u_11) (A : Type u_12) [inst : CommSemiring R] [inst_1 : Fintype n]
    [inst_2 : Fintype m] [inst_3 : DecidableEq m] [inst_4 : DecidableEq n] [inst_5 : Semiring A] [inst_6 : Algebra R A]
    (e : m ≃ n) (M : _root_.Matrix m m A), (Matrix.reindexAlgEquiv R A e) M = (Matrix.reindex e e) M
⚠ [3335/3399] Replayed QuantumBlockEncoding.TensorTrainWord
warning: QuantumBlockEncoding/TensorTrainWord.lean:24:49: Used `tac1 <;> tac2` where `(tac1; tac2)` would suffice

Note: This linter can be disabled with `set_option linter.unnecessarySeqFocus false`
⚠ [3343/3399] Replayed QuantumBlockEncoding.RectangularGivens
warning: QuantumBlockEncoding/RectangularGivens.lean:141:12: try 'simp' instead of 'simpa'

Note: This linter can be disabled with `set_option linter.unnecessarySimpa false`
⚠ [3346/3399] Replayed QuantumBlockEncoding.ConstructiveIsometryCompletion
warning: QuantumBlockEncoding/ConstructiveIsometryCompletion.lean:343:15: `Matrix.reindexAlgEquiv_apply` has been deprecated: Use `Matrix.coe_reindexAlgEquiv` instead

Note: The updated constant has a different type:
  ∀ {m : Type u_2} {n : Type u_3} (R : Type u_11) (A : Type u_12) [inst : CommSemiring R] [inst_1 : Fintype n]
    [inst_2 : Fintype m] [inst_3 : DecidableEq m] [inst_4 : DecidableEq n] [inst_5 : Semiring A] [inst_6 : Algebra R A]
    (e : m ≃ n), ⇑(Matrix.reindexAlgEquiv R A e) = ⇑(Matrix.reindex e e)
instead of
  ∀ {m : Type u_2} {n : Type u_3} (R : Type u_11) (A : Type u_12) [inst : CommSemiring R] [inst_1 : Fintype n]
    [inst_2 : Fintype m] [inst_3 : DecidableEq m] [inst_4 : DecidableEq n] [inst_5 : Semiring A] [inst_6 : Algebra R A]
    (e : m ≃ n) (M : _root_.Matrix m m A), (Matrix.reindexAlgEquiv R A e) M = (Matrix.reindex e e) M
warning: QuantumBlockEncoding/ConstructiveIsometryCompletion.lean:345:21: `Matrix.reindexAlgEquiv_apply` has been deprecated: Use `Matrix.coe_reindexAlgEquiv` instead

Note: The updated constant has a different type:
  ∀ {m : Type u_2} {n : Type u_3} (R : Type u_11) (A : Type u_12) [inst : CommSemiring R] [inst_1 : Fintype n]
    [inst_2 : Fintype m] [inst_3 : DecidableEq m] [inst_4 : DecidableEq n] [inst_5 : Semiring A] [inst_6 : Algebra R A]
    (e : m ≃ n), ⇑(Matrix.reindexAlgEquiv R A e) = ⇑(Matrix.reindex e e)
instead of
  ∀ {m : Type u_2} {n : Type u_3} (R : Type u_11) (A : Type u_12) [inst : CommSemiring R] [inst_1 : Fintype n]
    [inst_2 : Fintype m] [inst_3 : DecidableEq m] [inst_4 : DecidableEq n] [inst_5 : Semiring A] [inst_6 : Algebra R A]
    (e : m ≃ n) (M : _root_.Matrix m m A), (Matrix.reindexAlgEquiv R A e) M = (Matrix.reindex e e) M
⚠ [3395/3399] Replayed QuantumBlockEncoding.StoredMatrixProductChain
warning: QuantumBlockEncoding/StoredMatrixProductChain.lean:107:59: Used `tac1 <;> tac2` where `(tac1; tac2)` would suffice

Note: This linter can be disabled with `set_option linter.unnecessarySeqFocus false`
Build completed successfully (3399 jobs).
