warning: verso: repository '<repo>\.lake/packages\verso' has local changes
'HermiteSavedStageInterpreter.flip_flip' depends on axioms: [propext, Classical.choice, Quot.sound]
'HermiteSavedStageInterpreter.bit_flip' depends on axioms: [propext, Classical.choice, Quot.sound]
'HermiteSavedStageInterpreter.bit_flip_other' depends on axioms: [propext, Classical.choice, Quot.sound]
'HermiteSavedStageInterpreter.cxRow_involutive' depends on axioms: [propext, Classical.choice, Quot.sound]
'HermiteSavedStageInterpreter.identity_encloses' depends on axioms: [propext, Classical.choice, Quot.sound]
'HermiteSavedStageInterpreter.step_encloses' depends on axioms: [propext, Classical.choice, Quot.sound]
'HermiteSavedStageInterpreter.word_encloses' depends on axioms: [propext, Classical.choice, Quot.sound]
'HermiteSavedStageInterpreter.stage_enclosure' depends on axioms: [propext, Classical.choice, Quot.sound]
'HermiteSavedStageInterpreter.stage_midpoint_error' depends on axioms: [propext, Classical.choice, Quot.sound]
'HermiteSavedStageInterpreter.changing_target_CX_full_matrix' depends on axioms: [propext, Classical.choice, Quot.sound]
'HermiteSavedStageInterpreter.changing_target_CX_end_error' depends on axioms: [propext, Classical.choice, Quot.sound]
'HermiteSavedStageInterpreter.actual_first_saved_angle_full_matrix' depends on axioms: [propext,
 Classical.choice,
 Quot.sound]
HermiteSavedStageInterpreter.stage_enclosure {width : ℕ} (word : List (Instruction width)) (degree bits : ℕ)
  (i j : Basis width) : Mem (intervalWord word degree bits intervalIdentity i j) (realWord word realIdentity i j)
HermiteSavedStageInterpreter.stage_midpoint_error {width : ℕ} (word : List (Instruction width)) (degree bits : ℕ)
  (i j : Basis width) :
  |realWord word realIdentity i j -
        ↑(HermiteSavedRounding.midpoint (intervalWord word degree bits intervalIdentity i j))| ≤
    ↑(((intervalWord word degree bits intervalIdentity i j).hi -
          (intervalWord word degree bits intervalIdentity i j).lo) /
        2)
