warning: verso: repository '<repo>\.lake/packages\verso' has local changes
experiments/hermite-polynomial/precision/saved-stage-interpreter/SavedStageInterpreter.lean:16:5: error(lean.unknownIdentifier): Unknown constant `Nat.pow_lt_pow_right₀`
experiments/hermite-polynomial/precision/saved-stage-interpreter/SavedStageInterpreter.lean:61:8: warning: declaration uses `sorry`
experiments/hermite-polynomial/precision/saved-stage-interpreter/SavedStageInterpreter.lean:58:8: warning: declaration uses `sorry`
experiments/hermite-polynomial/precision/saved-stage-interpreter/SavedStageInterpreter.lean:61:14: warning: This simp argument is unused:
  Nat.xor_assoc

Hint: Omit it from the simp argument list.
  [apply] simp [flip]

Note: This linter can be disabled with `set_option linter.unusedSimpArgs false`
experiments/hermite-polynomial/precision/saved-stage-interpreter/SavedStageInterpreter.lean:65:13: warning: declaration uses `sorry`
experiments/hermite-polynomial/precision/saved-stage-interpreter/SavedStageInterpreter.lean:65:36: warning: This simp argument is unused:
  Nat.testBit_two_pow

Hint: Omit it from the simp argument list.
  [apply] simp [bit, flip, Nat.testBit_xor]

Note: This linter can be disabled with `set_option linter.unusedSimpArgs false`
experiments/hermite-polynomial/precision/saved-stage-interpreter/SavedStageInterpreter.lean:70:13: warning: declaration uses `sorry`
experiments/hermite-polynomial/precision/saved-stage-interpreter/SavedStageInterpreter.lean:70:36: warning: This simp argument is unused:
  Nat.testBit_two_pow

Hint: Omit it from the simp argument list.
  [apply] simp [bit, flip, Nat.testBit_xor, hv, Ne.symm hv]

Note: This linter can be disabled with `set_option linter.unusedSimpArgs false`
experiments/hermite-polynomial/precision/saved-stage-interpreter/SavedStageInterpreter.lean:70:57: warning: This simp argument is unused:
  hv

Hint: Omit it from the simp argument list.
  [apply] simp [bit, flip, Nat.testBit_xor, Nat.testBit_two_pow, Ne.symm hv]

Note: This linter can be disabled with `set_option linter.unusedSimpArgs false`
