BEGIN experiments/hermite-polynomial/precision/global-radius-budget/GlobalRadiusBudget.lean
warning: verso: repository '.\.lake/packages\verso' has local changes
'QuantumBlockEncoding.ExperimentalGlobalRadiusBudget.lipschitzQ_cast' depends on axioms: [propext,
 Classical.choice,
 Quot.sound]
'QuantumBlockEncoding.ExperimentalGlobalRadiusBudget.deltaRadius_positive' depends on axioms: [propext,
 Classical.choice,
 Quot.sound]
'QuantumBlockEncoding.ExperimentalGlobalRadiusBudget.allocatedRadius_positive' depends on axioms: [propext,
 Classical.choice,
 Quot.sound]
'QuantumBlockEncoding.ExperimentalGlobalRadiusBudget.allocatedRadius_error' depends on axioms: [propext,
 Classical.choice,
 Quot.sound]
'QuantumBlockEncoding.ExperimentalGlobalRadiusBudget.normalized_allocatedRadius_error' depends on axioms: [propext,
 Classical.choice,
 Quot.sound]
'QuantumBlockEncoding.ExperimentalGlobalRadiusBudget.allocatedTermCount_size' depends on axioms: [propext,
 Classical.choice,
 Quot.sound]
PASS experiments/hermite-polynomial/precision/global-radius-budget/GlobalRadiusBudget.lean
BEGIN experiments/hermite-polynomial/precision/piecewise-source-budget/PiecewiseSourceBudget.lean
warning: verso: repository '.\.lake/packages\verso' has local changes
'HermitePiecewiseSourceBudget.amplification_ge_one' depends on axioms: [propext, Classical.choice, Quot.sound]
'HermitePiecewiseSourceBudget.negativeMidpoint_error' depends on axioms: [propext, Classical.choice, Quot.sound]
'HermitePiecewiseSourceBudget.piecewise_error' depends on axioms: [propext, Classical.choice, Quot.sound]
'HermitePiecewiseSourceBudget.piecewise_central' depends on axioms: [propext, Classical.choice, Quot.sound]
'HermitePiecewiseSourceBudget.rationalGrid_cast' depends on axioms: [propext, Classical.choice, Quot.sound]
'HermitePiecewiseSourceBudget.rationalGrid_central' depends on axioms: [propext, Classical.choice, Quot.sound]
'HermitePiecewiseSourceBudget.finiteVector_central' depends on axioms: [propext, Classical.choice, Quot.sound]
'HermitePiecewiseSourceBudget.finiteVector_norm_floor' depends on axioms: [propext, Classical.choice, Quot.sound]
'HermitePiecewiseSourceBudget.radiusVector_norm_floor' depends on axioms: [propext, Classical.choice, Quot.sound]
'HermitePiecewiseSourceBudget.finiteVector_error' depends on axioms: [propext, Classical.choice, Quot.sound]
'HermitePiecewiseSourceBudget.sourceDelta_positive' depends on axioms: [propext, Classical.choice, Quot.sound]
'HermitePiecewiseSourceBudget.normalized_source_error' depends on axioms: [propext, Classical.choice, Quot.sound]
'HermitePiecewiseSourceBudget.normalized_original_error' depends on axioms: [propext, Classical.choice, Quot.sound]
PASS experiments/hermite-polynomial/precision/piecewise-source-budget/PiecewiseSourceBudget.lean
BEGIN QuantumBlockEncoding/HermiteTransferCores.lean
warning: verso: repository '.\.lake/packages\verso' has local changes
PASS QuantumBlockEncoding/HermiteTransferCores.lean
BEGIN QuantumBlockEncoding/MatrixProductChain.lean
warning: verso: repository '.\.lake/packages\verso' has local changes
PASS QuantumBlockEncoding/MatrixProductChain.lean
BEGIN QuantumBlockEncoding/StoredMatrixProductChain.lean
warning: verso: repository '.\.lake/packages\verso' has local changes
QuantumBlockEncoding/StoredMatrixProductChain.lean:107:59: warning: Used `tac1 <;> tac2` where `(tac1; tac2)` would suffice

Note: This linter can be disabled with `set_option linter.unnecessarySeqFocus false`
PASS QuantumBlockEncoding/StoredMatrixProductChain.lean
BEGIN experiments/hermite-polynomial/precision/piecewise-kernel-producer/ActualDecomposition.lean
warning: verso: repository '.\.lake/packages\verso' has local changes
'HermitePiecewiseKernelProducer.negativeMidpoint_split' depends on axioms: [propext, Classical.choice, Quot.sound]
'HermitePiecewiseKernelProducer.five_components' depends on axioms: [propext, Classical.choice, Quot.sound]
'HermitePiecewiseKernelProducer.actual_grid_five_components' depends on axioms: [propext, Classical.choice, Quot.sound]
PASS experiments/hermite-polynomial/precision/piecewise-kernel-producer/ActualDecomposition.lean
TAIL V2 INPUT BINDINGS UNCHANGED

