warning: verso: repository '<repo>\.lake/packages\verso' has local changes
experiments/hermite-polynomial/precision/complex-stage-transport-c20/ComplexStageTransport.lean:43:8: error: No goals to be solved
experiments/hermite-polynomial/precision/complex-stage-transport-c20/ComplexStageTransport.lean:54:55: error: unsolved goals
width : ℕ
h : castMatrix realIdentity = 1
⊢ (Matrix.reindexAlgEquiv ℂ ℂ (primitiveBasisLEEquiv width).symm) 1 = 1
experiments/hermite-polynomial/precision/complex-stage-transport-c20/ComplexStageTransport.lean:58:27: warning: This simp argument is unused:
  map_one

Hint: Omit it from the simp argument list.
  [apply] simp only [namedCast, h]

Note: This linter can be disabled with `set_option linter.unusedSimpArgs false`
experiments/hermite-polynomial/precision/complex-stage-transport-c20/ComplexStageTransport.lean:84:63: error: unsolved goals
width : ℕ
word : List (Instruction width)
degree bits : ℕ
hr : 0 ≤ ↑(maxRadius (intervalWord word degree bits intervalIdentity))
⊢ Fintype.card (Fin (2 ^ width)) = 2 ^ width
'HermiteComplexStageTransport.stage_operator_error' depends on axioms: [propext, sorryAx, Classical.choice, Quot.sound]
'HermiteComplexStageTransport.nominal_contraction' depends on axioms: [propext, Classical.choice, Quot.sound]
'HermiteComplexStageTransport.actual_stages_valid' depends on axioms: [propext, sorryAx, Classical.choice, Quot.sound]
'HermiteComplexStageTransport.nominalProduct_eq_flatten' depends on axioms: [propext, Classical.choice, Quot.sound]
'HermiteComplexStageTransport.actual_flatten_product_error' depends on axioms: [propext,
 sorryAx,
 Classical.choice,
 Quot.sound]
'HermiteComplexStageTransport.actual_flatten_apply_error' depends on axioms: [propext,
 sorryAx,
 Classical.choice,
 Quot.sound]
