warning: verso: repository '<repo>\.lake/packages\verso' has local changes
'HermiteComplexStageTransport.ConsumerChecksC20.arbitrary_complex_input_bound' depends on axioms: [propext,
 Classical.choice,
 Quot.sound]
'HermiteComplexStageTransport.ConsumerChecksC20.arbitrary_complex_nominal_contraction' depends on axioms: [propext,
 Classical.choice,
 Quot.sound]
'HermiteComplexStageTransport.ConsumerChecksC20.exact_saved_surrogate' depends on axioms: [propext,
 Classical.choice,
 Quot.sound]
'HermiteComplexStageTransport.ConsumerChecksC20.exact_saved_error' depends on axioms: [propext,
 Classical.choice,
 Quot.sound]
'HermiteComplexStageTransport.ConsumerChecksC20.chronological_two_stages' depends on axioms: [propext,
 Classical.choice,
 Quot.sound]
'HermiteComplexStageTransport.ConsumerChecksC20.spectator_bits_retained' depends on axioms: [propext,
 Classical.choice,
 Quot.sound]
'HermiteComplexStageTransport.ConsumerChecksC20.negative_rational_signed_halfangle' depends on axioms: [propext,
 Classical.choice,
 Quot.sound]
'HermiteComplexStageTransport.ConsumerChecksC20.cx_control_target_direction' depends on axioms: [propext,
 Classical.choice,
 Quot.sound]
'HermiteComplexStageTransport.ConsumerChecksC20.width_zero_nominal' depends on axioms: [propext,
 Classical.choice,
 Quot.sound]
'HermiteComplexStageTransport.ConsumerChecksC20.width_zero_arbitrary_complex_input' depends on axioms: [propext,
 Classical.choice,
 Quot.sound]
