warning: verso: repository '<repo>\.lake/packages\verso' has local changes
experiments/hermite-polynomial/precision/complex-stage-transport-c20/ConsumerChecksC20.lean:63:33: error(lean.unknownIdentifier): Unknown identifier `width_zero_word_empty`
experiments/hermite-polynomial/precision/complex-stage-transport-c20/ConsumerChecksC20.lean:69:7: error: don't know how to synthesize implicit argument `R`
  @growth (StageSpace (?m.35 degree bits x) →L[ℂ] StageSpace (?m.35 degree bits x)) (actualStages [[]] degree bits)
context:
degree bits : ℕ
x : EuclideanSpace ℂ (PrimitiveBasis 0)
⊢ Type

Note: All parameter types and holes (e.g., `_`) in the header of a theorem are resolved before the proof is processed; information from the proof cannot be used to infer what these values should be
experiments/hermite-polynomial/precision/complex-stage-transport-c20/ConsumerChecksC20.lean:69:15: error: don't know how to synthesize implicit argument `width`
  @actualStages (?m.35 degree bits x) [[]] degree bits
context:
degree bits : ℕ
x : EuclideanSpace ℂ (PrimitiveBasis 0)
⊢ ℕ

Note: All parameter types and holes (e.g., `_`) in the header of a theorem are resolved before the proof is processed; information from the proof cannot be used to infer what these values should be
experiments/hermite-polynomial/precision/complex-stage-transport-c20/ConsumerChecksC20.lean:69:28: error: don't know how to synthesize implicit argument `α`
  @List.cons (List (Instruction (?m.35 degree bits x))) [] []
context:
degree bits : ℕ
x : EuclideanSpace ℂ (PrimitiveBasis 0)
⊢ Type

Note: All parameter types and holes (e.g., `_`) in the header of a theorem are resolved before the proof is processed; information from the proof cannot be used to infer what these values should be
experiments/hermite-polynomial/precision/complex-stage-transport-c20/ConsumerChecksC20.lean:69:28: error: don't know how to synthesize implicit argument `α`
  @List.nil (List (Instruction (?m.35 degree bits x)))
context:
degree bits : ℕ
x : EuclideanSpace ℂ (PrimitiveBasis 0)
⊢ Type

Note: All parameter types and holes (e.g., `_`) in the header of a theorem are resolved before the proof is processed; information from the proof cannot be used to infer what these values should be
experiments/hermite-polynomial/precision/complex-stage-transport-c20/ConsumerChecksC20.lean:69:29: error: don't know how to synthesize implicit argument `α`
  @List.nil (Instruction (?m.35 degree bits x))
context:
degree bits : ℕ
x : EuclideanSpace ℂ (PrimitiveBasis 0)
⊢ Type

Note: All parameter types and holes (e.g., `_`) in the header of a theorem are resolved before the proof is processed; information from the proof cannot be used to infer what these values should be
'HermiteComplexStageTransport.ConsumerChecksC20.arbitrary_complex_input_bound' depends on axioms: [propext,
 Classical.choice,
 Quot.sound]
'HermiteComplexStageTransport.ConsumerChecksC20.arbitrary_complex_nominal_contraction' depends on axioms: [propext,
 Classical.choice,
 Quot.sound]
'HermiteComplexStageTransport.ConsumerChecksC20.exact_saved_surrogate' depends on axioms: [propext,
 Classical.choice,
 Quot.sound]
'HermiteComplexStageTransport.ConsumerChecksC20.exact_saved_error' depends on axioms: [propext,
 Classical.choice,
 Quot.sound]
'HermiteComplexStageTransport.ConsumerChecksC20.chronological_two_stages' depends on axioms: [propext,
 Classical.choice,
 Quot.sound]
'HermiteComplexStageTransport.ConsumerChecksC20.spectator_bits_retained' depends on axioms: [propext,
 Classical.choice,
 Quot.sound]
'HermiteComplexStageTransport.ConsumerChecksC20.negative_rational_signed_halfangle' depends on axioms: [propext,
 Classical.choice,
 Quot.sound]
'HermiteComplexStageTransport.ConsumerChecksC20.width_zero_nominal' depends on axioms: [propext,
 sorryAx,
 Classical.choice,
 Quot.sound]
'HermiteComplexStageTransport.ConsumerChecksC20.width_zero_arbitrary_complex_input' depends on axioms: [propext,
 Classical.choice,
 Quot.sound]
