BEGIN QuantumBlockEncoding/HermitePolynomial.lean
warning: verso: repository '[REPOSITORY]\.lake/packages\verso' has local changes
QuantumBlockEncoding/HermitePolynomial.lean:42:6: warning: `Polynomial.finset_sum_coeff` has been deprecated: Use `Polynomial.finsetSum_coeff` instead
PASS QuantumBlockEncoding/HermitePolynomial.lean
BEGIN QuantumBlockEncoding/HermiteStatePreparation.lean
warning: verso: repository '[REPOSITORY]\.lake/packages\verso' has local changes
PASS QuantumBlockEncoding/HermiteStatePreparation.lean
BEGIN QuantumBlockEncoding/HermiteIntervalMass.lean
warning: verso: repository '[REPOSITORY]\.lake/packages\verso' has local changes
PASS QuantumBlockEncoding/HermiteIntervalMass.lean
BEGIN experiments/hermite-polynomial/precision/coefficient-range/CoefficientRange.lean
warning: verso: repository '[REPOSITORY]\.lake/packages\verso' has local changes
QuantumBlockEncoding.ExperimentalCoefficientRange.sourceCoefficient_upper (k i : ℕ) (hi : i ≤ k) :
  sourceCoefficient k i ≤ (↑k + 1) * 2 ^ (2 * k)
QuantumBlockEncoding.ExperimentalCoefficientRange.leftCoefficient_upper (k r : ℕ) : leftCoefficient k r ≤ coarseBound k
QuantumBlockEncoding.ExperimentalCoefficientRange.sourceBernsteinCoefficient_range (k r : ℕ) :
  sourceBernsteinCoefficient k r ∈ Set.Icc 0 (2 * coarseBound k)
QuantumBlockEncoding.ExperimentalCoefficientRange.restricted_source_range (k : ℕ) (u v : ℝ) (hu : 0 ≤ u) (huv : u < v)
  (hv : v ≤ 1) (r : ℕ) (hr : r ≤ 2 * k + 1) :
  restrictCoefficients (2 * k + 1) u v (sourceBernsteinCoefficient k) r ∈ Set.Icc 0 (2 * coarseBound k)
QuantumBlockEncoding.ExperimentalCoefficientRange.factorial_output_bound (k : ℕ) : k.factorial ≤ factorialEnvelope k
QuantumBlockEncoding.ExperimentalCoefficientRange.commonDenominator_bound (k r : ℕ) :
  commonDenominator k r ≤ factorialEnvelope k * 2 ^ (2 * k + 1)
QuantumBlockEncoding.ExperimentalCoefficientRange.commonDenominator_pos (k r : ℕ) (hr : r ≤ 2 * k + 1) :
  0 < commonDenominator k r
'QuantumBlockEncoding.ExperimentalCoefficientRange.sourceCoefficient_upper' depends on axioms: [propext,
 Classical.choice,
 Quot.sound]
'QuantumBlockEncoding.ExperimentalCoefficientRange.leftCoefficient_upper' depends on axioms: [propext,
 Classical.choice,
 Quot.sound]
'QuantumBlockEncoding.ExperimentalCoefficientRange.sourceBernsteinCoefficient_range' depends on axioms: [propext,
 Classical.choice,
 Quot.sound]
'QuantumBlockEncoding.ExperimentalCoefficientRange.restricted_source_range' depends on axioms: [propext,
 Classical.choice,
 Quot.sound]
'QuantumBlockEncoding.ExperimentalCoefficientRange.factorial_output_bound' depends on axioms: [propext]
'QuantumBlockEncoding.ExperimentalCoefficientRange.commonDenominator_bound' depends on axioms: [propext,
 Classical.choice,
 Quot.sound]
'QuantumBlockEncoding.ExperimentalCoefficientRange.commonDenominator_pos' depends on axioms: [propext]
QuantumBlockEncoding.ExperimentalCoefficientRange.sourceNumerator_value (k i : ℕ) (hi : i ≤ k) :
  sourceCoefficient k i = ↑(sourceNumerator k i) / ↑k.factorial
QuantumBlockEncoding.ExperimentalCoefficientRange.leftNumerator_value (k r : ℕ) :
  leftCoefficient k r = ↑(leftNumerator k r) / ↑(commonDenominator k r)
QuantumBlockEncoding.ExperimentalCoefficientRange.leftNumerator_bound (k r : ℕ) (hr : r ≤ 2 * k + 1) :
  leftNumerator k r ≤ (k + 1) ^ 2 * 2 ^ (3 * k) * commonDenominator k r
QuantumBlockEncoding.ExperimentalCoefficientRange.commonDenominator_binary_bound (k r : ℕ) :
  commonDenominator k r ≤ 2 ^ (k * (k + 1) + 2 * k + 1)
QuantumBlockEncoding.ExperimentalCoefficientRange.leftNumerator_binary_bound (k r : ℕ) (hr : r ≤ 2 * k + 1) :
  leftNumerator k r ≤ 2 ^ ((k + 2) * (k + 1) + k * (k + 1) + 5 * k + 1)
'QuantumBlockEncoding.ExperimentalCoefficientRange.sourceNumerator_value' depends on axioms: [propext,
 Classical.choice,
 Quot.sound]
'QuantumBlockEncoding.ExperimentalCoefficientRange.leftNumerator_value' depends on axioms: [propext,
 Classical.choice,
 Quot.sound]
'QuantumBlockEncoding.ExperimentalCoefficientRange.leftNumerator_bound' depends on axioms: [propext,
 Classical.choice,
 Quot.sound]
'QuantumBlockEncoding.ExperimentalCoefficientRange.commonDenominator_binary_bound' depends on axioms: [propext,
 Classical.choice,
 Quot.sound]
'QuantumBlockEncoding.ExperimentalCoefficientRange.leftNumerator_binary_bound' depends on axioms: [propext,
 Classical.choice,
 Quot.sound]
QuantumBlockEncoding.ExperimentalCoefficientRange.fromConstant_range (k : ℕ) (e : ℝ) (he : e ∈ Set.Icc 0 1)
  (r : Fin (2 * k + 2)) : (StoredHermiteCoefficients.fromConstant k e).value[↑r] ∈ Set.Icc 0 (2 * coarseBound k)
QuantumBlockEncoding.ExperimentalCoefficientRange.rationalSource_value (k r p q : ℕ) (hr : r ≤ 2 * k + 1) (hq : 0 < q) :
  ↑p / ↑q * leftCoefficient k r + leftCoefficient k (2 * k + 1 - r) =
    ↑(rationalSourceNumerator k r p q) / ↑(rationalSourceDenominator k r q)
QuantumBlockEncoding.ExperimentalCoefficientRange.rationalSourceDenominator_pos (k r q : ℕ) (hr : r ≤ 2 * k + 1)
  (hq : 0 < q) : 0 < rationalSourceDenominator k r q
QuantumBlockEncoding.ExperimentalCoefficientRange.rationalSourceDenominator_bound (k r q : ℕ) :
  rationalSourceDenominator k r q ≤ q * 2 ^ (2 * (k * (k + 1) + 2 * k + 1))
QuantumBlockEncoding.ExperimentalCoefficientRange.rationalSourceNumerator_bound (k r p q : ℕ) (hr : r ≤ 2 * k + 1) :
  rationalSourceNumerator k r p q ≤ (p + q) * 2 ^ ((k + 2) * (k + 1) + 2 * k * (k + 1) + 7 * k + 2)
'QuantumBlockEncoding.ExperimentalCoefficientRange.fromConstant_range' depends on axioms: [propext,
 Classical.choice,
 Quot.sound]
'QuantumBlockEncoding.ExperimentalCoefficientRange.rationalSource_value' depends on axioms: [propext,
 Classical.choice,
 Quot.sound]
'QuantumBlockEncoding.ExperimentalCoefficientRange.rationalSourceDenominator_pos' depends on axioms: [propext]
'QuantumBlockEncoding.ExperimentalCoefficientRange.rationalSourceDenominator_bound' depends on axioms: [propext,
 Classical.choice,
 Quot.sound]
'QuantumBlockEncoding.ExperimentalCoefficientRange.rationalSourceNumerator_bound' depends on axioms: [propext,
 Classical.choice,
 Quot.sound]
PASS experiments/hermite-polynomial/precision/coefficient-range/CoefficientRange.lean
BEGIN experiments/hermite-polynomial/precision/finite-exp/FiniteExp.lean
warning: verso: repository '[REPOSITORY]\.lake/packages\verso' has local changes
experiments/hermite-polynomial/precision/finite-exp/FiniteExp.lean:87:6: warning: try 'simp' instead of 'simpa'

Note: This linter can be disabled with `set_option linter.unnecessarySimpa false`
'HermiteFiniteExp.error' depends on axioms: [propext, Classical.choice, Quot.sound]
'HermiteFiniteExp.tail_bound' depends on axioms: [propext, Classical.choice, Quot.sound]
'HermiteFiniteExp.membership' depends on axioms: [propext, Classical.choice, Quot.sound]
'HermiteFiniteExp.active_magnitude' depends on axioms: [propext, Classical.choice, Quot.sound]
'HermiteFiniteExp.checked_sound' depends on axioms: [propext, Classical.choice, Quot.sound]
'HermiteFiniteExp.tailCutoff_budget' depends on axioms: [propext, Classical.choice, Quot.sound]
'HermiteFiniteExp.tailCutoff_size' depends on axioms: [propext, Classical.choice, Quot.sound]
'HermiteFiniteExp.checked_tail' depends on axioms: [propext, Classical.choice, Quot.sound]
PASS experiments/hermite-polynomial/precision/finite-exp/FiniteExp.lean
BEGIN experiments/hermite-polynomial/precision/finite-exp-degree/FiniteExpDegree.lean
warning: verso: repository '[REPOSITORY]\.lake/packages\verso' has local changes
experiments/hermite-polynomial/precision/finite-exp-degree/FiniteExpDegree.lean:21:13: warning: this tactic is never executed

Note: This linter can be disabled with `set_option linter.unreachableTactic false`
experiments/hermite-polynomial/precision/finite-exp-degree/FiniteExpDegree.lean:21:13: warning: Unused tactic linter: `exact h` does nothing

Note: This linter can be disabled with `set_option linter.unusedTactic false`
'HermiteFiniteExpDegree.factorial_block' depends on axioms: [propext, Quot.sound]
'HermiteFiniteExpDegree.degree_formula' depends on axioms: [propext, Quot.sound]
'HermiteFiniteExpDegree.sourceDegree_size' depends on axioms: [propext, Classical.choice, Quot.sound]
'HermiteFiniteExpDegree.radius_degree' depends on axioms: [propext, Classical.choice, Quot.sound]
'HermiteFiniteExpDegree.checked_complete' depends on axioms: [propext, Classical.choice, Quot.sound]
'HermiteFiniteExpDegree.complete_enclosure' depends on axioms: [propext, Classical.choice, Quot.sound]
PASS experiments/hermite-polynomial/precision/finite-exp-degree/FiniteExpDegree.lean
BEGIN experiments/hermite-polynomial/precision/finite-middle-source/FiniteMiddleSource.lean
warning: verso: repository '[REPOSITORY]\.lake/packages\verso' has local changes
'HermiteFiniteMiddleSource.coefficientQ_cast' depends on axioms: [propext, Classical.choice, Quot.sound]
'HermiteFiniteMiddleSource.coefficientQ_formula' depends on axioms: [propext, Classical.choice, Quot.sound]
'HermiteFiniteMiddleSource.coefficientPolynomialQ_eval' depends on axioms: [propext, Classical.choice, Quot.sound]
'HermiteFiniteMiddleSource.endpointPolynomialQ_eval' depends on axioms: [propext, Classical.choice, Quot.sound]
'HermiteFiniteMiddleSource.middlePolynomialQ_eval' depends on axioms: [propext, Classical.choice, Quot.sound]
'HermiteFiniteMiddleSource.coefficientPolynomial_bound' depends on axioms: [propext, Classical.choice, Quot.sound]
'HermiteFiniteMiddleSource.endpointFactor_bound' depends on axioms: [propext, Classical.choice, Quot.sound]
'HermiteFiniteMiddleSource.expMidpoint_error' depends on axioms: [propext, Classical.choice, Quot.sound]
'HermiteFiniteMiddleSource.middle_error' depends on axioms: [propext, Classical.choice, Quot.sound]
'HermiteFiniteMiddleSource.middle_central' depends on axioms: [propext, Classical.choice, Quot.sound]
PASS experiments/hermite-polynomial/precision/finite-middle-source/FiniteMiddleSource.lean
BEGIN experiments/hermite-polynomial/precision/finite-middle-source/ConsumerChecks.lean
warning: verso: repository '[REPOSITORY]\.lake/packages\verso' has local changes
[1, 1, 1, 1, 1]
[true, true, true, true, true]
[1, 1, 1, 1, 1]
(1, 5, 29 / 2, 193 / 6)
(1 / 2, 3 / 4)
true
(true, true)
'HermiteFiniteMiddleSource.coefficientValueQ_eq' depends on axioms: [propext, Classical.choice, Quot.sound]
'HermiteFiniteMiddleSource.middleValueQ_eq' depends on axioms: [propext, Classical.choice, Quot.sound]
'HermiteFiniteMiddleSource.rational_middle_error' depends on axioms: [propext, Classical.choice, Quot.sound]
'HermiteFiniteMiddleSource.rational_central' depends on axioms: [propext, Classical.choice, Quot.sound]
'HermiteFiniteMiddleSource.literal_left_endpoint' depends on axioms: [propext, Classical.choice, Quot.sound]
PASS experiments/hermite-polynomial/precision/finite-middle-source/ConsumerChecks.lean
BEGIN experiments/hermite-polynomial/precision/NormalizationStability.lean
warning: verso: repository '[REPOSITORY]\.lake/packages\verso' has local changes
QuantumBlockEncoding.ExperimentalNormalizationStability.normalization_stability.{u_1} {E : Type u_1}
  [NormedAddCommGroup E] [NormedSpace ℝ E] (x y : E) (hx : x ≠ 0) :
  ‖NormedSpace.normalize y - NormedSpace.normalize x‖ ≤ 2 * ‖y - x‖ / ‖x‖
QuantumBlockEncoding.ExperimentalNormalizationStability.normalizer_relative_error {b s η : ℝ} (hb : 0 < b) (hη : 0 ≤ η)
  (small : η < 1) (error : |s - b| ≤ η * b) : 0 < s ∧ |b / s - 1| ≤ η / (1 - η)
QuantumBlockEncoding.ExperimentalNormalizationStability.hermite_norm_floor (k n : ℕ) (L : ℝ) :
  1 ≤ HermiteStatePreparation.sampleNorm k (n + 1) L
QuantumBlockEncoding.ExperimentalNormalizationStability.target_error_sq (k n : ℕ) (L : ℝ)
  (w : EuclideanSpace ℂ (Fin (gridSize (n + 1)))) :
  ‖w - targetVector k n L‖ ^ 2 =
    ∑ j, Complex.normSq (w.ofLp j - HermiteStatePreparation.normalizedAmplitude k (n + 1) L j)
QuantumBlockEncoding.ExperimentalNormalizationStability.hermite_scaled_error (k n : ℕ) (L : ℝ) {F δ : ℝ} (hF : 0 < F)
  (y : EuclideanSpace ℂ (Fin (gridSize (n + 1)))) (error : ‖y - F⁻¹ • sourceVector k n L‖ ≤ δ) :
  ‖NormedSpace.normalize y - targetVector k n L‖ ≤ 2 * F * δ
QuantumBlockEncoding.ExperimentalNormalizationStability.hermite_computed_nonzero (k n : ℕ) (L : ℝ) {F δ : ℝ}
  (hF : 0 < F) (y : EuclideanSpace ℂ (Fin (gridSize (n + 1)))) (error : ‖y - F⁻¹ • sourceVector k n L‖ ≤ δ)
  (small : F * δ < 1) : y ≠ 0
QuantumBlockEncoding.ExperimentalNormalizationStability.hermite_serialized_error (k n : ℕ) (L : ℝ) {F δ s τ ζ : ℝ}
  (hF : 0 < F) (y w : EuclideanSpace ℂ (Fin (gridSize (n + 1)))) (error : ‖y - F⁻¹ • sourceVector k n L‖ ≤ δ)
  (small : F * δ < 1) (_hs : 0 < s) (scalar_error : |‖y‖ / s - 1| ≤ τ) (output_error : ‖w - s⁻¹ • y‖ ≤ ζ) :
  ‖w - targetVector k n L‖ ≤ 2 * F * δ + τ + ζ
QuantumBlockEncoding.ExperimentalNormalizationStability.hermite_serialized_relative_error (k n : ℕ) (L : ℝ)
  {F δ s η ζ : ℝ} (hF : 0 < F) (y w : EuclideanSpace ℂ (Fin (gridSize (n + 1))))
  (error : ‖y - F⁻¹ • sourceVector k n L‖ ≤ δ) (small : F * δ < 1) (hη : 0 ≤ η) (ηsmall : η < 1)
  (norm_error : |s - ‖y‖| ≤ η * ‖y‖) (output_error : ‖w - s⁻¹ • y‖ ≤ ζ) :
  ‖w - targetVector k n L‖ ≤ 2 * F * δ + η / (1 - η) + ζ
'QuantumBlockEncoding.ExperimentalNormalizationStability.normalization_stability' depends on axioms: [propext,
 Classical.choice,
 Quot.sound]
'QuantumBlockEncoding.ExperimentalNormalizationStability.normalizer_relative_error' depends on axioms: [propext,
 Classical.choice,
 Quot.sound]
'QuantumBlockEncoding.ExperimentalNormalizationStability.hermite_scaled_error' depends on axioms: [propext,
 Classical.choice,
 Quot.sound]
'QuantumBlockEncoding.ExperimentalNormalizationStability.hermite_serialized_error' depends on axioms: [propext,
 Classical.choice,
 Quot.sound]
'QuantumBlockEncoding.ExperimentalNormalizationStability.hermite_serialized_relative_error' depends on axioms: [propext,
 Classical.choice,
 Quot.sound]
'QuantumBlockEncoding.ExperimentalNormalizationStability.target_error_sq' depends on axioms: [propext,
 Classical.choice,
 Quot.sound]
PASS experiments/hermite-polynomial/precision/NormalizationStability.lean
BEGIN experiments/hermite-polynomial/precision/radius-supplier/RadiusSupplier.lean
warning: verso: repository '[REPOSITORY]\.lake/packages\verso' has local changes
experiments/hermite-polynomial/precision/radius-supplier/RadiusSupplier.lean:156:54: warning: Variable name `hepsilon` is not explicitly referenced.

Hint: The binding can be removed (if unused) or named `_` (if used implicitly). Alternatively, prefix the name with `_` to silence this warning:
  [apply] _hepsilon

Note: This linter can be disabled with `set_option linter.unusedVariables false`
experiments/hermite-polynomial/precision/radius-supplier/RadiusSupplier.lean:161:56: warning: Variable name `hepsilon` is not explicitly referenced.

Hint: The binding can be removed (if unused) or named `_` (if used implicitly). Alternatively, prefix the name with `_` to silence this warning:
  [apply] _hepsilon

Note: This linter can be disabled with `set_option linter.unusedVariables false`
experiments/hermite-polynomial/precision/radius-supplier/RadiusSupplier.lean:212:42: warning: Variable name `hL` is not explicitly referenced.

Hint: The binding can be removed (if unused) or named `_` (if used implicitly). Alternatively, prefix the name with `_` to silence this warning:
  [apply] _hL

Note: This linter can be disabled with `set_option linter.unusedVariables false`
experiments/hermite-polynomial/precision/radius-supplier/RadiusSupplier.lean:242:57: warning: Variable name `hepsilon` is not explicitly referenced.

Hint: The binding can be removed (if unused) or named `_` (if used implicitly). Alternatively, prefix the name with `_` to silence this warning:
  [apply] _hepsilon

Note: This linter can be disabled with `set_option linter.unusedVariables false`
experiments/hermite-polynomial/precision/radius-supplier/RadiusSupplier.lean:247:59: warning: Variable name `hepsilon` is not explicitly referenced.

Hint: The binding can be removed (if unused) or named `_` (if used implicitly). Alternatively, prefix the name with `_` to silence this warning:
  [apply] _hepsilon

Note: This linter can be disabled with `set_option linter.unusedVariables false`
'QuantumBlockEncoding.ExperimentalRadiusSupplier.atan_remainder_sharp' depends on axioms: [propext,
 Classical.choice,
 Quot.sound]
'QuantumBlockEncoding.ExperimentalRadiusSupplier.atan_remainder_geometric' depends on axioms: [propext,
 Classical.choice,
 Quot.sound]
'QuantumBlockEncoding.ExperimentalRadiusSupplier.atan_remainder' depends on axioms: [propext,
 Classical.choice,
 Quot.sound]
'QuantumBlockEncoding.ExperimentalRadiusSupplier.atanSum_cast' depends on axioms: [propext,
 Classical.choice,
 Quot.sound]
'QuantumBlockEncoding.ExperimentalRadiusSupplier.piApprox_error' depends on axioms: [propext,
 Classical.choice,
 Quot.sound]
'QuantumBlockEncoding.ExperimentalRadiusSupplier.piApprox_positive' depends on axioms: [propext,
 Classical.choice,
 Quot.sound]
'QuantumBlockEncoding.ExperimentalRadiusSupplier.radius_budget' depends on axioms: [propext,
 Classical.choice,
 Quot.sound]
'QuantumBlockEncoding.ExperimentalRadiusSupplier.radius_error' depends on axioms: [propext,
 Classical.choice,
 Quot.sound]
'QuantumBlockEncoding.ExperimentalRadiusSupplier.radius_positive' depends on axioms: [propext,
 Classical.choice,
 Quot.sound]
'QuantumBlockEncoding.ExperimentalRadiusSupplier.radius_membership' depends on axioms: [propext,
 Classical.choice,
 Quot.sound]
'QuantumBlockEncoding.ExperimentalRadiusSupplier.piApprox_error_geometric' depends on axioms: [propext,
 Classical.choice,
 Quot.sound]
'QuantumBlockEncoding.ExperimentalRadiusSupplier.logRadius_budget' depends on axioms: [propext,
 Classical.choice,
 Quot.sound]
'QuantumBlockEncoding.ExperimentalRadiusSupplier.logRadius_error' depends on axioms: [propext,
 Classical.choice,
 Quot.sound]
'QuantumBlockEncoding.ExperimentalRadiusSupplier.logRadius_positive' depends on axioms: [propext,
 Classical.choice,
 Quot.sound]
'QuantumBlockEncoding.ExperimentalRadiusSupplier.logRadius_membership' depends on axioms: [propext,
 Classical.choice,
 Quot.sound]
'QuantumBlockEncoding.ExperimentalRadiusSupplier.logTermCount_size' depends on axioms: [propext,
 Classical.choice,
 Quot.sound]
PASS experiments/hermite-polynomial/precision/radius-supplier/RadiusSupplier.lean
BEGIN experiments/hermite-polynomial/precision/radius-stability/RadiusStability.lean
warning: verso: repository '[REPOSITORY]\.lake/packages\verso' has local changes
experiments/hermite-polynomial/precision/radius-stability/RadiusStability.lean:244:51: warning: Variable name `hL` is not explicitly referenced.

Hint: The binding can be removed (if unused) or named `_` (if used implicitly). Alternatively, prefix the name with `_` to silence this warning:
  [apply] _hL

Note: This linter can be disabled with `set_option linter.unusedVariables false`
experiments/hermite-polynomial/precision/radius-stability/RadiusStability.lean:245:16: warning: Variable name `hRhat` is not explicitly referenced.

Hint: The binding can be removed (if unused) or named `_` (if used implicitly). Alternatively, prefix the name with `_` to silence this warning:
  [apply] _hRhat

Note: This linter can be disabled with `set_option linter.unusedVariables false`
'QuantumBlockEncoding.ExperimentalRadiusStability.sourceLipschitzConstant_ge_one' depends on axioms: [propext,
 Classical.choice,
 Quot.sound]
'QuantumBlockEncoding.ExperimentalRadiusStability.unit_power_difference' depends on axioms: [propext,
 Classical.choice,
 Quot.sound]
'QuantumBlockEncoding.ExperimentalRadiusStability.basis_difference' depends on axioms: [propext,
 Classical.choice,
 Quot.sound]
'QuantumBlockEncoding.ExperimentalRadiusStability.sourceInterpolant_lipschitz' depends on axioms: [propext,
 Classical.choice,
 Quot.sound]
'QuantumBlockEncoding.ExperimentalRadiusStability.exp_nonpositive_difference' depends on axioms: [propext,
 Classical.choice,
 Quot.sound]
'QuantumBlockEncoding.ExperimentalRadiusStability.smoothInitial_left_closed' depends on axioms: [propext,
 Classical.choice,
 Quot.sound]
'QuantumBlockEncoding.ExperimentalRadiusStability.smoothInitial_right_closed' depends on axioms: [propext,
 Classical.choice,
 Quot.sound]
'QuantumBlockEncoding.ExperimentalRadiusStability.smoothInitial_middle_difference' depends on axioms: [propext,
 Classical.choice,
 Quot.sound]
'QuantumBlockEncoding.ExperimentalRadiusStability.smoothInitial_left_difference' depends on axioms: [propext,
 Classical.choice,
 Quot.sound]
'QuantumBlockEncoding.ExperimentalRadiusStability.smoothInitial_right_difference' depends on axioms: [propext,
 Classical.choice,
 Quot.sound]
'QuantumBlockEncoding.ExperimentalRadiusStability.smoothInitial_ordered_difference' depends on axioms: [propext,
 Classical.choice,
 Quot.sound]
'QuantumBlockEncoding.ExperimentalRadiusStability.smoothInitial_lipschitz' depends on axioms: [propext,
 Classical.choice,
 Quot.sound]
'QuantumBlockEncoding.ExperimentalRadiusStability.radius_grid_difference' depends on axioms: [propext,
 Classical.choice,
 Quot.sound]
'QuantumBlockEncoding.ExperimentalRadiusStability.radiusVector_error' depends on axioms: [propext,
 Classical.choice,
 Quot.sound]
'QuantumBlockEncoding.ExperimentalRadiusStability.radiusVector_source' depends on axioms: [propext,
 Classical.choice,
 Quot.sound]
'QuantumBlockEncoding.ExperimentalRadiusStability.normalized_radius_error' depends on axioms: [propext,
 Classical.choice,
 Quot.sound]
PASS experiments/hermite-polynomial/precision/radius-stability/RadiusStability.lean
BEGIN experiments/hermite-polynomial/precision/global-radius-budget/GlobalRadiusBudget.lean
warning: verso: repository '[REPOSITORY]\.lake/packages\verso' has local changes
'QuantumBlockEncoding.ExperimentalGlobalRadiusBudget.lipschitzQ_cast' depends on axioms: [propext,
 Classical.choice,
 Quot.sound]
'QuantumBlockEncoding.ExperimentalGlobalRadiusBudget.deltaRadius_positive' depends on axioms: [propext,
 Classical.choice,
 Quot.sound]
'QuantumBlockEncoding.ExperimentalGlobalRadiusBudget.allocatedRadius_positive' depends on axioms: [propext,
 Classical.choice,
 Quot.sound]
'QuantumBlockEncoding.ExperimentalGlobalRadiusBudget.allocatedRadius_error' depends on axioms: [propext,
 Classical.choice,
 Quot.sound]
'QuantumBlockEncoding.ExperimentalGlobalRadiusBudget.normalized_allocatedRadius_error' depends on axioms: [propext,
 Classical.choice,
 Quot.sound]
'QuantumBlockEncoding.ExperimentalGlobalRadiusBudget.allocatedTermCount_size' depends on axioms: [propext,
 Classical.choice,
 Quot.sound]
PASS experiments/hermite-polynomial/precision/global-radius-budget/GlobalRadiusBudget.lean
BEGIN experiments/hermite-polynomial/precision/piecewise-source-budget/PiecewiseSourceBudget.lean
warning: verso: repository '[REPOSITORY]\.lake/packages\verso' has local changes
'HermitePiecewiseSourceBudget.amplification_ge_one' depends on axioms: [propext, Classical.choice, Quot.sound]
'HermitePiecewiseSourceBudget.negativeMidpoint_error' depends on axioms: [propext, Classical.choice, Quot.sound]
'HermitePiecewiseSourceBudget.piecewise_error' depends on axioms: [propext, Classical.choice, Quot.sound]
'HermitePiecewiseSourceBudget.piecewise_central' depends on axioms: [propext, Classical.choice, Quot.sound]
'HermitePiecewiseSourceBudget.rationalGrid_cast' depends on axioms: [propext, Classical.choice, Quot.sound]
'HermitePiecewiseSourceBudget.rationalGrid_central' depends on axioms: [propext, Classical.choice, Quot.sound]
'HermitePiecewiseSourceBudget.finiteVector_central' depends on axioms: [propext, Classical.choice, Quot.sound]
'HermitePiecewiseSourceBudget.finiteVector_norm_floor' depends on axioms: [propext, Classical.choice, Quot.sound]
'HermitePiecewiseSourceBudget.radiusVector_norm_floor' depends on axioms: [propext, Classical.choice, Quot.sound]
'HermitePiecewiseSourceBudget.finiteVector_error' depends on axioms: [propext, Classical.choice, Quot.sound]
'HermitePiecewiseSourceBudget.sourceDelta_positive' depends on axioms: [propext, Classical.choice, Quot.sound]
'HermitePiecewiseSourceBudget.normalized_source_error' depends on axioms: [propext, Classical.choice, Quot.sound]
'HermitePiecewiseSourceBudget.normalized_original_error' depends on axioms: [propext, Classical.choice, Quot.sound]
PASS experiments/hermite-polynomial/precision/piecewise-source-budget/PiecewiseSourceBudget.lean
BEGIN experiments/hermite-polynomial/precision/piecewise-source-budget/PiecewiseConsumerChecks.lean
warning: verso: repository '[REPOSITORY]\.lake/packages\verso' has local changes
[1 / 2, 1 / 2, 7 / 9, 19 / 18, 1, 1 / 2, 1 / 2]
[-3, -3 / 2, 0, 3 / 2]
[1 / 2, 1 / 2, 1, 1 / 2]
(1 / 2048, 1 / 4)
1 / 16
'HermitePiecewiseSourceBudget.allocatedVector_nonzero' depends on axioms: [propext, Classical.choice, Quot.sound]
'HermitePiecewiseSourceBudget.allocatedVector_unit' depends on axioms: [propext, Classical.choice, Quot.sound]
'HermitePiecewiseSourceBudget.original_amplitude_error_sq' depends on axioms: [propext, Classical.choice, Quot.sound]
'HermitePiecewiseSourceBudget.positive_scaled_original_error' depends on axioms: [propext, Classical.choice, Quot.sound]
'HermitePiecewiseSourceBudget.exact_left_owner' depends on axioms: [propext, Classical.choice, Quot.sound]
'HermitePiecewiseSourceBudget.clipped_midpoint' depends on axioms: [propext, Classical.choice, Quot.sound]
PASS experiments/hermite-polynomial/precision/piecewise-source-budget/PiecewiseConsumerChecks.lean

