warning: verso: repository '[REPO]/.lake/packages/verso' has local changes
experiments/hermite-polynomial/precision/finite-exp/FiniteExp.lean:87:6: warning: try 'simp' instead of 'simpa'

Note: This linter can be disabled with `set_option linter.unnecessarySimpa false`
'HermiteFiniteExp.error' depends on axioms: [propext, Classical.choice, Quot.sound]
'HermiteFiniteExp.tail_bound' depends on axioms: [propext, Classical.choice, Quot.sound]
'HermiteFiniteExp.membership' depends on axioms: [propext, Classical.choice, Quot.sound]
'HermiteFiniteExp.active_magnitude' depends on axioms: [propext, Classical.choice, Quot.sound]
'HermiteFiniteExp.checked_sound' depends on axioms: [propext, Classical.choice, Quot.sound]
'HermiteFiniteExp.tailCutoff_budget' depends on axioms: [propext, Classical.choice, Quot.sound]
'HermiteFiniteExp.tailCutoff_size' depends on axioms: [propext, Classical.choice, Quot.sound]
'HermiteFiniteExp.checked_tail' depends on axioms: [propext, Classical.choice, Quot.sound]
warning: verso: repository '[REPO]/.lake/packages/verso' has local changes
'HermiteFiniteExpDegree.factorial_block' depends on axioms: [propext, Quot.sound]
'HermiteFiniteExpDegree.degree_formula' depends on axioms: [propext, Quot.sound]
'HermiteFiniteExpDegree.sourceDegree_size' depends on axioms: [propext, Classical.choice, Quot.sound]
'HermiteFiniteExpDegree.radius_degree' depends on axioms: [propext, Classical.choice, Quot.sound]
'HermiteFiniteExpDegree.checked_complete' depends on axioms: [propext, Classical.choice, Quot.sound]
'HermiteFiniteExpDegree.complete_enclosure' depends on axioms: [propext, Classical.choice, Quot.sound]
warning: verso: repository '[REPO]/.lake/packages/verso' has local changes
(10, 421)
(80, 25761)
true
some (0, 1 / 1208925819614629174706176)
(0, 1, some (0, 1))
'hermite_left_complete' depends on axioms: [propext, Classical.choice, Quot.sound]
'hermite_right_complete' depends on axioms: [propext, Classical.choice, Quot.sound]
'endpoint_complete' depends on axioms: [propext, Classical.choice, Quot.sound]
