warning: verso: repository '.\.lake/packages\verso' has local changes
reviews/internal/c22-stored-supplier-review/IndependentConsumer.lean:34:41: error: Tactic `decide` failed for proposition
  tailCutoff 2 = 0
because its `Decidable` instance
  instDecidableEqNat (tailCutoff 2) 0
did not reduce to `isTrue` or `isFalse`.

After unfolding the instances `instDecidableAnd`, `instDecidableEqBool`, `instDecidableEqNat`, `Bool.decEq`, `Nat.decEq`, `Nat.decLe`, and `Nat.decLt`, reduction got stuck at the `Decidable` instance
  match h : (tailCutoff 2).beq 0 with
  | true => isTrue ⋯
  | false => isFalse ⋯
reviews/internal/c22-stored-supplier-review/IndependentConsumer.lean:35:43: error: Tactic `decide` failed for proposition
  tailCutoff (1 / 2) = 1
because its `Decidable` instance
  instDecidableEqNat (tailCutoff (1 / 2)) 1
did not reduce to `isTrue` or `isFalse`.

After unfolding the instances `instDecidableAnd`, `instDecidableEqBool`, `instDecidableEqNat`, `Bool.decEq`, `Nat.decEq`, `Nat.decLe`, and `Nat.decLt`, reduction got stuck at the `Decidable` instance
  match h : (tailCutoff (1 / 2)).beq 1 with
  | true => isTrue ⋯
  | false => isFalse ⋯
reviews/internal/c22-stored-supplier-review/IndependentConsumer.lean:36:43: error: Tactic `decide` failed for proposition
  sourceDegree 2 = 1
because its `Decidable` instance
  instDecidableEqNat (sourceDegree 2) 1
did not reduce to `isTrue` or `isFalse`.

After unfolding the instances `instDecidableAnd`, `instDecidableEqBool`, `instDecidableEqNat`, `Bool.decEq`, `Nat.decEq`, `Nat.decLe`, and `Nat.decLt`, reduction got stuck at the `Decidable` instance
  match h : (sourceDegree 2).beq 1 with
  | true => isTrue ⋯
  | false => isFalse ⋯
reviews/internal/c22-stored-supplier-review/IndependentConsumer.lean:37:45: error: Tactic `decide` failed for proposition
  sourceDegree (1 / 2) = 7
because its `Decidable` instance
  instDecidableEqNat (sourceDegree (1 / 2)) 7
did not reduce to `isTrue` or `isFalse`.

After unfolding the instances `instDecidableAnd`, `instDecidableEqBool`, `instDecidableEqNat`, `Bool.decEq`, `Nat.decEq`, `Nat.decLe`, and `Nat.decLt`, reduction got stuck at the `Decidable` instance
  match h : (sourceDegree (1 / 2)).beq 7 with
  | true => isTrue ⋯
  | false => isFalse ⋯
reviews/internal/c22-stored-supplier-review/IndependentConsumer.lean:40:54: error: Tactic `decide` failed for proposition
  piecewiseValue 0 2 (-2) = 1 / 2
because its `Decidable` instance
  instDecidableEqRat (piecewiseValue 0 2 (-2)) (1 / 2)
did not reduce to `isTrue` or `isFalse`.

After unfolding the instances `instDecidableEqBool`, `instDecidableEqRat`, `Bool.decEq`, `Int.decEq`, `Int.decLe`, `Int.decLt`, `Int.decNonneg`, `Int.instDecidableEq`, `Rat.instDecidableLt`, and `instDecidableEqRat.decEq`, reduction got stuck at the `Decidable` instance
  match
    (((bounds (-2) (tailCutoff 2) (sourceDegree 2)).1 + (bounds (-2) (tailCutoff 2) (sourceDegree 2)).2).mul
        (Rat.inv 2)).num,
    (Rat.mul 1 (Rat.inv 2)).num with
  | Int.ofNat a, Int.ofNat b =>
    match decEq a b with
    | isTrue h => isTrue ⋯
    | isFalse h => isFalse ⋯
  | Int.ofNat a, Int.negSucc a_1 => isFalse ⋯
  | Int.negSucc a, Int.ofNat a_1 => isFalse ⋯
  | Int.negSucc a, Int.negSucc b =>
    match decEq a b with
    | isTrue h => isTrue ⋯
    | isFalse h => isFalse ⋯
reviews/internal/c22-stored-supplier-review/IndependentConsumer.lean:41:54: error: Tactic `decide` failed for proposition
  piecewiseValue 0 2 (-1) = 1 / 2
because its `Decidable` instance
  instDecidableEqRat (piecewiseValue 0 2 (-1)) (1 / 2)
did not reduce to `isTrue` or `isFalse`.

After unfolding the instances `decEq`, `instDecidableEqBool`, `instDecidableEqNat`, `instDecidableEqRat`, `Bool.decEq`, `Int.decEq`, `Int.decLe`, `Int.decLt`, `Int.decNonneg`, `Int.instDecidableEq`, `Nat.decEq`, `Rat.instDecidableLe`, `Rat.instDecidableLt`, and `instDecidableEqRat.decEq`, reduction got stuck at the `Decidable` instance
  match
    ((expMidpoint 2 * (1 - (-1 + 1)) ^ (0 + 1) * coefficientValueQ 0 (-1 + 1)).add
        ((-1 + 1) ^ (0 + 1) * coefficientValueQ 0 (1 - (-1 + 1)))).num,
    (Rat.mul 1 (Rat.inv 2)).num with
  | Int.ofNat a, Int.ofNat b =>
    match decEq a b with
    | isTrue h => isTrue ⋯
    | isFalse h => isFalse ⋯
  | Int.ofNat a, Int.negSucc a_1 => isFalse ⋯
  | Int.negSucc a, Int.ofNat a_1 => isFalse ⋯
  | Int.negSucc a, Int.negSucc b =>
    match decEq a b with
    | isTrue h => isTrue ⋯
    | isFalse h => isFalse ⋯
reviews/internal/c22-stored-supplier-review/IndependentConsumer.lean:42:49: error: Tactic `decide` failed for proposition
  piecewiseValue 0 2 0 = 1
because its `Decidable` instance
  instDecidableEqRat (piecewiseValue 0 2 0) 1
did not reduce to `isTrue` or `isFalse`.

After unfolding the instances `decEq`, `instDecidableEqBool`, `instDecidableEqNat`, `instDecidableEqRat`, `Bool.decEq`, `Int.decEq`, `Int.decLt`, `Int.decNonneg`, `Int.instDecidableEq`, `Nat.decEq`, `Rat.instDecidableLe`, `Rat.instDecidableLt`, and `instDecidableEqRat.decEq`, reduction got stuck at the `Decidable` instance
  match
    ((expMidpoint 2 * (1 - (0 + 1)) ^ (0 + 1) * coefficientValueQ 0 (0 + 1)).add
        ((0 + 1) ^ (0 + 1) * coefficientValueQ 0 (1 - (0 + 1)))).num,
    ↑1 with
  | Int.ofNat a, Int.ofNat b =>
    match decEq a b with
    | isTrue h => isTrue ⋯
    | isFalse h => isFalse ⋯
  | Int.ofNat a, Int.negSucc a_1 => isFalse ⋯
  | Int.negSucc a, Int.ofNat a_1 => isFalse ⋯
  | Int.negSucc a, Int.negSucc b =>
    match decEq a b with
    | isTrue h => isTrue ⋯
    | isFalse h => isFalse ⋯
reviews/internal/c22-stored-supplier-review/IndependentConsumer.lean:43:51: error: Tactic `decide` failed for proposition
  piecewiseValue 0 2 1 = 1 / 2
because its `Decidable` instance
  instDecidableEqRat (piecewiseValue 0 2 1) (1 / 2)
did not reduce to `isTrue` or `isFalse`.

After unfolding the instances `decEq`, `instDecidableEqBool`, `instDecidableEqNat`, `instDecidableEqRat`, `Bool.decEq`, `Int.decEq`, `Int.decLe`, `Int.decLt`, `Int.decNonneg`, `Int.instDecidableEq`, `Nat.decEq`, `Rat.instDecidableLe`, `Rat.instDecidableLt`, and `instDecidableEqRat.decEq`, reduction got stuck at the `Decidable` instance
  match
    (((bounds (-1) (tailCutoff 2) (sourceDegree 2)).1 + (bounds (-1) (tailCutoff 2) (sourceDegree 2)).2).mul
        (Rat.inv 2)).num,
    (Rat.mul 1 (Rat.inv 2)).num with
  | Int.ofNat a, Int.ofNat b =>
    match decEq a b with
    | isTrue h => isTrue ⋯
    | isFalse h => isFalse ⋯
  | Int.ofNat a, Int.negSucc a_1 => isFalse ⋯
  | Int.negSucc a, Int.ofNat a_1 => isFalse ⋯
  | Int.negSucc a, Int.negSucc b =>
    match decEq a b with
    | isTrue h => isTrue ⋯
    | isFalse h => isFalse ⋯
reviews/internal/c22-stored-supplier-review/IndependentConsumer.lean:45:58: error: Tactic `decide` failed for proposition
  piecewiseValue 0 (1 / 2) (-1) = 1 / 4
because its `Decidable` instance
  instDecidableEqRat (piecewiseValue 0 (1 / 2) (-1)) (1 / 4)
did not reduce to `isTrue` or `isFalse`.

After unfolding the instances `decEq`, `instDecidableEqBool`, `instDecidableEqNat`, `instDecidableEqRat`, `Bool.decEq`, `Int.decEq`, `Int.decLe`, `Int.decLt`, `Int.decNonneg`, `Int.instDecidableEq`, `Nat.decEq`, `Rat.instDecidableLe`, `Rat.instDecidableLt`, and `instDecidableEqRat.decEq`, reduction got stuck at the `Decidable` instance
  match
    ((expMidpoint (1 / 2) * (1 - (-1 + 1)) ^ (0 + 1) * coefficientValueQ 0 (-1 + 1)).add
        ((-1 + 1) ^ (0 + 1) * coefficientValueQ 0 (1 - (-1 + 1)))).num,
    (Rat.mul 1 (Rat.inv 4)).num with
  | Int.ofNat a, Int.ofNat b =>
    match decEq a b with
    | isTrue h => isTrue ⋯
    | isFalse h => isFalse ⋯
  | Int.ofNat a, Int.negSucc a_1 => isFalse ⋯
  | Int.negSucc a, Int.ofNat a_1 => isFalse ⋯
  | Int.negSucc a, Int.negSucc b =>
    match decEq a b with
    | isTrue h => isTrue ⋯
    | isFalse h => isFalse ⋯
reviews/internal/c22-stored-supplier-review/IndependentConsumer.lean:46:53: error: Tactic `decide` failed for proposition
  piecewiseValue 0 (1 / 2) 0 = 1
because its `Decidable` instance
  instDecidableEqRat (piecewiseValue 0 (1 / 2) 0) 1
did not reduce to `isTrue` or `isFalse`.

After unfolding the instances `decEq`, `instDecidableEqBool`, `instDecidableEqNat`, `instDecidableEqRat`, `Bool.decEq`, `Int.decEq`, `Int.decLt`, `Int.decNonneg`, `Int.instDecidableEq`, `Nat.decEq`, `Rat.instDecidableLe`, `Rat.instDecidableLt`, and `instDecidableEqRat.decEq`, reduction got stuck at the `Decidable` instance
  match
    ((expMidpoint (1 / 2) * (1 - (0 + 1)) ^ (0 + 1) * coefficientValueQ 0 (0 + 1)).add
        ((0 + 1) ^ (0 + 1) * coefficientValueQ 0 (1 - (0 + 1)))).num,
    ↑1 with
  | Int.ofNat a, Int.ofNat b =>
    match decEq a b with
    | isTrue h => isTrue ⋯
    | isFalse h => isFalse ⋯
  | Int.ofNat a, Int.negSucc a_1 => isFalse ⋯
  | Int.negSucc a, Int.ofNat a_1 => isFalse ⋯
  | Int.negSucc a, Int.negSucc b =>
    match decEq a b with
    | isTrue h => isTrue ⋯
    | isFalse h => isFalse ⋯
reviews/internal/c22-stored-supplier-review/IndependentConsumer.lean:47:55: error: Tactic `decide` failed for proposition
  piecewiseValue 0 (1 / 2) 1 = 1 / 4
because its `Decidable` instance
  instDecidableEqRat (piecewiseValue 0 (1 / 2) 1) (1 / 4)
did not reduce to `isTrue` or `isFalse`.

After unfolding the instances `decEq`, `instDecidableEqBool`, `instDecidableEqNat`, `instDecidableEqRat`, `Bool.decEq`, `Int.decEq`, `Int.decLe`, `Int.decLt`, `Int.decNonneg`, `Int.instDecidableEq`, `Nat.decEq`, `Rat.instDecidableLe`, `Rat.instDecidableLt`, and `instDecidableEqRat.decEq`, reduction got stuck at the `Decidable` instance
  match
    (((bounds (-1) (tailCutoff (1 / 2)) (sourceDegree (1 / 2))).1 +
            (bounds (-1) (tailCutoff (1 / 2)) (sourceDegree (1 / 2))).2).mul
        (Rat.inv 2)).num,
    (Rat.mul 1 (Rat.inv 4)).num with
  | Int.ofNat a, Int.ofNat b =>
    match decEq a b with
    | isTrue h => isTrue ⋯
    | isFalse h => isFalse ⋯
  | Int.ofNat a, Int.negSucc a_1 => isFalse ⋯
  | Int.negSucc a, Int.ofNat a_1 => isFalse ⋯
  | Int.negSucc a, Int.negSucc b =>
    match decEq a b with
    | isTrue h => isTrue ⋯
    | isFalse h => isFalse ⋯
reviews/internal/c22-stored-supplier-review/IndependentConsumer.lean:48:39: error: Tactic `decide` failed for proposition
  strictCut 2 2 (-1) = 1
because its `Decidable` instance
  instDecidableEqNat (strictCut 2 2 (-1)) 1
did not reduce to `isTrue` or `isFalse`.

After unfolding the instances `instDecidableEqBool`, `instDecidableEqNat`, `Bool.decEq`, `Nat.decEq`, and `Nat.decLe`, reduction got stuck at the `Decidable` instance
  match h : (strictCut 2 2 (-1)).beq 1 with
  | true => isTrue ⋯
  | false => isFalse ⋯
reviews/internal/c22-stored-supplier-review/IndependentConsumer.lean:49:42: error: Tactic `decide` failed for proposition
  inclusiveCut 2 2 (-1) = 2
because its `Decidable` instance
  instDecidableEqNat (inclusiveCut 2 2 (-1)) 2
did not reduce to `isTrue` or `isFalse`.

After unfolding the instances `instDecidableEqBool`, `instDecidableEqNat`, `Bool.decEq`, `Int.decLt`, `Int.decNonneg`, `Nat.decEq`, `Nat.decLe`, and `Rat.instDecidableLt`, reduction got stuck at the `Decidable` instance
  match h : (inclusiveCut 2 2 (-1)).beq 2 with
  | true => isTrue ⋯
  | false => isFalse ⋯
reviews/internal/c22-stored-supplier-review/IndependentConsumer.lean:50:36: error: Tactic `decide` failed for proposition
  strictCut 2 2 0 = 2
because its `Decidable` instance
  instDecidableEqNat (strictCut 2 2 0) 2
did not reduce to `isTrue` or `isFalse`.

After unfolding the instances `instDecidableEqBool`, `instDecidableEqNat`, `Bool.decEq`, `Nat.decEq`, and `Nat.decLe`, reduction got stuck at the `Decidable` instance
  match h : (strictCut 2 2 0).beq 2 with
  | true => isTrue ⋯
  | false => isFalse ⋯
reviews/internal/c22-stored-supplier-review/IndependentConsumer.lean:51:39: error: Tactic `decide` failed for proposition
  inclusiveCut 2 2 0 = 3
because its `Decidable` instance
  instDecidableEqNat (inclusiveCut 2 2 0) 3
did not reduce to `isTrue` or `isFalse`.

After unfolding the instances `instDecidableEqBool`, `instDecidableEqNat`, `Bool.decEq`, `Int.decLt`, `Int.decNonneg`, `Nat.decEq`, `Nat.decLe`, and `Rat.instDecidableLt`, reduction got stuck at the `Decidable` instance
  match h : (inclusiveCut 2 2 0).beq 3 with
  | true => isTrue ⋯
  | false => isFalse ⋯
reviews/internal/c22-stored-supplier-review/IndependentConsumer.lean:59:54: error: Tactic `decide` failed for proposition
  middleCoeffQ 1 (1 / 2) 2 = -1 / 4
because its `Decidable` instance
  instDecidableEqRat (middleCoeffQ 1 (1 / 2) 2) (-1 / 4)
did not reduce to `isTrue` or `isFalse`.

After unfolding the instances `instDecidableEqRat`, `Int.decEq`, `Int.instDecidableEq`, and `instDecidableEqRat.decEq`, reduction got stuck at the `Decidable` instance
  match
    ((∑ i ∈ Finset.range (1 + 1),
            if 1 + 1 ≤ 2 then expMidpoint (1 / 2) * sourceCoefficientQ 1 i * (-1) ^ (1 + 1) * ↑(i.choose (2 - (1 + 1)))
            else 0).add
        (∑ i ∈ Finset.range (1 + 1),
          if i ≤ 2 then sourceCoefficientQ 1 i * (-1) ^ i * ↑((1 + 1).choose (2 - i)) else 0)).num,
    ((-1).mul (Rat.inv 4)).num with
  | Int.ofNat a, Int.ofNat b =>
    match decEq a b with
    | isTrue h => isTrue ⋯
    | isFalse h => isFalse ⋯
  | Int.ofNat a, Int.negSucc a_1 => isFalse ⋯
  | Int.negSucc a, Int.ofNat a_1 => isFalse ⋯
  | Int.negSucc a, Int.negSucc b =>
    match decEq a b with
    | isTrue h => isTrue ⋯
    | isFalse h => isFalse ⋯
'C22IndependentReview.same_returned_source_and_partial_cost' depends on axioms: [propext, Classical.choice, Quot.sound]
'C22IndependentReview.generation_charges_no_field_work' depends on axioms: [propext, Classical.choice, Quot.sound]
'C22IndependentReview.generation_charges_no_comparisons' depends on axioms: [propext, Classical.choice, Quot.sound]
