warning: verso: repository '<repo>\.lake/packages\verso' has local changes
QuantumBlockEncoding/PrimitiveSemantics.lean:216:36: warning: `Matrix.reindexAlgEquiv_apply` has been deprecated: Use `Matrix.coe_reindexAlgEquiv` instead

Note: The updated constant has a different type:
  ∀ {m : Type u_2} {n : Type u_3} (R : Type u_11) (A : Type u_12) [inst : CommSemiring R] [inst_1 : Fintype n]
    [inst_2 : Fintype m] [inst_3 : DecidableEq m] [inst_4 : DecidableEq n] [inst_5 : Semiring A] [inst_6 : Algebra R A]
    (e : m ≃ n), ⇑(Matrix.reindexAlgEquiv R A e) = ⇑(Matrix.reindex e e)
instead of
  ∀ {m : Type u_2} {n : Type u_3} (R : Type u_11) (A : Type u_12) [inst : CommSemiring R] [inst_1 : Fintype n]
    [inst_2 : Fintype m] [inst_3 : DecidableEq m] [inst_4 : DecidableEq n] [inst_5 : Semiring A] [inst_6 : Algebra R A]
    (e : m ≃ n) (M : _root_.Matrix m m A), (Matrix.reindexAlgEquiv R A e) M = (Matrix.reindex e e) M
QuantumBlockEncoding/PrimitiveSemantics.lean:223:10: warning: This simp argument is unused:
  contextsEqual

Hint: Omit it from the simp argument list.
  [apply] simp [splitPrimitiveWire]

Note: This linter can be disabled with `set_option linter.unusedSimpArgs false`
QuantumBlockEncoding/PrimitiveSemantics.lean:224:10: warning: This simp argument is unused:
  contextsEqual

Hint: Omit it from the simp argument list.
  [apply] simp [splitPrimitiveWire]

Note: This linter can be disabled with `set_option linter.unusedSimpArgs false`
QuantumBlockEncoding/PrimitiveSemantics.lean:317:36: warning: `Matrix.reindexAlgEquiv_apply` has been deprecated: Use `Matrix.coe_reindexAlgEquiv` instead

Note: The updated constant has a different type:
  ∀ {m : Type u_2} {n : Type u_3} (R : Type u_11) (A : Type u_12) [inst : CommSemiring R] [inst_1 : Fintype n]
    [inst_2 : Fintype m] [inst_3 : DecidableEq m] [inst_4 : DecidableEq n] [inst_5 : Semiring A] [inst_6 : Algebra R A]
    (e : m ≃ n), ⇑(Matrix.reindexAlgEquiv R A e) = ⇑(Matrix.reindex e e)
instead of
  ∀ {m : Type u_2} {n : Type u_3} (R : Type u_11) (A : Type u_12) [inst : CommSemiring R] [inst_1 : Fintype n]
    [inst_2 : Fintype m] [inst_3 : DecidableEq m] [inst_4 : DecidableEq n] [inst_5 : Semiring A] [inst_6 : Algebra R A]
    (e : m ≃ n) (M : _root_.Matrix m m A), (Matrix.reindexAlgEquiv R A e) M = (Matrix.reindex e e) M
