warning: verso: repository '.\.lake/packages\verso' has local changes
experiments/hermite-polynomial/precision/piecewise-kernel-assembly-c21/ActualCoefficients.lean:6:16: error: unknown namespace `HermiteFiniteMiddleSource`
experiments/hermite-polynomial/precision/piecewise-kernel-assembly-c21/ActualCoefficients.lean:12:29: error: Function expected at
  coefficientQ
but this term has type
  ?m.1

Note: Expected a function because this term is being applied to the argument
  k

Hint: The identifier `coefficientQ` is unknown, and Lean's `autoImplicit` option causes an unknown identifier to be treated as an implicitly bound variable with an unknown type. However, the unknown type cannot be a function, and a function is what Lean expects here. This is often the result of a typo or a missing `import` or `open` statement.
experiments/hermite-polynomial/precision/piecewise-kernel-assembly-c21/ActualCoefficients.lean:13:3: error(lean.unknownIdentifier): Unknown identifier `coefficientQ_formula`
experiments/hermite-polynomial/precision/piecewise-kernel-assembly-c21/ActualCoefficients.lean:17:20: error(lean.unknownIdentifier): Unknown identifier `expMidpoint`
experiments/hermite-polynomial/precision/piecewise-kernel-assembly-c21/ActualCoefficients.lean:24:4: error(lean.unknownIdentifier): Unknown identifier `monomial`
experiments/hermite-polynomial/precision/piecewise-kernel-assembly-c21/ActualCoefficients.lean:24:74: error(lean.unknownIdentifier): Unknown identifier `X`
experiments/hermite-polynomial/precision/piecewise-kernel-assembly-c21/ActualCoefficients.lean:26:4: error(lean.unknownIdentifier): Unknown identifier `monomial`
experiments/hermite-polynomial/precision/piecewise-kernel-assembly-c21/ActualCoefficients.lean:26:48: error(lean.unknownIdentifier): Unknown identifier `X`
experiments/hermite-polynomial/precision/piecewise-kernel-assembly-c21/ActualCoefficients.lean:29:5: error: Function expected at
  monomial
but this term has type
  ?m.1

Note: Expected a function because this term is being applied to the argument
  r

Hint: The identifier `monomial` is unknown, and Lean's `autoImplicit` option causes an unknown identifier to be treated as an implicitly bound variable with an unknown type. However, the unknown type cannot be a function, and a function is what Lean expects here. This is often the result of a typo or a missing `import` or `open` statement.
experiments/hermite-polynomial/precision/piecewise-kernel-assembly-c21/ActualCoefficients.lean:31:8: error(lean.unknownIdentifier): Unknown identifier `C_mul_X_pow_eq_monomial`
experiments/hermite-polynomial/precision/piecewise-kernel-assembly-c21/ActualCoefficients.lean:30:57: error: unsolved goals
x✝ : Sort u_1
monomial : x✝
X : ℕ
a : ℚ
r i j : ℕ
⊢ sorry = if r ≤ j then a * ↑(i.choose (j - r)) else 0
experiments/hermite-polynomial/precision/piecewise-kernel-assembly-c21/ActualCoefficients.lean:36:38: error(lean.unknownIdentifier): Unknown identifier `finset_sum_coeff`
experiments/hermite-polynomial/precision/piecewise-kernel-assembly-c21/ActualCoefficients.lean:35:65: error: unsolved goals
k : ℕ
delta : ℚ
j : ℕ
⊢ ((if k < j then
        ∑ x ∈ Finset.range (k + 1), sorry () * sourceCoefficientQ k x * (-1) ^ (k + 1) * ↑(x.choose (j - (k + 1)))
      else 0) +
      ∑ i ∈ Finset.range (k + 1), if i ≤ j then sourceCoefficientQ k i * (-1) ^ i * ↑((k + 1).choose (j - i)) else 0) =
    ∑ b ∈ Finset.range (k + 1), (sorry () * (sorry () + 1) ^ b).coeff j +
      ((↑k + 1) * (sorry () * (sorry () + 1) ^ (k + 1))).coeff j
experiments/hermite-polynomial/precision/piecewise-kernel-assembly-c21/ActualCoefficients.lean:36:8: warning: declaration uses `sorry`
experiments/hermite-polynomial/precision/piecewise-kernel-assembly-c21/ActualCoefficients.lean:36:22: warning: declaration uses `sorry`
experiments/hermite-polynomial/precision/piecewise-kernel-assembly-c21/ActualCoefficients.lean:36:56: warning: This simp argument is unused:
  shiftedCoeff

Hint: Omit it from the simp argument list.
  [apply] simp [middleCoeffQ, expandedMiddle, finset_sum_coeff]

Note: This linter can be disabled with `set_option linter.unusedSimpArgs false`
experiments/hermite-polynomial/precision/piecewise-kernel-assembly-c21/ActualCoefficients.lean:39:38: error: Function expected at
  middleValueQ
but this term has type
  ?m.1

Note: Expected a function because this term is being applied to the argument
  k

Hint: The identifier `middleValueQ` is unknown, and Lean's `autoImplicit` option causes an unknown identifier to be treated as an implicitly bound variable with an unknown type. However, the unknown type cannot be a function, and a function is what Lean expects here. This is often the result of a typo or a missing `import` or `open` statement.
experiments/hermite-polynomial/precision/piecewise-kernel-assembly-c21/ActualCoefficients.lean:40:63: error(lean.unknownIdentifier): Unknown identifier `coefficientQ`
experiments/hermite-polynomial/precision/piecewise-kernel-assembly-c21/ActualCoefficients.lean:42:40: error: Type mismatch: After simplification, term
  hi
 has type
  i < k + 1
but is expected to have type
  i ≤ k
experiments/hermite-polynomial/precision/piecewise-kernel-assembly-c21/ActualCoefficients.lean:43:29: error(lean.unknownIdentifier): Unknown identifier `eval_add`
experiments/hermite-polynomial/precision/piecewise-kernel-assembly-c21/ActualCoefficients.lean:43:39: error(lean.unknownIdentifier): Unknown identifier `eval_finsetSum`
experiments/hermite-polynomial/precision/piecewise-kernel-assembly-c21/ActualCoefficients.lean:43:55: error(lean.unknownIdentifier): Unknown identifier `eval_mul`
experiments/hermite-polynomial/precision/piecewise-kernel-assembly-c21/ActualCoefficients.lean:43:65: error(lean.unknownIdentifier): Unknown identifier `eval_monomial`
experiments/hermite-polynomial/precision/piecewise-kernel-assembly-c21/ActualCoefficients.lean:44:4: error(lean.unknownIdentifier): Unknown identifier `eval_pow`
experiments/hermite-polynomial/precision/piecewise-kernel-assembly-c21/ActualCoefficients.lean:44:14: error(lean.unknownIdentifier): Unknown identifier `eval_X`
experiments/hermite-polynomial/precision/piecewise-kernel-assembly-c21/ActualCoefficients.lean:44:22: error(lean.unknownIdentifier): Unknown identifier `eval_one`
experiments/hermite-polynomial/precision/piecewise-kernel-assembly-c21/ActualCoefficients.lean:45:9: error: Tactic `unfold` failed: Local variable `middleValueQ` has no definition
experiments/hermite-polynomial/precision/piecewise-kernel-assembly-c21/ActualCoefficients.lean:43:13: warning: declaration uses `sorry`
experiments/hermite-polynomial/precision/piecewise-kernel-assembly-c21/ActualCoefficients.lean:52:13: error(lean.unknownIdentifier): Unknown identifier `X`
experiments/hermite-polynomial/precision/piecewise-kernel-assembly-c21/ActualCoefficients.lean:53:11: error(lean.unknownIdentifier): Unknown identifier `natDegree_add_le`
experiments/hermite-polynomial/precision/piecewise-kernel-assembly-c21/ActualCoefficients.lean:55:8: error(lean.unknownIdentifier): Unknown identifier `natDegree_add_le_of_degree_le`
experiments/hermite-polynomial/precision/piecewise-kernel-assembly-c21/ActualCoefficients.lean:56:2: error: No goals to be solved
experiments/hermite-polynomial/precision/piecewise-kernel-assembly-c21/ActualCoefficients.lean:75:6: error: Function expected at
  middleValueQ
but this term has type
  ?m.1

Note: Expected a function because this term is being applied to the argument
  k

Hint: The identifier `middleValueQ` is unknown, and Lean's `autoImplicit` option causes an unknown identifier to be treated as an implicitly bound variable with an unknown type. However, the unknown type cannot be a function, and a function is what Lean expects here. This is often the result of a typo or a missing `import` or `open` statement.
'HermitePiecewiseAssembly.sourceCoefficientQ_eq' depends on axioms: [propext, sorryAx, Classical.choice, Quot.sound]
'HermitePiecewiseAssembly.middleCoeffQ_eq' depends on axioms: [propext, sorryAx, Classical.choice, Quot.sound]
'HermitePiecewiseAssembly.middleCoeffQ_eval' depends on axioms: [propext, sorryAx, Classical.choice, Quot.sound]

