BEGIN QuantumBlockEncoding/HermiteTransferCores.lean
warning: verso: repository '.\.lake/packages\verso' has local changes
PASS QuantumBlockEncoding/HermiteTransferCores.lean
BEGIN QuantumBlockEncoding/MatrixProductChain.lean
warning: verso: repository '.\.lake/packages\verso' has local changes
PASS QuantumBlockEncoding/MatrixProductChain.lean
BEGIN QuantumBlockEncoding/StoredMatrixProductChain.lean
warning: verso: repository '.\.lake/packages\verso' has local changes
QuantumBlockEncoding/StoredMatrixProductChain.lean:107:59: warning: Used `tac1 <;> tac2` where `(tac1; tac2)` would suffice

Note: This linter can be disabled with `set_option linter.unnecessarySeqFocus false`
PASS QuantumBlockEncoding/StoredMatrixProductChain.lean
BEGIN QuantumBlockEncoding/StoredBinaryCoordinates.lean
warning: verso: repository '.\.lake/packages\verso' has local changes
PASS QuantumBlockEncoding/StoredBinaryCoordinates.lean
BEGIN experiments/hermite-polynomial/precision/piecewise-kernel-uniform-c20/UniformComparison.lean
warning: verso: repository '.\.lake/packages\verso' has local changes
'HermitePiecewiseUniform.scan_spec' depends on axioms: [propext, Classical.choice, Quot.sound]
'HermitePiecewiseUniform.readout_scan' depends on axioms: [propext, Classical.choice, Quot.sound]
'HermitePiecewiseUniform.comparison_mask_contract' depends on axioms: [propext, Classical.choice, Quot.sound]
'HermitePiecewiseUniform.generated_window' depends on axioms: [propext, Classical.choice, Quot.sound]
'HermitePiecewiseUniform.produceComparison_refines' depends on axioms: [propext, Classical.choice, Quot.sound]
'HermitePiecewiseUniform.stored_comparison_contract' depends on axioms: [propext, Classical.choice, Quot.sound]
'HermitePiecewiseUniform.produceComparison_cost' depends on axioms: [propext, Classical.choice, Quot.sound]
'HermitePiecewiseUniform.produceComparison_quotients' depends on axioms: [propext, Classical.choice, Quot.sound]
'HermitePiecewiseUniform.produceComparison_remainders' depends on axioms: [propext, Classical.choice, Quot.sound]
PASS experiments/hermite-polynomial/precision/piecewise-kernel-uniform-c20/UniformComparison.lean
BEGIN experiments/hermite-polynomial/precision/piecewise-kernel-uniform-c20/UniformTranslation.lean
warning: verso: repository '.\.lake/packages\verso' has local changes
'HermitePiecewiseUniform.translationCoreQ_cast' depends on axioms: [propext, Classical.choice, Quot.sound]
'HermitePiecewiseUniform.polynomialKernel_cast' depends on axioms: [propext, Classical.choice, Quot.sound]
'HermitePiecewiseUniform.polynomial_mask_free_contract' depends on axioms: [propext, Classical.choice, Quot.sound]
PASS experiments/hermite-polynomial/precision/piecewise-kernel-uniform-c20/UniformTranslation.lean
BEGIN experiments/hermite-polynomial/precision/piecewise-kernel-uniform-c20/UniformThresholds.lean
warning: verso: repository '.\.lake/packages\verso' has local changes
'HermitePiecewiseUniform.strictCut_correct' depends on axioms: [propext, Classical.choice, Quot.sound]
'HermitePiecewiseUniform.inclusiveCut_correct' depends on axioms: [propext, Classical.choice, Quot.sound]
'HermitePiecewiseUniform.stored_strict_grid_mask' depends on axioms: [propext, Classical.choice, Quot.sound]
'HermitePiecewiseUniform.stored_inclusive_grid_mask' depends on axioms: [propext, Classical.choice, Quot.sound]
PASS experiments/hermite-polynomial/precision/piecewise-kernel-uniform-c20/UniformThresholds.lean
BEGIN experiments/hermite-polynomial/precision/piecewise-kernel-uniform-c20/ConsumerChecks.lean
warning: verso: repository '.\.lake/packages\verso' has local changes
'HermitePiecewiseUniform.actual_source_mask_consumers' depends on axioms: [propext, Classical.choice, Quot.sound]
'HermitePiecewiseUniform.same_returned_maxBond' depends on axioms: [propext, Classical.choice, Quot.sound]
'HermitePiecewiseUniform.same_returned_storage' depends on axioms: [propext, Classical.choice, Quot.sound]
'HermitePiecewiseUniform.inclusive_N_endpoint' depends on axioms: [propext, Classical.choice, Quot.sound]
'HermitePiecewiseUniform.zero_endpoint' depends on axioms: [propext, Classical.choice, Quot.sound]
PASS experiments/hermite-polynomial/precision/piecewise-kernel-uniform-c20/ConsumerChecks.lean
ALL PRE-GATE SOURCE/SEAL/INHERITED BINDINGS UNCHANGED

