warning: verso: repository '.\.lake/packages\verso' has local changes
'HermitePiecewiseUniform.scan_spec' depends on axioms: [propext, Classical.choice, Quot.sound]
'HermitePiecewiseUniform.readout_scan' depends on axioms: [propext, Classical.choice, Quot.sound]
'HermitePiecewiseUniform.comparison_mask_contract' depends on axioms: [propext, Classical.choice, Quot.sound]
experiments/hermite-polynomial/precision/piecewise-kernel-uniform-c20/UniformComparison.lean:127:16: error: Tactic `rfl` failed: The left-hand side
  1
is not definitionally equal to the right-hand side
  ↑1

case pos
cut q : ℕ
bit : Fin 2
a b : Fin 3
h✝¹ : ↑bit < cut / 2 ^ q % 2
h✝ : 0 = b
⊢ 1 = ↑1
experiments/hermite-polynomial/precision/piecewise-kernel-uniform-c20/UniformComparison.lean:127:16: error: Tactic `rfl` failed: The left-hand side
  0
is not definitionally equal to the right-hand side
  ↑0

case neg
cut q : ℕ
bit : Fin 2
a b : Fin 3
h✝¹ : ↑bit < cut / 2 ^ q % 2
h✝ : ¬0 = b
⊢ 0 = ↑0
experiments/hermite-polynomial/precision/piecewise-kernel-uniform-c20/UniformComparison.lean:127:16: error: Tactic `rfl` failed: The left-hand side
  1
is not definitionally equal to the right-hand side
  ↑1

case pos
cut q : ℕ
bit : Fin 2
a b : Fin 3
h✝² : ¬↑bit < cut / 2 ^ q % 2
h✝¹ : cut / 2 ^ q % 2 < ↑bit
h✝ : 2 = b
⊢ 1 = ↑1
experiments/hermite-polynomial/precision/piecewise-kernel-uniform-c20/UniformComparison.lean:127:16: error: Tactic `rfl` failed: The left-hand side
  0
is not definitionally equal to the right-hand side
  ↑0

case neg
cut q : ℕ
bit : Fin 2
a b : Fin 3
h✝² : ¬↑bit < cut / 2 ^ q % 2
h✝¹ : cut / 2 ^ q % 2 < ↑bit
h✝ : ¬2 = b
⊢ 0 = ↑0
experiments/hermite-polynomial/precision/piecewise-kernel-uniform-c20/UniformComparison.lean:127:16: error: Tactic `rfl` failed: The left-hand side
  1
is not definitionally equal to the right-hand side
  ↑1

case pos
cut q : ℕ
bit : Fin 2
a b : Fin 3
h✝² : ¬↑bit < cut / 2 ^ q % 2
h✝¹ : ¬cut / 2 ^ q % 2 < ↑bit
h✝ : a = b
⊢ 1 = ↑1
experiments/hermite-polynomial/precision/piecewise-kernel-uniform-c20/UniformComparison.lean:127:16: error: Tactic `rfl` failed: The left-hand side
  0
is not definitionally equal to the right-hand side
  ↑0

case neg
cut q : ℕ
bit : Fin 2
a b : Fin 3
h✝² : ¬↑bit < cut / 2 ^ q % 2
h✝¹ : ¬cut / 2 ^ q % 2 < ↑bit
h✝ : ¬a = b
⊢ 0 = ↑0
experiments/hermite-polynomial/precision/piecewise-kernel-uniform-c20/UniformComparison.lean:197:2: error: Tactic `simp` failed with a nested error:
(deterministic) timeout at `isDefEq`, maximum number of heartbeats (200000) has been reached

Note: Use `set_option maxHeartbeats <num>` to set the limit.

Hint: Additional diagnostic information may be available using the `set_option diagnostics true` command.
experiments/hermite-polynomial/precision/piecewise-kernel-uniform-c20/UniformComparison.lean:202:2: error: Tactic `simp` failed with a nested error:
(deterministic) timeout at `isDefEq`, maximum number of heartbeats (200000) has been reached

Note: Use `set_option maxHeartbeats <num>` to set the limit.

Hint: Additional diagnostic information may be available using the `set_option diagnostics true` command.
'HermitePiecewiseUniform.generated_window' depends on axioms: [propext, sorryAx, Classical.choice, Quot.sound]
'HermitePiecewiseUniform.produceComparison_refines' depends on axioms: [propext, sorryAx, Classical.choice, Quot.sound]
'HermitePiecewiseUniform.stored_comparison_contract' depends on axioms: [propext, sorryAx, Classical.choice, Quot.sound]
'HermitePiecewiseUniform.produceComparison_cost' depends on axioms: [propext, Classical.choice, Quot.sound]
'HermitePiecewiseUniform.produceComparison_quotients' depends on axioms: [propext,
 sorryAx,
 Classical.choice,
 Quot.sound]
'HermitePiecewiseUniform.produceComparison_remainders' depends on axioms: [propext,
 sorryAx,
 Classical.choice,
 Quot.sound]

