warning: verso: repository '.\.lake/packages\verso' has local changes
'HermitePiecewiseUniform.scan_spec' depends on axioms: [propext, Classical.choice, Quot.sound]
'HermitePiecewiseUniform.readout_scan' depends on axioms: [propext, Classical.choice, Quot.sound]
'HermitePiecewiseUniform.comparison_mask_contract' depends on axioms: [propext, Classical.choice, Quot.sound]
experiments/hermite-polynomial/precision/piecewise-kernel-uniform-c20/UniformComparison.lean:199:48: error(lean.unknownIdentifier): Unknown identifier `α`
experiments/hermite-polynomial/precision/piecewise-kernel-uniform-c20/UniformComparison.lean:204:2: error: omega could not prove the goal:
a possible counterexample may satisfy the constraints
  b ≥ 0
  a ≥ 0
  18*a - b ≥ -17
where
 a := ↑n
 b := ↑(collectIndexed fun q =>
      collectIndexed fun a =>
        collectIndexed fun j =>
          generatedEntry cut (↑q) (finProdFinEquiv.symm j).1 a (finProdFinEquiv.symm j).2).quotientCalls
experiments/hermite-polynomial/precision/piecewise-kernel-uniform-c20/UniformComparison.lean:202:31: warning: This simp argument is unused:
  hcollect

Hint: Omit it from the simp argument list.
  [apply] simp only [comparisonTables, generatedTable, he]

Note: This linter can be disabled with `set_option linter.unusedSimpArgs false`
experiments/hermite-polynomial/precision/piecewise-kernel-uniform-c20/UniformComparison.lean:202:57: warning: This simp argument is unused:
  he

Hint: Omit it from the simp argument list.
  [apply] simp only [comparisonTables, hcollect, generatedTable]

Note: This linter can be disabled with `set_option linter.unusedSimpArgs false`
experiments/hermite-polynomial/precision/piecewise-kernel-uniform-c20/UniformComparison.lean:210:48: error(lean.unknownIdentifier): Unknown identifier `α`
experiments/hermite-polynomial/precision/piecewise-kernel-uniform-c20/UniformComparison.lean:215:2: error: omega could not prove the goal:
a possible counterexample may satisfy the constraints
  b ≥ 0
  a ≥ 0
  18*a - b ≥ -17
where
 a := ↑n
 b := ↑(collectIndexed fun q =>
      collectIndexed fun a =>
        collectIndexed fun j =>
          generatedEntry cut (↑q) (finProdFinEquiv.symm j).1 a (finProdFinEquiv.symm j).2).remainderCalls
experiments/hermite-polynomial/precision/piecewise-kernel-uniform-c20/UniformComparison.lean:213:31: warning: This simp argument is unused:
  hcollect

Hint: Omit it from the simp argument list.
  [apply] simp only [comparisonTables, generatedTable, he]

Note: This linter can be disabled with `set_option linter.unusedSimpArgs false`
experiments/hermite-polynomial/precision/piecewise-kernel-uniform-c20/UniformComparison.lean:213:57: warning: This simp argument is unused:
  he

Hint: Omit it from the simp argument list.
  [apply] simp only [comparisonTables, hcollect, generatedTable]

Note: This linter can be disabled with `set_option linter.unusedSimpArgs false`
'HermitePiecewiseUniform.generated_window' depends on axioms: [propext, Classical.choice, Quot.sound]
'HermitePiecewiseUniform.produceComparison_refines' depends on axioms: [propext, Classical.choice, Quot.sound]
'HermitePiecewiseUniform.stored_comparison_contract' depends on axioms: [propext, Classical.choice, Quot.sound]
'HermitePiecewiseUniform.produceComparison_cost' depends on axioms: [propext, Classical.choice, Quot.sound]
'HermitePiecewiseUniform.produceComparison_quotients' depends on axioms: [propext,
 sorryAx,
 Classical.choice,
 Quot.sound]
'HermitePiecewiseUniform.produceComparison_remainders' depends on axioms: [propext,
 sorryAx,
 Classical.choice,
 Quot.sound]

