warning: verso: repository '.\.lake/packages\verso' has local changes
experiments/hermite-polynomial/precision/piecewise-kernel-uniform-c20/UniformComparison.lean:46:27: warning: This simp argument is unused:
  show ¬cut / 2 < wordValue x.2 by omega

Hint: Omit it from the simp argument list.
  [apply] simp [finish, hl, h]

Note: This linter can be disabled with `set_option linter.unusedSimpArgs false`
experiments/hermite-polynomial/precision/piecewise-kernel-uniform-c20/UniformComparison.lean:72:41: error(lean.unknownIdentifier): Unknown constant `Rat.cast_ite`
experiments/hermite-polynomial/precision/piecewise-kernel-uniform-c20/UniformComparison.lean:72:55: warning: This simp argument is unused:
  Rat.cast_one

Hint: Omit it from the simp argument list.
  [apply] simp only [MatrixProductChain.readout, Matrix.mulVec, dotProduct, comparisonKernel, comparisonEntry,
    Rat.cast_ite, Rat.cast_zero, ih]

Note: This linter can be disabled with `set_option linter.unusedSimpArgs false`
experiments/hermite-polynomial/precision/piecewise-kernel-uniform-c20/UniformComparison.lean:72:69: warning: This simp argument is unused:
  Rat.cast_zero

Hint: Omit it from the simp argument list.
  [apply] simp only [MatrixProductChain.readout, Matrix.mulVec, dotProduct, comparisonKernel, comparisonEntry,
    Rat.cast_ite, Rat.cast_one, ih]

Note: This linter can be disabled with `set_option linter.unusedSimpArgs false`
experiments/hermite-polynomial/precision/piecewise-kernel-uniform-c20/UniformComparison.lean:91:30: warning: This simp argument is unused:
  if_pos rfl

Hint: Omit it from the simp argument list.
  [apply] simp only [equalBoundary, one_mul, readout_scan, pow_zero, Nat.div_one]

Note: This linter can be disabled with `set_option linter.unusedSimpArgs false`
experiments/hermite-polynomial/precision/piecewise-kernel-uniform-c20/UniformComparison.lean:91:42: warning: This simp argument is unused:
  one_mul

Hint: Omit it from the simp argument list.
  [apply] simp only [equalBoundary, if_pos rfl, readout_scan, pow_zero, Nat.div_one]

Note: This linter can be disabled with `set_option linter.unusedSimpArgs false`
experiments/hermite-polynomial/precision/piecewise-kernel-uniform-c20/UniformComparison.lean:95:30: warning: This simp argument is unused:
  hz

Hint: Omit it from the simp argument list.
  [apply] simp [acceptBoundary, hN, wordValue_lt]

Note: This linter can be disabled with `set_option linter.unusedSimpArgs false`
'HermitePiecewiseUniform.scan_spec' depends on axioms: [propext, Classical.choice, Quot.sound]
'HermitePiecewiseUniform.readout_scan' depends on axioms: [propext, Classical.choice, Quot.sound]
'HermitePiecewiseUniform.comparison_mask_contract' depends on axioms: [propext, Classical.choice, Quot.sound]

