warning: verso: repository '<repo>\.lake/packages\verso' has local changes
experiments/hermite-polynomial/precision/literal-complex-adapter/BasisCompatibility.lean:20:8: error: Type mismatch: After simplification, term
  ih (fun w => b w.succ) w
 has type
  (↑((primitiveBasisLEEquiv n) fun w => b w.succ)).testBit ↑w = decide (b w.succ = 1)
but is expected to have type
  (Nat.bit (decide (b 0 = 1)) ↑((primitiveBasisLEEquiv n) fun w => b w.succ)).testBit (↑w + 1) = decide (b w.succ = 1)
experiments/hermite-polynomial/precision/literal-complex-adapter/BasisCompatibility.lean:25:2: error: `simp` made no progress

Note: The target expression is not type-correct under the `implicit` transparency level, which may have triggered the failure. This is usually caused by unfolding of semireducible definitions in prior tactic steps. Use `set_option linter.tacticCheckInstances true` to investigate the source of the issue.
Full error:
  Application type mismatch: The argument
    i
  has type
    Basis width
  but is expected to have type
    Fin (gridSize width)
  in the application
    (primitiveBasisLEEquiv width).symm i
experiments/hermite-polynomial/precision/literal-complex-adapter/BasisCompatibility.lean:37:29: error(lean.unknownIdentifier): Unknown identifier `Function.update_same`
experiments/hermite-polynomial/precision/literal-complex-adapter/BasisCompatibility.lean:39:22: error: Tactic `rfl` failed: The left-hand side
  if (!false) = true then 1 else 0
is not definitionally equal to the right-hand side
  Function.update ((primitiveBasisLEEquiv width).symm i) q (flipBit (if false = true then 1 else 0)) q

case pos.false
width : ℕ
i : Basis width
q : Fin width
⊢ (if (!false) = true then 1 else 0) =
    Function.update ((primitiveBasisLEEquiv width).symm i) q (flipBit (if false = true then 1 else 0)) q
experiments/hermite-polynomial/precision/literal-complex-adapter/BasisCompatibility.lean:39:22: error: Tactic `rfl` failed: The left-hand side
  if (!true) = true then 1 else 0
is not definitionally equal to the right-hand side
  Function.update ((primitiveBasisLEEquiv width).symm i) q (flipBit (if true = true then 1 else 0)) q

case pos.true
width : ℕ
i : Basis width
q : Fin width
⊢ (if (!true) = true then 1 else 0) =
    Function.update ((primitiveBasisLEEquiv width).symm i) q (flipBit (if true = true then 1 else 0)) q
