warning: verso: repository '<repo>\.lake/packages\verso' has local changes
experiments/hermite-polynomial/precision/literal-complex-adapter/BasisCompatibility.lean:6:5: error: unexpected token 'attribute'; expected 'add_aesop_rules', 'binder_predicate', 'builtin_cbv_simproc', 'builtin_dsimproc', 'builtin_simproc', 'cbv_simproc', 'def_eval_config_item', 'dsimproc', 'elab', 'elab_rules', 'grind_pattern', 'infix', 'infixl', 'infixr', 'instance', 'macro', 'macro_rules', 'notation', 'notation3', 'postfix', 'prefix', 'simproc', 'syntax' or 'unif_hint'
experiments/hermite-polynomial/precision/literal-complex-adapter/BasisCompatibility.lean:6:17: error: failed to set reducibility status, `gridSize` has not been defined in this file, consider using the `local` modifier

Note: Use `set_option allowUnsafeReducibility true` to override reducibility status validation
experiments/hermite-polynomial/precision/literal-complex-adapter/BasisCompatibility.lean:17:48: warning: Used `tac1 <;> tac2` where `(tac1; tac2)` would suffice

Note: This linter can be disabled with `set_option linter.unnecessarySeqFocus false`
experiments/hermite-polynomial/precision/literal-complex-adapter/BasisCompatibility.lean:26:2: error: `simp` made no progress

Note: The target expression is not type-correct under the `implicit` transparency level, which may have triggered the failure. This is usually caused by unfolding of semireducible definitions in prior tactic steps. Use `set_option linter.tacticCheckInstances true` to investigate the source of the issue.
Full error:
  Application type mismatch: The argument
    i
  has type
    Basis width
  but is expected to have type
    Fin (gridSize width)
  in the application
    (primitiveBasisLEEquiv width).symm i
experiments/hermite-polynomial/precision/literal-complex-adapter/BasisCompatibility.lean:58:2: error: unsolved goals
case fst.true
width : ℕ
i : Basis width
q : Fin width
h : bit q i = true
⊢ bit q (HermiteSavedStageInterpreter.flip q i) = false
experiments/hermite-polynomial/precision/literal-complex-adapter/BasisCompatibility.lean:59:40: warning: This simp argument is unused:
  decode_flip

Hint: Omit it from the simp argument list.
  [apply] simp [low, h, xBasisAction, decode_bit]

Note: This linter can be disabled with `set_option linter.unusedSimpArgs false`
experiments/hermite-polynomial/precision/literal-complex-adapter/BasisCompatibility.lean:59:53: warning: This simp argument is unused:
  xBasisAction

Hint: Omit it from the simp argument list.
  [apply] simp [low, h, decode_flip, decode_bit]

Note: This linter can be disabled with `set_option linter.unusedSimpArgs false`
experiments/hermite-polynomial/precision/literal-complex-adapter/BasisCompatibility.lean:72:2: error: unsolved goals
case fst.false
width : ℕ
i : Basis width
q : Fin width
h : bit q i = false
⊢ bit q (HermiteSavedStageInterpreter.flip q i) = true
experiments/hermite-polynomial/precision/literal-complex-adapter/BasisCompatibility.lean:73:41: warning: This simp argument is unused:
  decode_flip

Hint: Omit it from the simp argument list.
  [apply] simp [high, h, xBasisAction, decode_bit]

Note: This linter can be disabled with `set_option linter.unusedSimpArgs false`
experiments/hermite-polynomial/precision/literal-complex-adapter/BasisCompatibility.lean:73:54: warning: This simp argument is unused:
  xBasisAction

Hint: Omit it from the simp argument list.
  [apply] simp [high, h, decode_flip, decode_bit]

Note: This linter can be disabled with `set_option linter.unusedSimpArgs false`
