warning: verso: repository '<repo>\.lake/packages\verso' has local changes
experiments/hermite-polynomial/precision/literal-complex-adapter/ConsumerChecks.lean:46:45: error: elaboration function for `Mathlib.Tactic.subscriptTerm` has not been implemented
  ᵥ
experiments/hermite-polynomial/precision/literal-complex-adapter/ConsumerChecks.lean:48:51: error: elaboration function for `Mathlib.Tactic.subscriptTerm` has not been implemented
  ᵥ
experiments/hermite-polynomial/precision/literal-complex-adapter/ConsumerChecks.lean:67:70: error: Ambiguous term
  flip
Possible interpretations:
  _root_.flip : (?m.25 → ?m.26 → ?m.27) → ?m.26 → ?m.25 → ?m.27
  
  HermiteSavedStageInterpreter.flip : Fin ?m.25 → Basis ?m.25 → Basis ?m.25
experiments/hermite-polynomial/precision/literal-complex-adapter/ConsumerChecks.lean:66:43: error: unsolved goals
theta : ℚ
⊢ ↑(List.foldl
        (fun m g =>
          match g with
          | Instruction.ry theta q => fun i j =>
            if ↑i % 2 = 1 then
              Real.sin (↑theta / 2) * m (if ↑i % 2 = 1 then HermiteSavedStageInterpreter.flip q i else i) j +
                Real.cos (↑theta / 2) * m (if ↑i % 2 = 1 then i else HermiteSavedStageInterpreter.flip q i) j
            else
              Real.cos (↑theta / 2) * m (if ↑i % 2 = 1 then HermiteSavedStageInterpreter.flip q i else i) j -
                Real.sin (↑theta / 2) * m (if ↑i % 2 = 1 then i else HermiteSavedStageInterpreter.flip q i) j
          | Instruction.cx c t distinct => fun i j => m (cxRow c t i) j)
        (fun i j =>
          if ↑i % 2 = 1 then
            (if (if ↑i % 2 = 1 then HermiteSavedStageInterpreter.flip 0 i else i) = j then Real.sin (↑theta / 2)
              else 0) +
              if (if ↑i % 2 = 1 then i else HermiteSavedStageInterpreter.flip 0 i) = j then Real.cos (↑theta / 2) else 0
          else
            (if (if ↑i % 2 = 1 then HermiteSavedStageInterpreter.flip 0 i else i) = j then Real.cos (↑theta / 2)
              else 0) -
              if (if ↑i % 2 = 1 then i else HermiteSavedStageInterpreter.flip 0 i) = j then Real.sin (↑theta / 2)
              else 0)
        [] 0 1) =
    -Complex.sin (↑theta / 2)
experiments/hermite-polynomial/precision/literal-complex-adapter/ConsumerChecks.lean:72:70: error: Ambiguous term
  flip
Possible interpretations:
  _root_.flip : (?m.23 → ?m.24 → ?m.25) → ?m.24 → ?m.23 → ?m.25
  
  HermiteSavedStageInterpreter.flip : Fin ?m.23 → Basis ?m.23 → Basis ?m.23
experiments/hermite-polynomial/precision/literal-complex-adapter/ConsumerChecks.lean:71:42: error: unsolved goals
theta : ℚ
⊢ ↑(List.foldl
        (fun m g =>
          match g with
          | Instruction.ry theta q => fun i j =>
            if ↑i % 2 = 1 then
              Real.sin (↑theta / 2) * m (if ↑i % 2 = 1 then HermiteSavedStageInterpreter.flip q i else i) j +
                Real.cos (↑theta / 2) * m (if ↑i % 2 = 1 then i else HermiteSavedStageInterpreter.flip q i) j
            else
              Real.cos (↑theta / 2) * m (if ↑i % 2 = 1 then HermiteSavedStageInterpreter.flip q i else i) j -
                Real.sin (↑theta / 2) * m (if ↑i % 2 = 1 then i else HermiteSavedStageInterpreter.flip q i) j
          | Instruction.cx c t distinct => fun i j => m (cxRow c t i) j)
        (fun i j =>
          if ↑i % 2 = 1 then
            (if (if ↑i % 2 = 1 then HermiteSavedStageInterpreter.flip 0 i else i) = j then Real.sin (↑theta / 2)
              else 0) +
              if (if ↑i % 2 = 1 then i else HermiteSavedStageInterpreter.flip 0 i) = j then Real.cos (↑theta / 2) else 0
          else
            (if (if ↑i % 2 = 1 then HermiteSavedStageInterpreter.flip 0 i else i) = j then Real.cos (↑theta / 2)
              else 0) -
              if (if ↑i % 2 = 1 then i else HermiteSavedStageInterpreter.flip 0 i) = j then Real.sin (↑theta / 2)
              else 0)
        [] 1 0) =
    Complex.sin (↑theta / 2)
'HermiteLiteralComplexAdapter.realWord_eq_primitive' depends on axioms: [propext, Classical.choice, Quot.sound]
'HermiteLiteralComplexAdapter.primitive_entry_enclosure' depends on axioms: [propext, Classical.choice, Quot.sound]
'HermiteLiteralComplexAdapter.arbitrary_complex_input_consumer' depends on axioms: [propext,
 sorryAx,
 Classical.choice,
 Quot.sound]
