experiments/hermite-polynomial/precision/radius-supplier/RadiusSupplier.lean:156:54: warning: Variable name `hepsilon` is not explicitly referenced.

Hint: The binding can be removed (if unused) or named `_` (if used implicitly). Alternatively, prefix the name with `_` to silence this warning:
  [apply] _hepsilon

Note: This linter can be disabled with `set_option linter.unusedVariables false`
experiments/hermite-polynomial/precision/radius-supplier/RadiusSupplier.lean:161:56: warning: Variable name `hepsilon` is not explicitly referenced.

Hint: The binding can be removed (if unused) or named `_` (if used implicitly). Alternatively, prefix the name with `_` to silence this warning:
  [apply] _hepsilon

Note: This linter can be disabled with `set_option linter.unusedVariables false`
experiments/hermite-polynomial/precision/radius-supplier/RadiusSupplier.lean:212:42: warning: Variable name `hL` is not explicitly referenced.

Hint: The binding can be removed (if unused) or named `_` (if used implicitly). Alternatively, prefix the name with `_` to silence this warning:
  [apply] _hL

Note: This linter can be disabled with `set_option linter.unusedVariables false`
experiments/hermite-polynomial/precision/radius-supplier/RadiusSupplier.lean:242:57: warning: Variable name `hepsilon` is not explicitly referenced.

Hint: The binding can be removed (if unused) or named `_` (if used implicitly). Alternatively, prefix the name with `_` to silence this warning:
  [apply] _hepsilon

Note: This linter can be disabled with `set_option linter.unusedVariables false`
experiments/hermite-polynomial/precision/radius-supplier/RadiusSupplier.lean:247:59: warning: Variable name `hepsilon` is not explicitly referenced.

Hint: The binding can be removed (if unused) or named `_` (if used implicitly). Alternatively, prefix the name with `_` to silence this warning:
  [apply] _hepsilon

Note: This linter can be disabled with `set_option linter.unusedVariables false`
'QuantumBlockEncoding.ExperimentalRadiusSupplier.atan_remainder_sharp' depends on axioms: [propext,
 Classical.choice,
 Quot.sound]
'QuantumBlockEncoding.ExperimentalRadiusSupplier.atan_remainder_geometric' depends on axioms: [propext,
 Classical.choice,
 Quot.sound]
'QuantumBlockEncoding.ExperimentalRadiusSupplier.atan_remainder' depends on axioms: [propext,
 Classical.choice,
 Quot.sound]
'QuantumBlockEncoding.ExperimentalRadiusSupplier.atanSum_cast' depends on axioms: [propext,
 Classical.choice,
 Quot.sound]
'QuantumBlockEncoding.ExperimentalRadiusSupplier.piApprox_error' depends on axioms: [propext,
 Classical.choice,
 Quot.sound]
'QuantumBlockEncoding.ExperimentalRadiusSupplier.piApprox_positive' depends on axioms: [propext,
 Classical.choice,
 Quot.sound]
'QuantumBlockEncoding.ExperimentalRadiusSupplier.radius_budget' depends on axioms: [propext,
 Classical.choice,
 Quot.sound]
'QuantumBlockEncoding.ExperimentalRadiusSupplier.radius_error' depends on axioms: [propext,
 Classical.choice,
 Quot.sound]
'QuantumBlockEncoding.ExperimentalRadiusSupplier.radius_positive' depends on axioms: [propext,
 Classical.choice,
 Quot.sound]
'QuantumBlockEncoding.ExperimentalRadiusSupplier.radius_membership' depends on axioms: [propext,
 Classical.choice,
 Quot.sound]
'QuantumBlockEncoding.ExperimentalRadiusSupplier.piApprox_error_geometric' depends on axioms: [propext,
 Classical.choice,
 Quot.sound]
'QuantumBlockEncoding.ExperimentalRadiusSupplier.logRadius_budget' depends on axioms: [propext,
 Classical.choice,
 Quot.sound]
'QuantumBlockEncoding.ExperimentalRadiusSupplier.logRadius_error' depends on axioms: [propext,
 Classical.choice,
 Quot.sound]
'QuantumBlockEncoding.ExperimentalRadiusSupplier.logRadius_positive' depends on axioms: [propext,
 Classical.choice,
 Quot.sound]
'QuantumBlockEncoding.ExperimentalRadiusSupplier.logRadius_membership' depends on axioms: [propext,
 Classical.choice,
 Quot.sound]
'QuantumBlockEncoding.ExperimentalRadiusSupplier.logTermCount_size' depends on axioms: [propext,
 Classical.choice,
 Quot.sound]
warning: verso: repository '<repo>\.lake/packages\verso' has local changes
