experiments/hermite-polynomial/precision/radius-stability/RadiusStability.lean:244:51: warning: Variable name `hL` is not explicitly referenced.

Hint: The binding can be removed (if unused) or named `_` (if used implicitly). Alternatively, prefix the name with `_` to silence this warning:
  [apply] _hL

Note: This linter can be disabled with `set_option linter.unusedVariables false`
experiments/hermite-polynomial/precision/radius-stability/RadiusStability.lean:245:16: warning: Variable name `hRhat` is not explicitly referenced.

Hint: The binding can be removed (if unused) or named `_` (if used implicitly). Alternatively, prefix the name with `_` to silence this warning:
  [apply] _hRhat

Note: This linter can be disabled with `set_option linter.unusedVariables false`
'QuantumBlockEncoding.ExperimentalRadiusStability.sourceLipschitzConstant_ge_one' depends on axioms: [propext,
 Classical.choice,
 Quot.sound]
'QuantumBlockEncoding.ExperimentalRadiusStability.unit_power_difference' depends on axioms: [propext,
 Classical.choice,
 Quot.sound]
'QuantumBlockEncoding.ExperimentalRadiusStability.basis_difference' depends on axioms: [propext,
 Classical.choice,
 Quot.sound]
'QuantumBlockEncoding.ExperimentalRadiusStability.sourceInterpolant_lipschitz' depends on axioms: [propext,
 Classical.choice,
 Quot.sound]
'QuantumBlockEncoding.ExperimentalRadiusStability.exp_nonpositive_difference' depends on axioms: [propext,
 Classical.choice,
 Quot.sound]
'QuantumBlockEncoding.ExperimentalRadiusStability.smoothInitial_left_closed' depends on axioms: [propext,
 Classical.choice,
 Quot.sound]
'QuantumBlockEncoding.ExperimentalRadiusStability.smoothInitial_right_closed' depends on axioms: [propext,
 Classical.choice,
 Quot.sound]
'QuantumBlockEncoding.ExperimentalRadiusStability.smoothInitial_middle_difference' depends on axioms: [propext,
 Classical.choice,
 Quot.sound]
'QuantumBlockEncoding.ExperimentalRadiusStability.smoothInitial_left_difference' depends on axioms: [propext,
 Classical.choice,
 Quot.sound]
'QuantumBlockEncoding.ExperimentalRadiusStability.smoothInitial_right_difference' depends on axioms: [propext,
 Classical.choice,
 Quot.sound]
'QuantumBlockEncoding.ExperimentalRadiusStability.smoothInitial_ordered_difference' depends on axioms: [propext,
 Classical.choice,
 Quot.sound]
'QuantumBlockEncoding.ExperimentalRadiusStability.smoothInitial_lipschitz' depends on axioms: [propext,
 Classical.choice,
 Quot.sound]
'QuantumBlockEncoding.ExperimentalRadiusStability.radius_grid_difference' depends on axioms: [propext,
 Classical.choice,
 Quot.sound]
'QuantumBlockEncoding.ExperimentalRadiusStability.radiusVector_error' depends on axioms: [propext,
 Classical.choice,
 Quot.sound]
'QuantumBlockEncoding.ExperimentalRadiusStability.radiusVector_source' depends on axioms: [propext,
 Classical.choice,
 Quot.sound]
'QuantumBlockEncoding.ExperimentalRadiusStability.normalized_radius_error' depends on axioms: [propext,
 Classical.choice,
 Quot.sound]
warning: verso: repository '<repo>\.lake/packages\verso' has local changes
