experiments/hermite-polynomial/precision/nonunitary-transport/NonunitaryTransport.lean:45:0: warning: automatically included section variable(s) unused in theorem `QuantumBlockEncoding.ExperimentalNonunitaryTransport.growth_ge_one`:
  [NormOneClass R]
consider restructuring your `variable` declarations so that the variables are not in scope or explicitly omit them:
  omit [NormOneClass R] in theorem ...

Note: This linter can be disabled with `set_option linter.unusedSectionVars false`
QuantumBlockEncoding.ExperimentalNonunitaryTransport.growth_ge_one.{u_1} {R : Type u_1} [NormedRing R] [NormOneClass R]
  (stages : List (Stage R)) (h : Valid stages) : 1 ≤ growth stages
QuantumBlockEncoding.ExperimentalNonunitaryTransport.nominalProduct_norm_le_one.{u_1} {R : Type u_1} [NormedRing R]
  [NormOneClass R] (stages : List (Stage R)) (h : Valid stages) : ‖nominalProduct stages‖ ≤ 1
QuantumBlockEncoding.ExperimentalNonunitaryTransport.surrogateProduct_norm_le_growth.{u_1} {R : Type u_1} [NormedRing R]
  [NormOneClass R] (stages : List (Stage R)) (h : Valid stages) : ‖surrogateProduct stages‖ ≤ growth stages
QuantumBlockEncoding.ExperimentalNonunitaryTransport.product_error_le.{u_1} {R : Type u_1} [NormedRing R]
  [NormOneClass R] (stages : List (Stage R)) (h : Valid stages) :
  ‖surrogateProduct stages - nominalProduct stages‖ ≤ growth stages - 1
'QuantumBlockEncoding.ExperimentalNonunitaryTransport.growth_ge_one' depends on axioms: [propext,
 Classical.choice,
 Quot.sound]
'QuantumBlockEncoding.ExperimentalNonunitaryTransport.nominalProduct_norm_le_one' depends on axioms: [propext,
 Classical.choice,
 Quot.sound]
'QuantumBlockEncoding.ExperimentalNonunitaryTransport.surrogateProduct_norm_le_growth' depends on axioms: [propext,
 Classical.choice,
 Quot.sound]
'QuantumBlockEncoding.ExperimentalNonunitaryTransport.product_error_le' depends on axioms: [propext,
 Classical.choice,
 Quot.sound]
'QuantumBlockEncoding.ExperimentalNonunitaryTransport.expanding_valid' depends on axioms: [propext,
 Classical.choice,
 Quot.sound]
'QuantumBlockEncoding.ExperimentalNonunitaryTransport.expanding_discriminator' depends on axioms: [propext,
 Classical.choice,
 Quot.sound]
warning: verso: repository '<repo>\.lake/packages\verso' has local changes
